******************************************************************************
              TMS320C55x Linker PC v4.4.1                      
******************************************************************************
>> Linked Tue Nov 16 19:09:10 2021

OUTPUT FILE NAME:   <Vezba4.out>
ENTRY POINT SYMBOL: "_c_int00"  address: 00024abd


MEMORY CONFIGURATION

         name            origin    length      used     unused   attr    fill
                        (bytes)   (bytes)    (bytes)   (bytes)
----------------------  --------  ---------  --------  --------  ----  --------
PAGE 0:
  MMR                   00000000   000000c0  00000000  000000c0  RWIX
  DARAM0                000000c0   0000ff40  0000cb46  000033fa  RWIX
  SARAM0                00010000   00010000  00000000  00010000  RWIX
  SARAM1                00020000   00020000  00004bdf  0001b421  RWIX
  SARAM2                00040000   0000fe00  0000035c  0000faa4  RWIX
  VECS                  0004fe00   00000200  00000100  00000100  RWIX
  PDROM                 00ff8000   00008000  00000000  00008000  R IX

PAGE 2:
  IOPORT                00000000   00020000  00000000  00020000  RWI 


SECTION ALLOCATION MAP
(Addresses surrounded by []'s are displayed for convenience only!)

output                                                          attributes/
section   page  orgn(bytes) orgn(words) len(bytes) len(words)   input sections
--------  ----  ----------- ----------- ---------- ----------   --------------
.pinit       0   [ 00040000 ]  00020000          *   00000000   UNINITIALIZED

.stack       0   [ 000000c0 ]  00000060          *   00001000   UNINITIALIZED
                 [ 000000c0 ]  00000060          *   00001000   --HOLE--

.data        0   [ 000000c0 ]  00000060          *   00000000   UNINITIALIZED

.sysstack 
*            0   [ 000020c0 ]  00001060          *   00000800   UNINITIALIZED
                 [ 000020c0 ]  00001060          *   00000800   --HOLE--

.bss.1       0   [ 000030c0 ]  00001860          *   00003a8d   UNINITIALIZED
                 [ 000030c0 ]  00001860          *   00002000   ezdsp5535_aic3204_dma.obj (.bss)
                 [ 000070c0 ]  00003860          *   000018a3   main.obj (.bss)
                 [ 0000a206 ]  00005103          *   00000001   rts55x.lib : fopen.obj (.bss)
                 [ 0000a208 ]  00005104          *   00000119              : defs.obj (.bss)
                 [ 0000a43a ]  0000521d          *   000000d0              : trgdrv.obj (.bss)

.bss.2       0   [ 0000a5dc ]  000052ee          *   00000071   UNINITIALIZED
                 [ 0000a5dc ]  000052ee          *   00000071   rts55x.lib : lowlev.obj (.bss)

.bss.3       0   [ 0000a6c0 ]  00005360          *   0000000b   UNINITIALIZED
                 [ 0000a6c0 ]  00005360          *   00000006   rts55x.lib : memory.obj (.bss)
                 [ 0000a6cc ]  00005366          *   00000005   aic3204.obj (.bss)

.bss.4       0   [ 0000a6d8 ]  0000536c          *   0000000c   UNINITIALIZED
                 [ 0000a6d8 ]  0000536c          *   00000004   aic3204_init.obj (.bss)
                 [ 0000a6e0 ]  00005370          *   00000004   rts55x.lib : _lock.obj (.bss)
                 [ 0000a6e8 ]  00005374          *   00000004              : exit.obj (.bss)

.sysmem      0   [ 0000a6f0 ]  00005378          *   00001000   UNINITIALIZED
                 [ 0000a6f0 ]  00005378          *   00001000   --HOLE--

.const.1     0   [ 0000c6f0 ]  00006378          *   00000101   
                 [ 0000c6f0 ]  00006378          *   00000101   rts55x.lib : ctype.obj (.const:__ctypes_)

.const.2     0   [ 0000c8f4 ]  0000647a          *   00000077   
                 [ 0000c8f4 ]  0000647a          *   00000077   aic3204_init.obj (.const:.string)

.const.3     0   [ 0000c9e4 ]  000064f2          *   00000067   
                 [ 0000c9e4 ]  000064f2          *   00000067   main.obj (.const:.string)

.const.4     0   [ 0000cab4 ]  0000655a          *   00000073   
                 [ 0000cab4 ]  0000655a          *   0000003a   aic3204.obj (.const:.string)
                 [ 0000cb28 ]  00006594          *   00000039   ezdsp5535_aic3204_dma.obj (.const:.string)

.const.5     0   [ 0000cb9c ]  000065ce          *   0000003c   
                 [ 0000cb9c ]  000065ce          *   00000024   rts55x.lib : _printfi.obj (.const:.string)
                 [ 0000cbe4 ]  000065f2          *   0000000c              : _printfi.obj (.const)
                 [ 0000cbfc ]  000065fe          *   00000008              : divd.obj (.const:_initial_approx$1)
                 [ 0000cc0c ]  00006606          *   00000002              : fputs.obj (.const:.string)
                 [ 0000cc10 ]  00006608          *   00000002              : fltlid.obj (.const)

.text        0     00020000  [ 00010000 ] 00004bdf          *   
                   00020000  [ 00010000 ] 000015a4          *   rts55x.lib : _printfi.obj (.text)
                   000215a4  [ 00010ad2 ] 00000543          *              : lowlev.obj (.text)
                   00021ae7  [ 00010d73+] 00000528          *              : trgdrv.obj (.text)
                   0002200f  [ 00011007+] 000004b5          *              : memory.obj (.text)
                   000224c4  [ 00011262 ] 000003cc          *              : divd.obj (.text)
                   00022890  [ 00011448 ] 000002e0          *   aic3204.obj (.text)
                   00022b70  [ 000115b8 ] 0000027f          *   rts55x.lib : fopen.obj (.text)
                   00022def  [ 000116f7+] 0000025e          *              : llmpy.obj (.text)
                   0002304d  [ 00011826+] 0000025a          *              : addd.obj (.text)
                   000232a7  [ 00011953+] 000001ee          *              : fwrite.obj (.text)
                   00023495  [ 00011a4a+] 000001ea          *              : cmpd.obj (.text)
                   0002367f  [ 00011b3f+] 000001bb          *   ezdsp5535_aic3204_dma.obj (.text)
                   0002383a  [ 00011c1d ] 00000193          *   main.obj (.text)
                   000239cd  [ 00011ce6+] 00000163          *   rts55x.lib : fputs.obj (.text)
                   00023b30  [ 00011d98 ] 0000014c          *              : mpyd.obj (.text)
                   00023c7c  [ 00011e3e ] 0000010f          *              : fread.obj (.text)
                   00023d8b  [ 00011ec5+] 000000e6          *              : setvbuf.obj (.text)
                   00023e71  [ 00011f38+] 000000dd          *              : _io_perm.obj (.text)
                   00023f4e  [ 00011fa7 ] 000000d8          *   aic3204_init.obj (.text)
                   00024026  [ 00012013 ] 000000c2          *   rts55x.lib : fflush.obj (.text)
                   000240e8  [ 00012074 ] 000000ba          *              : trgmsg.obj (.text:CIO_breakpoint)
                   000241a2  [ 000120d1 ] 000000ae          *              : _bufread.obj (.text)
                   00024250  [ 00012128 ] 000000a6          *              : fputc.obj (.text)
                   000242f6  [ 0001217b ] 000000a1          *              : divul.obj (.text)
                   00024397  [ 000121cb+] 0000007d          *   fir.obj (.text)
                   00024414  [ 0001220a ] 0000007d          *   rts55x.lib : ltoa.obj (.text)
                   00024491  [ 00012248+] 0000007b          *              : fclose.obj (.text)
                   0002450c  [ 00012286 ] 00000076          *              : frcmpyd.obj (.text)
                   00024582  [ 000122c1 ] 00000073          *              : frcmpyd_div.obj (.text)
                   000245f5  [ 000122fa+] 00000072          *              : remul.obj (.text)
                   00024667  [ 00012333+] 0000006f          *              : fixdli.obj (.text)
                   000246d6  [ 0001236b ] 0000006d          *              : trgmsg.obj (.text)
                   00024743  [ 000123a1+] 0000006b          *              : fseek.obj (.text)
                   000247ae  [ 000123d7 ] 00000067          *              : fltlid.obj (.text)
                   00024815  [ 0001240a+] 0000005c          *              : atoi.obj (.text)
                   00024871  [ 00012438+] 00000054          *   ezdsp5535bsl.lib : ezdsp5535.obj (.text)
                   000248c5  [ 00012462+] 00000050          *   rts55x.lib : printf.obj (.text)
                   00024915  [ 0001248a+] 0000004d          *              : autoinit.obj (.text)
                   00024962  [ 000124b1 ] 0000004b          *              : args_main.obj (.text)
                   000249ad  [ 000124d6+] 0000004b          *              : remli.obj (.text)
                   000249f8  [ 000124fc ] 00000048          *              : divli.obj (.text)
                   00024a40  [ 00012520 ] 0000003f          *              : memcpy.obj (.text)
                   00024a7f  [ 0001253f+] 0000003e          *              : exit.obj (.text)
                   00024abd  [ 0001255e+] 00000034          *              : boot.obj (.text)
                   00024af1  [ 00012578+] 0000002a          *              : fixdi.obj (.text)
                   00024b1b  [ 0001258d+] 0000002a          *              : udiv.obj (.text)
                   00024b45  [ 000125a2+] 00000023          *              : memccpy.obj (.text)
                   00024b68  [ 000125b4 ] 0000001a          *              : isinf.obj (.text)
                   00024b82  [ 000125c1 ] 00000014          *              : subd.obj (.text)
                   00024b96  [ 000125cb ] 00000013          *              : lmpy.obj (.text)
                   00024ba9  [ 000125d4+] 00000012          *              : _lock.obj (.text)
                   00024bbb  [ 000125dd+] 00000010          *              : negd.obj (.text)
                   00024bcb  [ 000125e5+] 0000000a          *              : remove.obj (.text)
                   00024bd5  [ 000125ea+] 00000007          *              : exit.obj (.text:CIO_breakpoint)
                   00024bdc  [ 000125ee ] 00000002          *              : vectors.obj (.text)
                   00024bde  [ 000125ef ] 00000001          *   --HOLE-- [fill = 20]

.cio         0   [ 00040000 ]  00020000          *   00000120   UNINITIALIZED
                 [ 00040000 ]  00020000          *   00000120   rts55x.lib : trgmsg.obj (.cio)

.cinit       0   [ 00040240 ]  00020120          *   0000008e   
                 [ 00040240 ]  00020120          *   0000002d   rts55x.lib : lowlev.obj (.cinit)
                 [ 0004029a ]  0002014d          *   0000002a              : defs.obj (.cinit)
                 [ 000402ee ]  00020177          *   0000000c   main.obj (.cinit)
                 [ 00040306 ]  00020183          *   0000000a   aic3204_init.obj (.cinit)
                 [ 0004031a ]  0002018d          *   0000000a   rts55x.lib : _lock.obj (.cinit)
                 [ 0004032e ]  00020197          *   0000000a              : exit.obj (.cinit)
                 [ 00040342 ]  000201a1          *   00000004   aic3204.obj (.cinit)
                 [ 0004034a ]  000201a5          *   00000004   rts55x.lib : fopen.obj (.cinit)
                 [ 00040352 ]  000201a9          *   00000004              : memory.obj (.cinit)
                 [ 0004035a ]  000201ad          *   00000001   --HOLE-- [fill = 0]

vectors      0     0004fe00  [ 00027f00 ] 00000100          *   
                   0004fe00  [ 00027f00 ] 00000100          *   rts55x.lib : vectors.obj (vectors)


GLOBAL SYMBOLS: SORTED ALPHABETICALLY BY Name 

abs. value/
byte addr   word addr   name
---------   ---------   ----
00000002                $TI_capability$C5500$CallingConvention
00000002                $TI_capability$C5500$MemoryModel
00000001                $TI_capability_requires_rev3
ffffffff                .bss
ffffffff                .data
ffffffff                .text
00024bd6                C$$EXIT
0002419d                C$$IO$$
00024b96                I$$LMPY
00024b1b                I$$UDIV
00024b30                I$$UMOD
000248b7                _EZDSP5535_init
00024871                _EZDSP5535_wait
000248a5                _EZDSP5535_waitusec
00021fb1                _HOSTclock
00021f46                _HOSTclose
00021e91                _HOSTlseek
00021df2                _HOSTopen
00021d65                _HOSTread
00021cb7                _HOSTrename
00021c59                _HOSTtime
00021bef                _HOSTunlink
00021b62                _HOSTwrite
            000038ac    _InputBufferL
            00003cac    _InputBufferR
            000040ac    _OutputBufferL
            000044ac    _OutputBufferR
0004fe00                _Reset
            00001860    _SimulatorInput
            00002860    _SimulatorOutput
            00020000    __CIOBUF_
            00001060    __STACK_END
00002000                __STACK_SIZE
00002000                __SYSMEM_SIZE
00001000                __SYSSTACK_SIZE
00000001                __TI_args_main
ffffffff                ___binit__
ffffffff                ___bss__
ffffffff                ___c_args__
            00020120    ___cinit__
ffffffff                ___data__
ffffffff                ___edata__
ffffffff                ___end__
ffffffff                ___etext__
00024b68                ___isinf
ffffffff                ___pinit__
ffffffff                ___text__
0002304d                __addd
00024962                __args_main
000241a2                __buff_read
00022c91                __cleanup
            00005374    __cleanup_ptr
00023627                __cmpd
            00006378    __ctypes_
000224c4                __divd
000249f8                __divli
00023018                __divlli
00024b1b                __divu
000242f6                __divul
00022f24                __divull
00024026                __doflush
            00005376    __dtors_ptr
000235f3                __eqld
00024af1                __fixdi
00024667                __fixdli
000247ae                __fltlid
0002450c                __frcmpyd
00024582                __frcmpyd_div
            0000521c    __ft_end
            00005104    __ftable
000235a9                __geqd
0002355e                __gtrd
00023511                __leqd
            00005370    __lock
000234c9                __lssd
00023b30                __mpyd
00024b96                __mpyli
00022e6c                __mpylli
00024bbb                __negd
00023495                __neqd
00024bb9                __nop
00021362                __printfi
00023ef1                __rd_ok
00024bb1                __register_lock
00024ba9                __register_unlock
000249ad                __remli
00022e3d                __remlli
00024b30                __remu
000245f5                __remul
00022def                __remull
            00000060    __stack
00024b82                __subd
            00005378    __sys_memory
            00001060    __sysstack
            0000517c    __tmpnams
            00005372    __unlock
00023e71                __wrt_ok
00024bd5                _abort
000219f7                _add_device
000228c6                _aic3204_codec_read
0002292d                _aic3204_codec_write
00022892                _aic3204_disable
0002367f                _aic3204_dma_init
            0000536a    _aic3204_enabled
00022890                _aic3204_hardware_init
00023f5e                _aic3204_init
00023681                _aic3204_read_block
00022aa9                _aic3204_read_wav_header
00023f4e                _aic3204_set_input_filename
00023f56                _aic3204_set_output_filename
00023738                _aic3204_write_block
000237ca                _aic3204_write_data
000229f1                _aic3204_write_wav_header
00024815                _atoi
00024915                _auto_init
00024abd                _c_int00
0002249e                _calloc
00022496                _chkheap
00021984                _close
            000048ac    _dirac
            00004cac    _diracResponse
00024a7f                _exit
00024491                _fclose
0002408f                _fflush
0002197b                _find_registered_device
00024397                _fir_basic
000243d6                _fir_circular
00022db4                _fopen
00024250                _fputc
000239cd                _fputs
00023c7c                _fread
0002200f                _free
00022440                _free_memory
00022ceb                _freopen
00024743                _fseek
000232a7                _fwrite
00021ae7                _getenv
            000050e5    _history_low120
            000050ee    _history_low120_sigL
            000050f7    _history_low120_sigR
            000050c7    _history_low32
            000050d0    _history_low32_sigL
            000050d9    _history_low32_sigR
            000050ac    _history_low8
            000050b5    _history_low8_sigL
            000050be    _history_low8_sigR
            00005366    _input_file
            00003860    _lowpass_5kHz_8th_order
00021915                _lseek
00024414                _ltoa
0002383a                _main
00022140                _malloc
000223e6                _max_free
00024b45                _memccpy
00024a40                _memcpy
000220db                _minit
00021856                _open
            00005368    _output_file
            00005100    _p_state_low120
            00005101    _p_state_low120_sigL
            00005102    _p_state_low120_sigR
            000050e2    _p_state_low32
            000050e3    _p_state_low32_sigL
            000050e4    _p_state_low32_sigR
            00003869    _p_state_low8
            000038aa    _p_state_low8_sigL
            000038ab    _p_state_low8_sigR
000248c5                _printf
00024250                _putc
000242e7                _putchar
00023b02                _puts
000217a8                _read
000246d6                _readmsg
00022235                _realloc
00024bcb                _remove
00021772                _remove_device
00021719                _rename
00024022                _set_sampling_frequency_and_gain
00023d8b                _setvbuf
000216e6                _unlink
000215a4                _write
000240e8                _writemsg
ffffffff                binit
            00020120    cinit
ffffffff                edata
ffffffff                end
ffffffff                etext
ffffffff                pinit


GLOBAL SYMBOLS: SORTED BY Symbol Address 

abs. value/
byte addr   word addr   name
---------   ---------   ----
00000001                $TI_capability_requires_rev3
00000001                __TI_args_main
00000002                $TI_capability$C5500$CallingConvention
00000002                $TI_capability$C5500$MemoryModel
            00000060    __stack
00001000                __SYSSTACK_SIZE
00002000                __STACK_SIZE
00002000                __SYSMEM_SIZE
            00001060    __STACK_END
            00001060    __sysstack
            00001860    _SimulatorInput
            00002860    _SimulatorOutput
            00003860    _lowpass_5kHz_8th_order
            00003869    _p_state_low8
            000038aa    _p_state_low8_sigL
            000038ab    _p_state_low8_sigR
            000038ac    _InputBufferL
            00003cac    _InputBufferR
            000040ac    _OutputBufferL
            000044ac    _OutputBufferR
            000048ac    _dirac
            00004cac    _diracResponse
            000050ac    _history_low8
            000050b5    _history_low8_sigL
            000050be    _history_low8_sigR
            000050c7    _history_low32
            000050d0    _history_low32_sigL
            000050d9    _history_low32_sigR
            000050e2    _p_state_low32
            000050e3    _p_state_low32_sigL
            000050e4    _p_state_low32_sigR
            000050e5    _history_low120
            000050ee    _history_low120_sigL
            000050f7    _history_low120_sigR
            00005100    _p_state_low120
            00005101    _p_state_low120_sigL
            00005102    _p_state_low120_sigR
            00005104    __ftable
            0000517c    __tmpnams
            0000521c    __ft_end
            00005366    _input_file
            00005368    _output_file
            0000536a    _aic3204_enabled
            00005370    __lock
            00005372    __unlock
            00005374    __cleanup_ptr
            00005376    __dtors_ptr
            00005378    __sys_memory
            00006378    __ctypes_
00021362                __printfi
000215a4                _write
000216e6                _unlink
00021719                _rename
00021772                _remove_device
000217a8                _read
00021856                _open
00021915                _lseek
0002197b                _find_registered_device
00021984                _close
000219f7                _add_device
00021ae7                _getenv
00021b62                _HOSTwrite
00021bef                _HOSTunlink
00021c59                _HOSTtime
00021cb7                _HOSTrename
00021d65                _HOSTread
00021df2                _HOSTopen
00021e91                _HOSTlseek
00021f46                _HOSTclose
00021fb1                _HOSTclock
0002200f                _free
000220db                _minit
00022140                _malloc
00022235                _realloc
000223e6                _max_free
00022440                _free_memory
00022496                _chkheap
0002249e                _calloc
000224c4                __divd
00022890                _aic3204_hardware_init
00022892                _aic3204_disable
000228c6                _aic3204_codec_read
0002292d                _aic3204_codec_write
000229f1                _aic3204_write_wav_header
00022aa9                _aic3204_read_wav_header
00022c91                __cleanup
00022ceb                _freopen
00022db4                _fopen
00022def                __remull
00022e3d                __remlli
00022e6c                __mpylli
00022f24                __divull
00023018                __divlli
0002304d                __addd
000232a7                _fwrite
00023495                __neqd
000234c9                __lssd
00023511                __leqd
0002355e                __gtrd
000235a9                __geqd
000235f3                __eqld
00023627                __cmpd
0002367f                _aic3204_dma_init
00023681                _aic3204_read_block
00023738                _aic3204_write_block
000237ca                _aic3204_write_data
0002383a                _main
000239cd                _fputs
00023b02                _puts
00023b30                __mpyd
00023c7c                _fread
00023d8b                _setvbuf
00023e71                __wrt_ok
00023ef1                __rd_ok
00023f4e                _aic3204_set_input_filename
00023f56                _aic3204_set_output_filename
00023f5e                _aic3204_init
00024022                _set_sampling_frequency_and_gain
00024026                __doflush
0002408f                _fflush
000240e8                _writemsg
0002419d                C$$IO$$
000241a2                __buff_read
00024250                _fputc
00024250                _putc
000242e7                _putchar
000242f6                __divul
00024397                _fir_basic
000243d6                _fir_circular
00024414                _ltoa
00024491                _fclose
0002450c                __frcmpyd
00024582                __frcmpyd_div
000245f5                __remul
00024667                __fixdli
000246d6                _readmsg
00024743                _fseek
000247ae                __fltlid
00024815                _atoi
00024871                _EZDSP5535_wait
000248a5                _EZDSP5535_waitusec
000248b7                _EZDSP5535_init
000248c5                _printf
00024915                _auto_init
00024962                __args_main
000249ad                __remli
000249f8                __divli
00024a40                _memcpy
00024a7f                _exit
00024abd                _c_int00
00024af1                __fixdi
00024b1b                I$$UDIV
00024b1b                __divu
00024b30                I$$UMOD
00024b30                __remu
00024b45                _memccpy
00024b68                ___isinf
00024b82                __subd
00024b96                I$$LMPY
00024b96                __mpyli
00024ba9                __register_unlock
00024bb1                __register_lock
00024bb9                __nop
00024bbb                __negd
00024bcb                _remove
00024bd5                _abort
00024bd6                C$$EXIT
            00020000    __CIOBUF_
            00020120    ___cinit__
            00020120    cinit
0004fe00                _Reset
ffffffff                .bss
ffffffff                .data
ffffffff                .text
ffffffff                ___binit__
ffffffff                ___bss__
ffffffff                ___c_args__
ffffffff                ___data__
ffffffff                ___edata__
ffffffff                ___end__
ffffffff                ___etext__
ffffffff                ___pinit__
ffffffff                ___text__
ffffffff                binit
ffffffff                edata
ffffffff                end
ffffffff                etext
ffffffff                pinit

[188 symbols]
