<?xml version="1.0"?>
<link_info>
   <banner>TMS320C55x Linker PC v4.4.1</banner>
   <copyright>Copyright (c) 1996-2012 Texas Instruments Incorporated</copyright>
   <link_time>0x618197db</link_time>
   <output_file>Vezba2a.out</output_file>
   <entry_point>
      <name>_c_int00</name>
      <address>0x24a89</address>
   </entry_point>
   <input_file_list>
      <input_file id="fl-2">
         <path>.\</path>
         <kind>object</kind>
         <file>gen_sinus.obj</file>
         <name>gen_sinus.obj</name>
      </input_file>
      <input_file id="fl-3">
         <path>.\</path>
         <kind>object</kind>
         <file>main.obj</file>
         <name>main.obj</name>
      </input_file>
      <input_file id="fl-c">
         <path>C:\ti2\ccsv6\tools\compiler\c5500_4.4.1\lib\</path>
         <kind>archive</kind>
         <file>rts55x.lib</file>
         <name>addd.obj</name>
      </input_file>
      <input_file id="fl-d">
         <path>C:\ti2\ccsv6\tools\compiler\c5500_4.4.1\lib\</path>
         <kind>archive</kind>
         <file>rts55x.lib</file>
         <name>boot.obj</name>
      </input_file>
      <input_file id="fl-e">
         <path>C:\ti2\ccsv6\tools\compiler\c5500_4.4.1\lib\</path>
         <kind>archive</kind>
         <file>rts55x.lib</file>
         <name>cmpd.obj</name>
      </input_file>
      <input_file id="fl-f">
         <path>C:\ti2\ccsv6\tools\compiler\c5500_4.4.1\lib\</path>
         <kind>archive</kind>
         <file>rts55x.lib</file>
         <name>divd.obj</name>
      </input_file>
      <input_file id="fl-10">
         <path>C:\ti2\ccsv6\tools\compiler\c5500_4.4.1\lib\</path>
         <kind>archive</kind>
         <file>rts55x.lib</file>
         <name>exit.obj</name>
      </input_file>
      <input_file id="fl-11">
         <path>C:\ti2\ccsv6\tools\compiler\c5500_4.4.1\lib\</path>
         <kind>archive</kind>
         <file>rts55x.lib</file>
         <name>exp.obj</name>
      </input_file>
      <input_file id="fl-12">
         <path>C:\ti2\ccsv6\tools\compiler\c5500_4.4.1\lib\</path>
         <kind>archive</kind>
         <file>rts55x.lib</file>
         <name>fixdi.obj</name>
      </input_file>
      <input_file id="fl-13">
         <path>C:\ti2\ccsv6\tools\compiler\c5500_4.4.1\lib\</path>
         <kind>archive</kind>
         <file>rts55x.lib</file>
         <name>fixdli.obj</name>
      </input_file>
      <input_file id="fl-14">
         <path>C:\ti2\ccsv6\tools\compiler\c5500_4.4.1\lib\</path>
         <kind>archive</kind>
         <file>rts55x.lib</file>
         <name>fltid.obj</name>
      </input_file>
      <input_file id="fl-15">
         <path>C:\ti2\ccsv6\tools\compiler\c5500_4.4.1\lib\</path>
         <kind>archive</kind>
         <file>rts55x.lib</file>
         <name>fltlid.obj</name>
      </input_file>
      <input_file id="fl-16">
         <path>C:\ti2\ccsv6\tools\compiler\c5500_4.4.1\lib\</path>
         <kind>archive</kind>
         <file>rts55x.lib</file>
         <name>frcmpyd_div.obj</name>
      </input_file>
      <input_file id="fl-17">
         <path>C:\ti2\ccsv6\tools\compiler\c5500_4.4.1\lib\</path>
         <kind>archive</kind>
         <file>rts55x.lib</file>
         <name>ldexp.obj</name>
      </input_file>
      <input_file id="fl-18">
         <path>C:\ti2\ccsv6\tools\compiler\c5500_4.4.1\lib\</path>
         <kind>archive</kind>
         <file>rts55x.lib</file>
         <name>lmpy.obj</name>
      </input_file>
      <input_file id="fl-19">
         <path>C:\ti2\ccsv6\tools\compiler\c5500_4.4.1\lib\</path>
         <kind>archive</kind>
         <file>rts55x.lib</file>
         <name>log.obj</name>
      </input_file>
      <input_file id="fl-1a">
         <path>C:\ti2\ccsv6\tools\compiler\c5500_4.4.1\lib\</path>
         <kind>archive</kind>
         <file>rts55x.lib</file>
         <name>mpyd.obj</name>
      </input_file>
      <input_file id="fl-1b">
         <path>C:\ti2\ccsv6\tools\compiler\c5500_4.4.1\lib\</path>
         <kind>archive</kind>
         <file>rts55x.lib</file>
         <name>negd.obj</name>
      </input_file>
      <input_file id="fl-1c">
         <path>C:\ti2\ccsv6\tools\compiler\c5500_4.4.1\lib\</path>
         <kind>archive</kind>
         <file>rts55x.lib</file>
         <name>printf.obj</name>
      </input_file>
      <input_file id="fl-1d">
         <path>C:\ti2\ccsv6\tools\compiler\c5500_4.4.1\lib\</path>
         <kind>archive</kind>
         <file>rts55x.lib</file>
         <name>sin.obj</name>
      </input_file>
      <input_file id="fl-1e">
         <path>C:\ti2\ccsv6\tools\compiler\c5500_4.4.1\lib\</path>
         <kind>archive</kind>
         <file>rts55x.lib</file>
         <name>subd.obj</name>
      </input_file>
      <input_file id="fl-1f">
         <path>C:\ti2\ccsv6\tools\compiler\c5500_4.4.1\lib\</path>
         <kind>archive</kind>
         <file>rts55x.lib</file>
         <name>trunc.obj</name>
      </input_file>
      <input_file id="fl-20">
         <path>C:\ti2\ccsv6\tools\compiler\c5500_4.4.1\lib\</path>
         <kind>archive</kind>
         <file>rts55x.lib</file>
         <name>vectors.obj</name>
      </input_file>
      <input_file id="fl-21">
         <path>C:\ti2\ccsv6\tools\compiler\c5500_4.4.1\lib\</path>
         <kind>archive</kind>
         <file>rts55x.lib</file>
         <name>_lock.obj</name>
      </input_file>
      <input_file id="fl-22">
         <path>C:\ti2\ccsv6\tools\compiler\c5500_4.4.1\lib\</path>
         <kind>archive</kind>
         <file>rts55x.lib</file>
         <name>_printfi.obj</name>
      </input_file>
      <input_file id="fl-23">
         <path>C:\ti2\ccsv6\tools\compiler\c5500_4.4.1\lib\</path>
         <kind>archive</kind>
         <file>rts55x.lib</file>
         <name>args_main.obj</name>
      </input_file>
      <input_file id="fl-24">
         <path>C:\ti2\ccsv6\tools\compiler\c5500_4.4.1\lib\</path>
         <kind>archive</kind>
         <file>rts55x.lib</file>
         <name>atoi.obj</name>
      </input_file>
      <input_file id="fl-25">
         <path>C:\ti2\ccsv6\tools\compiler\c5500_4.4.1\lib\</path>
         <kind>archive</kind>
         <file>rts55x.lib</file>
         <name>autoinit.obj</name>
      </input_file>
      <input_file id="fl-26">
         <path>C:\ti2\ccsv6\tools\compiler\c5500_4.4.1\lib\</path>
         <kind>archive</kind>
         <file>rts55x.lib</file>
         <name>ctype.obj</name>
      </input_file>
      <input_file id="fl-27">
         <path>C:\ti2\ccsv6\tools\compiler\c5500_4.4.1\lib\</path>
         <kind>archive</kind>
         <file>rts55x.lib</file>
         <name>defs.obj</name>
      </input_file>
      <input_file id="fl-28">
         <path>C:\ti2\ccsv6\tools\compiler\c5500_4.4.1\lib\</path>
         <kind>archive</kind>
         <file>rts55x.lib</file>
         <name>divul.obj</name>
      </input_file>
      <input_file id="fl-29">
         <path>C:\ti2\ccsv6\tools\compiler\c5500_4.4.1\lib\</path>
         <kind>archive</kind>
         <file>rts55x.lib</file>
         <name>errno.obj</name>
      </input_file>
      <input_file id="fl-2a">
         <path>C:\ti2\ccsv6\tools\compiler\c5500_4.4.1\lib\</path>
         <kind>archive</kind>
         <file>rts55x.lib</file>
         <name>fputc.obj</name>
      </input_file>
      <input_file id="fl-2b">
         <path>C:\ti2\ccsv6\tools\compiler\c5500_4.4.1\lib\</path>
         <kind>archive</kind>
         <file>rts55x.lib</file>
         <name>fputs.obj</name>
      </input_file>
      <input_file id="fl-2c">
         <path>C:\ti2\ccsv6\tools\compiler\c5500_4.4.1\lib\</path>
         <kind>archive</kind>
         <file>rts55x.lib</file>
         <name>frcmpyd.obj</name>
      </input_file>
      <input_file id="fl-2d">
         <path>C:\ti2\ccsv6\tools\compiler\c5500_4.4.1\lib\</path>
         <kind>archive</kind>
         <file>rts55x.lib</file>
         <name>frexp.obj</name>
      </input_file>
      <input_file id="fl-2e">
         <path>C:\ti2\ccsv6\tools\compiler\c5500_4.4.1\lib\</path>
         <kind>archive</kind>
         <file>rts55x.lib</file>
         <name>isinf.obj</name>
      </input_file>
      <input_file id="fl-2f">
         <path>C:\ti2\ccsv6\tools\compiler\c5500_4.4.1\lib\</path>
         <kind>archive</kind>
         <file>rts55x.lib</file>
         <name>llmpy.obj</name>
      </input_file>
      <input_file id="fl-30">
         <path>C:\ti2\ccsv6\tools\compiler\c5500_4.4.1\lib\</path>
         <kind>archive</kind>
         <file>rts55x.lib</file>
         <name>lowlev.obj</name>
      </input_file>
      <input_file id="fl-31">
         <path>C:\ti2\ccsv6\tools\compiler\c5500_4.4.1\lib\</path>
         <kind>archive</kind>
         <file>rts55x.lib</file>
         <name>ltoa.obj</name>
      </input_file>
      <input_file id="fl-32">
         <path>C:\ti2\ccsv6\tools\compiler\c5500_4.4.1\lib\</path>
         <kind>archive</kind>
         <file>rts55x.lib</file>
         <name>memccpy.obj</name>
      </input_file>
      <input_file id="fl-33">
         <path>C:\ti2\ccsv6\tools\compiler\c5500_4.4.1\lib\</path>
         <kind>archive</kind>
         <file>rts55x.lib</file>
         <name>memcpy.obj</name>
      </input_file>
      <input_file id="fl-34">
         <path>C:\ti2\ccsv6\tools\compiler\c5500_4.4.1\lib\</path>
         <kind>archive</kind>
         <file>rts55x.lib</file>
         <name>modf.obj</name>
      </input_file>
      <input_file id="fl-35">
         <path>C:\ti2\ccsv6\tools\compiler\c5500_4.4.1\lib\</path>
         <kind>archive</kind>
         <file>rts55x.lib</file>
         <name>remli.obj</name>
      </input_file>
      <input_file id="fl-36">
         <path>C:\ti2\ccsv6\tools\compiler\c5500_4.4.1\lib\</path>
         <kind>archive</kind>
         <file>rts55x.lib</file>
         <name>remul.obj</name>
      </input_file>
      <input_file id="fl-37">
         <path>C:\ti2\ccsv6\tools\compiler\c5500_4.4.1\lib\</path>
         <kind>archive</kind>
         <file>rts55x.lib</file>
         <name>round.obj</name>
      </input_file>
      <input_file id="fl-38">
         <path>C:\ti2\ccsv6\tools\compiler\c5500_4.4.1\lib\</path>
         <kind>archive</kind>
         <file>rts55x.lib</file>
         <name>trgdrv.obj</name>
      </input_file>
      <input_file id="fl-39">
         <path>C:\ti2\ccsv6\tools\compiler\c5500_4.4.1\lib\</path>
         <kind>archive</kind>
         <file>rts55x.lib</file>
         <name>trgmsg.obj</name>
      </input_file>
      <input_file id="fl-3a">
         <path>C:\ti2\ccsv6\tools\compiler\c5500_4.4.1\lib\</path>
         <kind>archive</kind>
         <file>rts55x.lib</file>
         <name>udiv.obj</name>
      </input_file>
      <input_file id="fl-3b">
         <path>C:\ti2\ccsv6\tools\compiler\c5500_4.4.1\lib\</path>
         <kind>archive</kind>
         <file>rts55x.lib</file>
         <name>_io_perm.obj</name>
      </input_file>
      <input_file id="fl-3c">
         <path>C:\ti2\ccsv6\tools\compiler\c5500_4.4.1\lib\</path>
         <kind>archive</kind>
         <file>rts55x.lib</file>
         <name>divli.obj</name>
      </input_file>
      <input_file id="fl-3d">
         <path>C:\ti2\ccsv6\tools\compiler\c5500_4.4.1\lib\</path>
         <kind>archive</kind>
         <file>rts55x.lib</file>
         <name>fflush.obj</name>
      </input_file>
      <input_file id="fl-3e">
         <path>C:\ti2\ccsv6\tools\compiler\c5500_4.4.1\lib\</path>
         <kind>archive</kind>
         <file>rts55x.lib</file>
         <name>fseek.obj</name>
      </input_file>
      <input_file id="fl-3f">
         <path>C:\ti2\ccsv6\tools\compiler\c5500_4.4.1\lib\</path>
         <kind>archive</kind>
         <file>rts55x.lib</file>
         <name>setvbuf.obj</name>
      </input_file>
      <input_file id="fl-40">
         <path>C:\ti2\ccsv6\tools\compiler\c5500_4.4.1\lib\</path>
         <kind>archive</kind>
         <file>rts55x.lib</file>
         <name>fopen.obj</name>
      </input_file>
      <input_file id="fl-41">
         <path>C:\ti2\ccsv6\tools\compiler\c5500_4.4.1\lib\</path>
         <kind>archive</kind>
         <file>rts55x.lib</file>
         <name>memory.obj</name>
      </input_file>
      <input_file id="fl-42">
         <path>C:\ti2\ccsv6\tools\compiler\c5500_4.4.1\lib\</path>
         <kind>archive</kind>
         <file>rts55x.lib</file>
         <name>fclose.obj</name>
      </input_file>
      <input_file id="fl-43">
         <path>C:\ti2\ccsv6\tools\compiler\c5500_4.4.1\lib\</path>
         <kind>archive</kind>
         <file>rts55x.lib</file>
         <name>remove.obj</name>
      </input_file>
   </input_file_list>
   <object_component_list>
      <object_component id="oc-89">
         <name>.text</name>
         <load_address>0x20000</load_address>
         <run_address>0x20000</run_address>
         <size>0x15a4</size>
         <input_file_ref idref="fl-22"/>
      </object_component>
      <object_component id="oc-c3">
         <name>.text</name>
         <load_address>0x215a4</load_address>
         <run_address>0x215a4</run_address>
         <size>0x543</size>
         <input_file_ref idref="fl-30"/>
      </object_component>
      <object_component id="oc-e7">
         <name>.text</name>
         <load_address>0x21ae7</load_address>
         <run_address>0x21ae7</run_address>
         <size>0x528</size>
         <input_file_ref idref="fl-38"/>
      </object_component>
      <object_component id="oc-110">
         <name>.text</name>
         <load_address>0x2200f</load_address>
         <run_address>0x2200f</run_address>
         <size>0x4b5</size>
         <input_file_ref idref="fl-41"/>
      </object_component>
      <object_component id="oc-2c">
         <name>.text</name>
         <load_address>0x224c4</load_address>
         <run_address>0x224c4</run_address>
         <size>0x3cc</size>
         <input_file_ref idref="fl-f"/>
      </object_component>
      <object_component id="oc-10a">
         <name>.text</name>
         <load_address>0x22890</load_address>
         <run_address>0x22890</run_address>
         <size>0x27f</size>
         <input_file_ref idref="fl-40"/>
      </object_component>
      <object_component id="oc-bf">
         <name>.text</name>
         <load_address>0x22b0f</load_address>
         <run_address>0x22b0f</run_address>
         <size>0x25e</size>
         <input_file_ref idref="fl-2f"/>
      </object_component>
      <object_component id="oc-20">
         <name>.text</name>
         <load_address>0x22d6d</load_address>
         <run_address>0x22d6d</run_address>
         <size>0x25a</size>
         <input_file_ref idref="fl-c"/>
      </object_component>
      <object_component id="oc-12">
         <name>.text</name>
         <load_address>0x22fc7</load_address>
         <run_address>0x22fc7</run_address>
         <size>0x1ff</size>
         <input_file_ref idref="fl-2"/>
      </object_component>
      <object_component id="oc-6f">
         <name>.text</name>
         <load_address>0x231c6</load_address>
         <run_address>0x231c6</run_address>
         <size>0x1f2</size>
         <input_file_ref idref="fl-1d"/>
      </object_component>
      <object_component id="oc-28">
         <name>.text</name>
         <load_address>0x233b8</load_address>
         <run_address>0x233b8</run_address>
         <size>0x1ea</size>
         <input_file_ref idref="fl-e"/>
      </object_component>
      <object_component id="oc-37">
         <name>.text</name>
         <load_address>0x235a2</load_address>
         <run_address>0x235a2</run_address>
         <size>0x1b6</size>
         <input_file_ref idref="fl-11"/>
      </object_component>
      <object_component id="oc-18">
         <name>.text</name>
         <load_address>0x23758</load_address>
         <run_address>0x23758</run_address>
         <size>0x19f</size>
         <input_file_ref idref="fl-3"/>
      </object_component>
      <object_component id="oc-ad">
         <name>.text</name>
         <load_address>0x238f7</load_address>
         <run_address>0x238f7</run_address>
         <size>0x163</size>
         <input_file_ref idref="fl-2b"/>
      </object_component>
      <object_component id="oc-63">
         <name>.text</name>
         <load_address>0x23a5a</load_address>
         <run_address>0x23a5a</run_address>
         <size>0x14c</size>
         <input_file_ref idref="fl-1a"/>
      </object_component>
      <object_component id="oc-53">
         <name>.text</name>
         <load_address>0x23ba6</load_address>
         <run_address>0x23ba6</run_address>
         <size>0xf2</size>
         <input_file_ref idref="fl-17"/>
      </object_component>
      <object_component id="oc-5c">
         <name>.text</name>
         <load_address>0x23c98</load_address>
         <run_address>0x23c98</run_address>
         <size>0xeb</size>
         <input_file_ref idref="fl-19"/>
      </object_component>
      <object_component id="oc-106">
         <name>.text</name>
         <load_address>0x23d83</load_address>
         <run_address>0x23d83</run_address>
         <size>0xe6</size>
         <input_file_ref idref="fl-3f"/>
      </object_component>
      <object_component id="oc-f6">
         <name>.text</name>
         <load_address>0x23e69</load_address>
         <run_address>0x23e69</run_address>
         <size>0xdd</size>
         <input_file_ref idref="fl-3b"/>
      </object_component>
      <object_component id="oc-b6">
         <name>.text</name>
         <load_address>0x23f46</load_address>
         <run_address>0x23f46</run_address>
         <size>0xcc</size>
         <input_file_ref idref="fl-2d"/>
      </object_component>
      <object_component id="oc-fe">
         <name>.text</name>
         <load_address>0x24012</load_address>
         <run_address>0x24012</run_address>
         <size>0xc2</size>
         <input_file_ref idref="fl-3d"/>
      </object_component>
      <object_component id="oc-d5">
         <name>.text</name>
         <load_address>0x240d4</load_address>
         <run_address>0x240d4</run_address>
         <size>0xbf</size>
         <input_file_ref idref="fl-34"/>
      </object_component>
      <object_component id="oc-ef">
         <name>.text:CIO_breakpoint</name>
         <load_address>0x24193</load_address>
         <run_address>0x24193</run_address>
         <size>0xba</size>
         <input_file_ref idref="fl-39"/>
      </object_component>
      <object_component id="oc-a9">
         <name>.text</name>
         <load_address>0x2424d</load_address>
         <run_address>0x2424d</run_address>
         <size>0xa6</size>
         <input_file_ref idref="fl-2a"/>
      </object_component>
      <object_component id="oc-a1">
         <name>.text</name>
         <load_address>0x242f3</load_address>
         <run_address>0x242f3</run_address>
         <size>0xa1</size>
         <input_file_ref idref="fl-28"/>
      </object_component>
      <object_component id="oc-c9">
         <name>.text</name>
         <load_address>0x24394</load_address>
         <run_address>0x24394</run_address>
         <size>0x7d</size>
         <input_file_ref idref="fl-31"/>
      </object_component>
      <object_component id="oc-117">
         <name>.text</name>
         <load_address>0x24411</load_address>
         <run_address>0x24411</run_address>
         <size>0x7b</size>
         <input_file_ref idref="fl-42"/>
      </object_component>
      <object_component id="oc-b2">
         <name>.text</name>
         <load_address>0x2448c</load_address>
         <run_address>0x2448c</run_address>
         <size>0x76</size>
         <input_file_ref idref="fl-2c"/>
      </object_component>
      <object_component id="oc-4f">
         <name>.text</name>
         <load_address>0x24502</load_address>
         <run_address>0x24502</run_address>
         <size>0x73</size>
         <input_file_ref idref="fl-16"/>
      </object_component>
      <object_component id="oc-de">
         <name>.text</name>
         <load_address>0x24575</load_address>
         <run_address>0x24575</run_address>
         <size>0x72</size>
         <input_file_ref idref="fl-36"/>
      </object_component>
      <object_component id="oc-42">
         <name>.text</name>
         <load_address>0x245e7</load_address>
         <run_address>0x245e7</run_address>
         <size>0x6f</size>
         <input_file_ref idref="fl-13"/>
      </object_component>
      <object_component id="oc-ec">
         <name>.text</name>
         <load_address>0x24656</load_address>
         <run_address>0x24656</run_address>
         <size>0x6d</size>
         <input_file_ref idref="fl-39"/>
      </object_component>
      <object_component id="oc-102">
         <name>.text</name>
         <load_address>0x246c3</load_address>
         <run_address>0x246c3</run_address>
         <size>0x6b</size>
         <input_file_ref idref="fl-3e"/>
      </object_component>
      <object_component id="oc-4a">
         <name>.text</name>
         <load_address>0x2472e</load_address>
         <run_address>0x2472e</run_address>
         <size>0x67</size>
         <input_file_ref idref="fl-15"/>
      </object_component>
      <object_component id="oc-e2">
         <name>.text</name>
         <load_address>0x24795</load_address>
         <run_address>0x24795</run_address>
         <size>0x5f</size>
         <input_file_ref idref="fl-37"/>
      </object_component>
      <object_component id="oc-93">
         <name>.text</name>
         <load_address>0x247f4</load_address>
         <run_address>0x247f4</run_address>
         <size>0x5c</size>
         <input_file_ref idref="fl-24"/>
      </object_component>
      <object_component id="oc-6b">
         <name>.text</name>
         <load_address>0x24850</load_address>
         <run_address>0x24850</run_address>
         <size>0x50</size>
         <input_file_ref idref="fl-1c"/>
      </object_component>
      <object_component id="oc-97">
         <name>.text</name>
         <load_address>0x248a0</load_address>
         <run_address>0x248a0</run_address>
         <size>0x4d</size>
         <input_file_ref idref="fl-25"/>
      </object_component>
      <object_component id="oc-8f">
         <name>.text</name>
         <load_address>0x248ed</load_address>
         <run_address>0x248ed</run_address>
         <size>0x4b</size>
         <input_file_ref idref="fl-23"/>
      </object_component>
      <object_component id="oc-da">
         <name>.text</name>
         <load_address>0x24938</load_address>
         <run_address>0x24938</run_address>
         <size>0x4b</size>
         <input_file_ref idref="fl-35"/>
      </object_component>
      <object_component id="oc-fa">
         <name>.text</name>
         <load_address>0x24983</load_address>
         <run_address>0x24983</run_address>
         <size>0x48</size>
         <input_file_ref idref="fl-3c"/>
      </object_component>
      <object_component id="oc-7a">
         <name>.text</name>
         <load_address>0x249cb</load_address>
         <run_address>0x249cb</run_address>
         <size>0x41</size>
         <input_file_ref idref="fl-1f"/>
      </object_component>
      <object_component id="oc-d1">
         <name>.text</name>
         <load_address>0x24a0c</load_address>
         <run_address>0x24a0c</run_address>
         <size>0x3f</size>
         <input_file_ref idref="fl-33"/>
      </object_component>
      <object_component id="oc-30">
         <name>.text</name>
         <load_address>0x24a4b</load_address>
         <run_address>0x24a4b</run_address>
         <size>0x3e</size>
         <input_file_ref idref="fl-10"/>
      </object_component>
      <object_component id="oc-10">
         <name>.text</name>
         <load_address>0x24a89</load_address>
         <run_address>0x24a89</run_address>
         <size>0x34</size>
         <input_file_ref idref="fl-d"/>
      </object_component>
      <object_component id="oc-3e">
         <name>.text</name>
         <load_address>0x24abd</load_address>
         <run_address>0x24abd</run_address>
         <size>0x2a</size>
         <input_file_ref idref="fl-12"/>
      </object_component>
      <object_component id="oc-f2">
         <name>.text</name>
         <load_address>0x24ae7</load_address>
         <run_address>0x24ae7</run_address>
         <size>0x2a</size>
         <input_file_ref idref="fl-3a"/>
      </object_component>
      <object_component id="oc-cd">
         <name>.text</name>
         <load_address>0x24b11</load_address>
         <run_address>0x24b11</run_address>
         <size>0x23</size>
         <input_file_ref idref="fl-32"/>
      </object_component>
      <object_component id="oc-bb">
         <name>.text</name>
         <load_address>0x24b34</load_address>
         <run_address>0x24b34</run_address>
         <size>0x1a</size>
         <input_file_ref idref="fl-2e"/>
      </object_component>
      <object_component id="oc-76">
         <name>.text</name>
         <load_address>0x24b4e</load_address>
         <run_address>0x24b4e</run_address>
         <size>0x14</size>
         <input_file_ref idref="fl-1e"/>
      </object_component>
      <object_component id="oc-58">
         <name>.text</name>
         <load_address>0x24b62</load_address>
         <run_address>0x24b62</run_address>
         <size>0x13</size>
         <input_file_ref idref="fl-18"/>
      </object_component>
      <object_component id="oc-83">
         <name>.text</name>
         <load_address>0x24b75</load_address>
         <run_address>0x24b75</run_address>
         <size>0x12</size>
         <input_file_ref idref="fl-21"/>
      </object_component>
      <object_component id="oc-67">
         <name>.text</name>
         <load_address>0x24b87</load_address>
         <run_address>0x24b87</run_address>
         <size>0x10</size>
         <input_file_ref idref="fl-1b"/>
      </object_component>
      <object_component id="oc-46">
         <name>.text</name>
         <load_address>0x24b97</load_address>
         <run_address>0x24b97</run_address>
         <size>0xc</size>
         <input_file_ref idref="fl-14"/>
      </object_component>
      <object_component id="oc-11b">
         <name>.text</name>
         <load_address>0x24ba3</load_address>
         <run_address>0x24ba3</run_address>
         <size>0xa</size>
         <input_file_ref idref="fl-43"/>
      </object_component>
      <object_component id="oc-34">
         <name>.text:CIO_breakpoint</name>
         <load_address>0x24bad</load_address>
         <run_address>0x24bad</run_address>
         <size>0x7</size>
         <input_file_ref idref="fl-10"/>
      </object_component>
      <object_component id="oc-7f">
         <name>.text</name>
         <load_address>0x24bb4</load_address>
         <run_address>0x24bb4</run_address>
         <size>0x2</size>
         <input_file_ref idref="fl-20"/>
      </object_component>
      <object_component id="oc-24">
         <name>.stack</name>
         <uninitialized>true</uninitialized>
         <run_address>0xc0</run_address>
         <size>0x0</size>
         <input_file_ref idref="fl-d"/>
      </object_component>
      <object_component id="oc-139">
         <name>.stack</name>
         <uninitialized>true</uninitialized>
         <run_address>0xc0</run_address>
         <size>0x0</size>
      </object_component>
      <object_component id="oc-11f">
         <name>.sysstack</name>
         <uninitialized>true</uninitialized>
         <run_address>0x20c0</run_address>
         <size>0x0</size>
         <input_file_ref idref="fl-d"/>
      </object_component>
      <object_component id="oc-13b">
         <name>.sysstack</name>
         <uninitialized>true</uninitialized>
         <run_address>0x20c0</run_address>
         <size>0x0</size>
      </object_component>
      <object_component id="oc-19">
         <name>.bss</name>
         <uninitialized>true</uninitialized>
         <run_address>0x30c0</run_address>
         <size>0x6828</size>
         <input_file_ref idref="fl-3"/>
      </object_component>
      <object_component id="oc-9d">
         <name>.bss</name>
         <uninitialized>true</uninitialized>
         <run_address>0x98e8</run_address>
         <size>0x232</size>
         <input_file_ref idref="fl-27"/>
      </object_component>
      <object_component id="oc-e8">
         <name>.bss</name>
         <uninitialized>true</uninitialized>
         <run_address>0x9b1a</run_address>
         <size>0x1a0</size>
         <input_file_ref idref="fl-38"/>
      </object_component>
      <object_component id="oc-a5">
         <name>.bss</name>
         <uninitialized>true</uninitialized>
         <run_address>0x9cba</run_address>
         <size>0x2</size>
         <input_file_ref idref="fl-29"/>
      </object_component>
      <object_component id="oc-c4">
         <name>.bss</name>
         <uninitialized>true</uninitialized>
         <run_address>0x9cbc</run_address>
         <size>0xe2</size>
         <input_file_ref idref="fl-30"/>
      </object_component>
      <object_component id="oc-10b">
         <name>.bss</name>
         <uninitialized>true</uninitialized>
         <run_address>0x9d9e</run_address>
         <size>0x2</size>
         <input_file_ref idref="fl-40"/>
      </object_component>
      <object_component id="oc-5d">
         <name>.bss</name>
         <uninitialized>true</uninitialized>
         <run_address>0x9da0</run_address>
         <size>0x20</size>
         <input_file_ref idref="fl-19"/>
      </object_component>
      <object_component id="oc-38">
         <name>.bss</name>
         <uninitialized>true</uninitialized>
         <run_address>0x9dc0</run_address>
         <size>0x1c</size>
         <input_file_ref idref="fl-11"/>
      </object_component>
      <object_component id="oc-70">
         <name>.bss</name>
         <uninitialized>true</uninitialized>
         <run_address>0x9ddc</run_address>
         <size>0x10</size>
         <input_file_ref idref="fl-1d"/>
      </object_component>
      <object_component id="oc-111">
         <name>.bss</name>
         <uninitialized>true</uninitialized>
         <run_address>0x9dec</run_address>
         <size>0xc</size>
         <input_file_ref idref="fl-41"/>
      </object_component>
      <object_component id="oc-84">
         <name>.bss</name>
         <uninitialized>true</uninitialized>
         <run_address>0x9df8</run_address>
         <size>0x8</size>
         <input_file_ref idref="fl-21"/>
      </object_component>
      <object_component id="oc-31">
         <name>.bss</name>
         <uninitialized>true</uninitialized>
         <run_address>0x9e00</run_address>
         <size>0x8</size>
         <input_file_ref idref="fl-10"/>
      </object_component>
      <object_component id="oc-121">
         <name>.const:__ctypes_</name>
         <load_address>0xbe08</load_address>
         <run_address>0xbe08</run_address>
         <size>0x202</size>
         <input_file_ref idref="fl-26"/>
      </object_component>
      <object_component id="oc-1c">
         <name>.const:.string</name>
         <load_address>0xc00c</load_address>
         <run_address>0xc00c</run_address>
         <size>0x6e</size>
         <input_file_ref idref="fl-3"/>
      </object_component>
      <object_component id="oc-8c">
         <name>.const:.string</name>
         <load_address>0xc07c</load_address>
         <run_address>0xc07c</run_address>
         <size>0x48</size>
         <input_file_ref idref="fl-22"/>
      </object_component>
      <object_component id="oc-73">
         <name>.const</name>
         <load_address>0xc0c4</load_address>
         <run_address>0xc0c4</run_address>
         <size>0x28</size>
         <input_file_ref idref="fl-1d"/>
      </object_component>
      <object_component id="oc-3b">
         <name>.const</name>
         <load_address>0xc0ec</load_address>
         <run_address>0xc0ec</run_address>
         <size>0x24</size>
         <input_file_ref idref="fl-11"/>
      </object_component>
      <object_component id="oc-1b">
         <name>.const</name>
         <load_address>0xc110</load_address>
         <run_address>0xc110</run_address>
         <size>0x18</size>
         <input_file_ref idref="fl-3"/>
      </object_component>
      <object_component id="oc-8b">
         <name>.const</name>
         <load_address>0xc128</load_address>
         <run_address>0xc128</run_address>
         <size>0x18</size>
         <input_file_ref idref="fl-22"/>
      </object_component>
      <object_component id="oc-14">
         <name>.const</name>
         <load_address>0xc140</load_address>
         <run_address>0xc140</run_address>
         <size>0x14</size>
         <input_file_ref idref="fl-2"/>
      </object_component>
      <object_component id="oc-55">
         <name>.const</name>
         <load_address>0xc154</load_address>
         <run_address>0xc154</run_address>
         <size>0x14</size>
         <input_file_ref idref="fl-17"/>
      </object_component>
      <object_component id="oc-60">
         <name>.const</name>
         <load_address>0xc168</load_address>
         <run_address>0xc168</run_address>
         <size>0x14</size>
         <input_file_ref idref="fl-19"/>
      </object_component>
      <object_component id="oc-120">
         <name>.const:_initial_approx$1</name>
         <load_address>0xc17c</load_address>
         <run_address>0xc17c</run_address>
         <size>0x10</size>
         <input_file_ref idref="fl-f"/>
      </object_component>
      <object_component id="oc-b8">
         <name>.const</name>
         <load_address>0xc18c</load_address>
         <run_address>0xc18c</run_address>
         <size>0x10</size>
         <input_file_ref idref="fl-2d"/>
      </object_component>
      <object_component id="oc-e4">
         <name>.const</name>
         <load_address>0xc19c</load_address>
         <run_address>0xc19c</run_address>
         <size>0x10</size>
         <input_file_ref idref="fl-37"/>
      </object_component>
      <object_component id="oc-d7">
         <name>.const</name>
         <load_address>0xc1ac</load_address>
         <run_address>0xc1ac</run_address>
         <size>0xc</size>
         <input_file_ref idref="fl-34"/>
      </object_component>
      <object_component id="oc-7c">
         <name>.const</name>
         <load_address>0xc1b8</load_address>
         <run_address>0xc1b8</run_address>
         <size>0x8</size>
         <input_file_ref idref="fl-1f"/>
      </object_component>
      <object_component id="oc-af">
         <name>.const:.string</name>
         <load_address>0xc1c0</load_address>
         <run_address>0xc1c0</run_address>
         <size>0x4</size>
         <input_file_ref idref="fl-2b"/>
      </object_component>
      <object_component id="oc-4c">
         <name>.const</name>
         <load_address>0xc1c4</load_address>
         <run_address>0xc1c4</run_address>
         <size>0x4</size>
         <input_file_ref idref="fl-15"/>
      </object_component>
      <object_component id="oc-114">
         <name>.sysmem</name>
         <uninitialized>true</uninitialized>
         <run_address>0x9e08</run_address>
         <size>0x0</size>
         <input_file_ref idref="fl-41"/>
      </object_component>
      <object_component id="oc-13a">
         <name>.sysmem</name>
         <uninitialized>true</uninitialized>
         <run_address>0x9e08</run_address>
         <size>0x0</size>
      </object_component>
      <object_component id="oc-c6">
         <name>.cinit</name>
         <load_address>0x40240</load_address>
         <run_address>0x40240</run_address>
         <size>0x5a</size>
         <input_file_ref idref="fl-30"/>
      </object_component>
      <object_component id="oc-9f">
         <name>.cinit</name>
         <load_address>0x4029a</load_address>
         <run_address>0x4029a</run_address>
         <size>0x54</size>
         <input_file_ref idref="fl-27"/>
      </object_component>
      <object_component id="oc-5f">
         <name>.cinit</name>
         <load_address>0x402ee</load_address>
         <run_address>0x402ee</run_address>
         <size>0x26</size>
         <input_file_ref idref="fl-19"/>
      </object_component>
      <object_component id="oc-3a">
         <name>.cinit</name>
         <load_address>0x40314</load_address>
         <run_address>0x40314</run_address>
         <size>0x22</size>
         <input_file_ref idref="fl-11"/>
      </object_component>
      <object_component id="oc-72">
         <name>.cinit</name>
         <load_address>0x40336</load_address>
         <run_address>0x40336</run_address>
         <size>0x16</size>
         <input_file_ref idref="fl-1d"/>
      </object_component>
      <object_component id="oc-86">
         <name>.cinit</name>
         <load_address>0x4034c</load_address>
         <run_address>0x4034c</run_address>
         <size>0x14</size>
         <input_file_ref idref="fl-21"/>
      </object_component>
      <object_component id="oc-33">
         <name>.cinit</name>
         <load_address>0x40360</load_address>
         <run_address>0x40360</run_address>
         <size>0x14</size>
         <input_file_ref idref="fl-10"/>
      </object_component>
      <object_component id="oc-a7">
         <name>.cinit</name>
         <load_address>0x40374</load_address>
         <run_address>0x40374</run_address>
         <size>0x8</size>
         <input_file_ref idref="fl-29"/>
      </object_component>
      <object_component id="oc-10d">
         <name>.cinit</name>
         <load_address>0x4037c</load_address>
         <run_address>0x4037c</run_address>
         <size>0x8</size>
         <input_file_ref idref="fl-40"/>
      </object_component>
      <object_component id="oc-113">
         <name>.cinit</name>
         <load_address>0x40384</load_address>
         <run_address>0x40384</run_address>
         <size>0x8</size>
         <input_file_ref idref="fl-41"/>
      </object_component>
      <object_component id="oc-ee">
         <name>.cio</name>
         <uninitialized>true</uninitialized>
         <run_address>0x40000</run_address>
         <size>0x240</size>
         <input_file_ref idref="fl-39"/>
      </object_component>
      <object_component id="oc-11">
         <name>vectors</name>
         <load_address>0x4fe00</load_address>
         <run_address>0x4fe00</run_address>
         <size>0x100</size>
         <input_file_ref idref="fl-20"/>
      </object_component>
      <object_component id="oc-13">
         <name>.debug_info</name>
         <load_address>0x0</load_address>
         <run_address>0x0</run_address>
         <size>0xaa2</size>
         <input_file_ref idref="fl-2"/>
      </object_component>
      <object_component id="oc-1a">
         <name>.debug_info</name>
         <load_address>0xaa2</load_address>
         <run_address>0xaa2</run_address>
         <size>0x968</size>
         <input_file_ref idref="fl-3"/>
      </object_component>
      <object_component id="oc-21">
         <name>.debug_info</name>
         <load_address>0x140a</load_address>
         <run_address>0x140a</run_address>
         <size>0x5ab</size>
         <input_file_ref idref="fl-c"/>
      </object_component>
      <object_component id="oc-25">
         <name>.debug_info</name>
         <load_address>0x19b5</load_address>
         <run_address>0x19b5</run_address>
         <size>0xe8</size>
         <input_file_ref idref="fl-d"/>
      </object_component>
      <object_component id="oc-29">
         <name>.debug_info</name>
         <load_address>0x1a9d</load_address>
         <run_address>0x1a9d</run_address>
         <size>0x81f</size>
         <input_file_ref idref="fl-e"/>
      </object_component>
      <object_component id="oc-2d">
         <name>.debug_info</name>
         <load_address>0x22bc</load_address>
         <run_address>0x22bc</run_address>
         <size>0x7e8</size>
         <input_file_ref idref="fl-f"/>
      </object_component>
      <object_component id="oc-32">
         <name>.debug_info</name>
         <load_address>0x2aa4</load_address>
         <run_address>0x2aa4</run_address>
         <size>0x5fb</size>
         <input_file_ref idref="fl-10"/>
      </object_component>
      <object_component id="oc-39">
         <name>.debug_info</name>
         <load_address>0x309f</load_address>
         <run_address>0x309f</run_address>
         <size>0x6ff</size>
         <input_file_ref idref="fl-11"/>
      </object_component>
      <object_component id="oc-3f">
         <name>.debug_info</name>
         <load_address>0x379e</load_address>
         <run_address>0x379e</run_address>
         <size>0x4cf</size>
         <input_file_ref idref="fl-12"/>
      </object_component>
      <object_component id="oc-43">
         <name>.debug_info</name>
         <load_address>0x3c6d</load_address>
         <run_address>0x3c6d</run_address>
         <size>0x534</size>
         <input_file_ref idref="fl-13"/>
      </object_component>
      <object_component id="oc-47">
         <name>.debug_info</name>
         <load_address>0x41a1</load_address>
         <run_address>0x41a1</run_address>
         <size>0x4cf</size>
         <input_file_ref idref="fl-14"/>
      </object_component>
      <object_component id="oc-4b">
         <name>.debug_info</name>
         <load_address>0x4670</load_address>
         <run_address>0x4670</run_address>
         <size>0x549</size>
         <input_file_ref idref="fl-15"/>
      </object_component>
      <object_component id="oc-50">
         <name>.debug_info</name>
         <load_address>0x4bb9</load_address>
         <run_address>0x4bb9</run_address>
         <size>0x53e</size>
         <input_file_ref idref="fl-16"/>
      </object_component>
      <object_component id="oc-54">
         <name>.debug_info</name>
         <load_address>0x50f7</load_address>
         <run_address>0x50f7</run_address>
         <size>0x50e</size>
         <input_file_ref idref="fl-17"/>
      </object_component>
      <object_component id="oc-59">
         <name>.debug_info</name>
         <load_address>0x5605</load_address>
         <run_address>0x5605</run_address>
         <size>0xbd</size>
         <input_file_ref idref="fl-18"/>
      </object_component>
      <object_component id="oc-5e">
         <name>.debug_info</name>
         <load_address>0x56c2</load_address>
         <run_address>0x56c2</run_address>
         <size>0x5f6</size>
         <input_file_ref idref="fl-19"/>
      </object_component>
      <object_component id="oc-64">
         <name>.debug_info</name>
         <load_address>0x5cb8</load_address>
         <run_address>0x5cb8</run_address>
         <size>0x55b</size>
         <input_file_ref idref="fl-1a"/>
      </object_component>
      <object_component id="oc-68">
         <name>.debug_info</name>
         <load_address>0x6213</load_address>
         <run_address>0x6213</run_address>
         <size>0x4b7</size>
         <input_file_ref idref="fl-1b"/>
      </object_component>
      <object_component id="oc-6c">
         <name>.debug_info</name>
         <load_address>0x66ca</load_address>
         <run_address>0x66ca</run_address>
         <size>0x76c</size>
         <input_file_ref idref="fl-1c"/>
      </object_component>
      <object_component id="oc-71">
         <name>.debug_info</name>
         <load_address>0x6e36</load_address>
         <run_address>0x6e36</run_address>
         <size>0x6ef</size>
         <input_file_ref idref="fl-1d"/>
      </object_component>
      <object_component id="oc-77">
         <name>.debug_info</name>
         <load_address>0x7525</load_address>
         <run_address>0x7525</run_address>
         <size>0x4de</size>
         <input_file_ref idref="fl-1e"/>
      </object_component>
      <object_component id="oc-7b">
         <name>.debug_info</name>
         <load_address>0x7a03</load_address>
         <run_address>0x7a03</run_address>
         <size>0x521</size>
         <input_file_ref idref="fl-1f"/>
      </object_component>
      <object_component id="oc-80">
         <name>.debug_info</name>
         <load_address>0x7f24</load_address>
         <run_address>0x7f24</run_address>
         <size>0xbc</size>
         <input_file_ref idref="fl-20"/>
      </object_component>
      <object_component id="oc-85">
         <name>.debug_info</name>
         <load_address>0x7fe0</load_address>
         <run_address>0x7fe0</run_address>
         <size>0x5bc</size>
         <input_file_ref idref="fl-21"/>
      </object_component>
      <object_component id="oc-8a">
         <name>.debug_info</name>
         <load_address>0x859c</load_address>
         <run_address>0x859c</run_address>
         <size>0x27bd</size>
         <input_file_ref idref="fl-22"/>
      </object_component>
      <object_component id="oc-90">
         <name>.debug_info</name>
         <load_address>0xad59</load_address>
         <run_address>0xad59</run_address>
         <size>0x586</size>
         <input_file_ref idref="fl-23"/>
      </object_component>
      <object_component id="oc-94">
         <name>.debug_info</name>
         <load_address>0xb2df</load_address>
         <run_address>0xb2df</run_address>
         <size>0x5a4</size>
         <input_file_ref idref="fl-24"/>
      </object_component>
      <object_component id="oc-98">
         <name>.debug_info</name>
         <load_address>0xb883</load_address>
         <run_address>0xb883</run_address>
         <size>0xcd</size>
         <input_file_ref idref="fl-25"/>
      </object_component>
      <object_component id="oc-9b">
         <name>.debug_info</name>
         <load_address>0xb950</load_address>
         <run_address>0xb950</run_address>
         <size>0x498</size>
         <input_file_ref idref="fl-26"/>
      </object_component>
      <object_component id="oc-9e">
         <name>.debug_info</name>
         <load_address>0xbde8</load_address>
         <run_address>0xbde8</run_address>
         <size>0x57e</size>
         <input_file_ref idref="fl-27"/>
      </object_component>
      <object_component id="oc-a2">
         <name>.debug_info</name>
         <load_address>0xc366</load_address>
         <run_address>0xc366</run_address>
         <size>0x534</size>
         <input_file_ref idref="fl-28"/>
      </object_component>
      <object_component id="oc-a6">
         <name>.debug_info</name>
         <load_address>0xc89a</load_address>
         <run_address>0xc89a</run_address>
         <size>0x47b</size>
         <input_file_ref idref="fl-29"/>
      </object_component>
      <object_component id="oc-aa">
         <name>.debug_info</name>
         <load_address>0xcd15</load_address>
         <run_address>0xcd15</run_address>
         <size>0x6aa</size>
         <input_file_ref idref="fl-2a"/>
      </object_component>
      <object_component id="oc-ae">
         <name>.debug_info</name>
         <load_address>0xd3bf</load_address>
         <run_address>0xd3bf</run_address>
         <size>0x942</size>
         <input_file_ref idref="fl-2b"/>
      </object_component>
      <object_component id="oc-b3">
         <name>.debug_info</name>
         <load_address>0xdd01</load_address>
         <run_address>0xdd01</run_address>
         <size>0x4d2</size>
         <input_file_ref idref="fl-2c"/>
      </object_component>
      <object_component id="oc-b7">
         <name>.debug_info</name>
         <load_address>0xe1d3</load_address>
         <run_address>0xe1d3</run_address>
         <size>0x518</size>
         <input_file_ref idref="fl-2d"/>
      </object_component>
      <object_component id="oc-bc">
         <name>.debug_info</name>
         <load_address>0xe6eb</load_address>
         <run_address>0xe6eb</run_address>
         <size>0x680</size>
         <input_file_ref idref="fl-2e"/>
      </object_component>
      <object_component id="oc-c0">
         <name>.debug_info</name>
         <load_address>0xed6b</load_address>
         <run_address>0xed6b</run_address>
         <size>0x7d4</size>
         <input_file_ref idref="fl-2f"/>
      </object_component>
      <object_component id="oc-c5">
         <name>.debug_info</name>
         <load_address>0xf53f</load_address>
         <run_address>0xf53f</run_address>
         <size>0x144b</size>
         <input_file_ref idref="fl-30"/>
      </object_component>
      <object_component id="oc-ca">
         <name>.debug_info</name>
         <load_address>0x1098a</load_address>
         <run_address>0x1098a</run_address>
         <size>0x5ad</size>
         <input_file_ref idref="fl-31"/>
      </object_component>
      <object_component id="oc-ce">
         <name>.debug_info</name>
         <load_address>0x10f37</load_address>
         <run_address>0x10f37</run_address>
         <size>0x574</size>
         <input_file_ref idref="fl-32"/>
      </object_component>
      <object_component id="oc-d2">
         <name>.debug_info</name>
         <load_address>0x114ab</load_address>
         <run_address>0x114ab</run_address>
         <size>0xd1</size>
         <input_file_ref idref="fl-33"/>
      </object_component>
      <object_component id="oc-d6">
         <name>.debug_info</name>
         <load_address>0x1157c</load_address>
         <run_address>0x1157c</run_address>
         <size>0x50c</size>
         <input_file_ref idref="fl-34"/>
      </object_component>
      <object_component id="oc-db">
         <name>.debug_info</name>
         <load_address>0x11a88</load_address>
         <run_address>0x11a88</run_address>
         <size>0x4f2</size>
         <input_file_ref idref="fl-35"/>
      </object_component>
      <object_component id="oc-df">
         <name>.debug_info</name>
         <load_address>0x11f7a</load_address>
         <run_address>0x11f7a</run_address>
         <size>0x534</size>
         <input_file_ref idref="fl-36"/>
      </object_component>
      <object_component id="oc-e3">
         <name>.debug_info</name>
         <load_address>0x124ae</load_address>
         <run_address>0x124ae</run_address>
         <size>0x52e</size>
         <input_file_ref idref="fl-37"/>
      </object_component>
      <object_component id="oc-e9">
         <name>.debug_info</name>
         <load_address>0x129dc</load_address>
         <run_address>0x129dc</run_address>
         <size>0xed4</size>
         <input_file_ref idref="fl-38"/>
      </object_component>
      <object_component id="oc-ed">
         <name>.debug_info</name>
         <load_address>0x138b0</load_address>
         <run_address>0x138b0</run_address>
         <size>0x744</size>
         <input_file_ref idref="fl-39"/>
      </object_component>
      <object_component id="oc-f3">
         <name>.debug_info</name>
         <load_address>0x13ff4</load_address>
         <run_address>0x13ff4</run_address>
         <size>0xef</size>
         <input_file_ref idref="fl-3a"/>
      </object_component>
      <object_component id="oc-f7">
         <name>.debug_info</name>
         <load_address>0x140e3</load_address>
         <run_address>0x140e3</run_address>
         <size>0x662</size>
         <input_file_ref idref="fl-3b"/>
      </object_component>
      <object_component id="oc-fb">
         <name>.debug_info</name>
         <load_address>0x14745</load_address>
         <run_address>0x14745</run_address>
         <size>0x4f2</size>
         <input_file_ref idref="fl-3c"/>
      </object_component>
      <object_component id="oc-ff">
         <name>.debug_info</name>
         <load_address>0x14c37</load_address>
         <run_address>0x14c37</run_address>
         <size>0x706</size>
         <input_file_ref idref="fl-3d"/>
      </object_component>
      <object_component id="oc-103">
         <name>.debug_info</name>
         <load_address>0x1533d</load_address>
         <run_address>0x1533d</run_address>
         <size>0x5f7</size>
         <input_file_ref idref="fl-3e"/>
      </object_component>
      <object_component id="oc-107">
         <name>.debug_info</name>
         <load_address>0x15934</load_address>
         <run_address>0x15934</run_address>
         <size>0x64a</size>
         <input_file_ref idref="fl-3f"/>
      </object_component>
      <object_component id="oc-10c">
         <name>.debug_info</name>
         <load_address>0x15f7e</load_address>
         <run_address>0x15f7e</run_address>
         <size>0xa1c</size>
         <input_file_ref idref="fl-40"/>
      </object_component>
      <object_component id="oc-112">
         <name>.debug_info</name>
         <load_address>0x1699a</load_address>
         <run_address>0x1699a</run_address>
         <size>0xb97</size>
         <input_file_ref idref="fl-41"/>
      </object_component>
      <object_component id="oc-118">
         <name>.debug_info</name>
         <load_address>0x17531</load_address>
         <run_address>0x17531</run_address>
         <size>0x64f</size>
         <input_file_ref idref="fl-42"/>
      </object_component>
      <object_component id="oc-11c">
         <name>.debug_info</name>
         <load_address>0x17b80</load_address>
         <run_address>0x17b80</run_address>
         <size>0x510</size>
         <input_file_ref idref="fl-43"/>
      </object_component>
      <object_component id="oc-142">
         <name>.debug_info</name>
         <load_address>0x18090</load_address>
         <run_address>0x18090</run_address>
         <size>0x6e</size>
      </object_component>
      <object_component id="oc-15">
         <name>.debug_frame</name>
         <load_address>0x0</load_address>
         <run_address>0x0</run_address>
         <size>0x115</size>
         <input_file_ref idref="fl-2"/>
      </object_component>
      <object_component id="oc-1d">
         <name>.debug_frame</name>
         <load_address>0x115</load_address>
         <run_address>0x115</run_address>
         <size>0xe2</size>
         <input_file_ref idref="fl-3"/>
      </object_component>
      <object_component id="oc-16">
         <name>.debug_line</name>
         <load_address>0x0</load_address>
         <run_address>0x0</run_address>
         <size>0xa9</size>
         <input_file_ref idref="fl-2"/>
      </object_component>
      <object_component id="oc-1e">
         <name>.debug_line</name>
         <load_address>0xa9</load_address>
         <run_address>0xa9</run_address>
         <size>0x87</size>
         <input_file_ref idref="fl-3"/>
      </object_component>
      <object_component id="oc-22">
         <name>.debug_line</name>
         <load_address>0x130</load_address>
         <run_address>0x130</run_address>
         <size>0x5c</size>
         <input_file_ref idref="fl-c"/>
      </object_component>
      <object_component id="oc-26">
         <name>.debug_line</name>
         <load_address>0x18c</load_address>
         <run_address>0x18c</run_address>
         <size>0x54</size>
         <input_file_ref idref="fl-d"/>
      </object_component>
      <object_component id="oc-2a">
         <name>.debug_line</name>
         <load_address>0x1e0</load_address>
         <run_address>0x1e0</run_address>
         <size>0xad</size>
         <input_file_ref idref="fl-e"/>
      </object_component>
      <object_component id="oc-2e">
         <name>.debug_line</name>
         <load_address>0x28d</load_address>
         <run_address>0x28d</run_address>
         <size>0x5b</size>
         <input_file_ref idref="fl-f"/>
      </object_component>
      <object_component id="oc-35">
         <name>.debug_line</name>
         <load_address>0x2e8</load_address>
         <run_address>0x2e8</run_address>
         <size>0x51</size>
         <input_file_ref idref="fl-10"/>
      </object_component>
      <object_component id="oc-3c">
         <name>.debug_line</name>
         <load_address>0x339</load_address>
         <run_address>0x339</run_address>
         <size>0x52</size>
         <input_file_ref idref="fl-11"/>
      </object_component>
      <object_component id="oc-40">
         <name>.debug_line</name>
         <load_address>0x38b</load_address>
         <run_address>0x38b</run_address>
         <size>0x3d</size>
         <input_file_ref idref="fl-12"/>
      </object_component>
      <object_component id="oc-44">
         <name>.debug_line</name>
         <load_address>0x3c8</load_address>
         <run_address>0x3c8</run_address>
         <size>0x3d</size>
         <input_file_ref idref="fl-13"/>
      </object_component>
      <object_component id="oc-48">
         <name>.debug_line</name>
         <load_address>0x405</load_address>
         <run_address>0x405</run_address>
         <size>0x3d</size>
         <input_file_ref idref="fl-14"/>
      </object_component>
      <object_component id="oc-4d">
         <name>.debug_line</name>
         <load_address>0x442</load_address>
         <run_address>0x442</run_address>
         <size>0x44</size>
         <input_file_ref idref="fl-15"/>
      </object_component>
      <object_component id="oc-51">
         <name>.debug_line</name>
         <load_address>0x486</load_address>
         <run_address>0x486</run_address>
         <size>0x40</size>
         <input_file_ref idref="fl-16"/>
      </object_component>
      <object_component id="oc-56">
         <name>.debug_line</name>
         <load_address>0x4c6</load_address>
         <run_address>0x4c6</run_address>
         <size>0x3a</size>
         <input_file_ref idref="fl-17"/>
      </object_component>
      <object_component id="oc-5a">
         <name>.debug_line</name>
         <load_address>0x500</load_address>
         <run_address>0x500</run_address>
         <size>0x3c</size>
         <input_file_ref idref="fl-18"/>
      </object_component>
      <object_component id="oc-61">
         <name>.debug_line</name>
         <load_address>0x53c</load_address>
         <run_address>0x53c</run_address>
         <size>0x51</size>
         <input_file_ref idref="fl-19"/>
      </object_component>
      <object_component id="oc-65">
         <name>.debug_line</name>
         <load_address>0x58d</load_address>
         <run_address>0x58d</run_address>
         <size>0x3c</size>
         <input_file_ref idref="fl-1a"/>
      </object_component>
      <object_component id="oc-69">
         <name>.debug_line</name>
         <load_address>0x5c9</load_address>
         <run_address>0x5c9</run_address>
         <size>0x37</size>
         <input_file_ref idref="fl-1b"/>
      </object_component>
      <object_component id="oc-6d">
         <name>.debug_line</name>
         <load_address>0x600</load_address>
         <run_address>0x600</run_address>
         <size>0x69</size>
         <input_file_ref idref="fl-1c"/>
      </object_component>
      <object_component id="oc-74">
         <name>.debug_line</name>
         <load_address>0x669</load_address>
         <run_address>0x669</run_address>
         <size>0x54</size>
         <input_file_ref idref="fl-1d"/>
      </object_component>
      <object_component id="oc-78">
         <name>.debug_line</name>
         <load_address>0x6bd</load_address>
         <run_address>0x6bd</run_address>
         <size>0x37</size>
         <input_file_ref idref="fl-1e"/>
      </object_component>
      <object_component id="oc-7d">
         <name>.debug_line</name>
         <load_address>0x6f4</load_address>
         <run_address>0x6f4</run_address>
         <size>0x38</size>
         <input_file_ref idref="fl-1f"/>
      </object_component>
      <object_component id="oc-81">
         <name>.debug_line</name>
         <load_address>0x72c</load_address>
         <run_address>0x72c</run_address>
         <size>0x37</size>
         <input_file_ref idref="fl-20"/>
      </object_component>
      <object_component id="oc-87">
         <name>.debug_line</name>
         <load_address>0x763</load_address>
         <run_address>0x763</run_address>
         <size>0x57</size>
         <input_file_ref idref="fl-21"/>
      </object_component>
      <object_component id="oc-8d">
         <name>.debug_line</name>
         <load_address>0x7ba</load_address>
         <run_address>0x7ba</run_address>
         <size>0x328</size>
         <input_file_ref idref="fl-22"/>
      </object_component>
      <object_component id="oc-91">
         <name>.debug_line</name>
         <load_address>0xae2</load_address>
         <run_address>0xae2</run_address>
         <size>0x41</size>
         <input_file_ref idref="fl-23"/>
      </object_component>
      <object_component id="oc-95">
         <name>.debug_line</name>
         <load_address>0xb23</load_address>
         <run_address>0xb23</run_address>
         <size>0x46</size>
         <input_file_ref idref="fl-24"/>
      </object_component>
      <object_component id="oc-99">
         <name>.debug_line</name>
         <load_address>0xb69</load_address>
         <run_address>0xb69</run_address>
         <size>0x55</size>
         <input_file_ref idref="fl-25"/>
      </object_component>
      <object_component id="oc-a3">
         <name>.debug_line</name>
         <load_address>0xbbe</load_address>
         <run_address>0xbbe</run_address>
         <size>0x44</size>
         <input_file_ref idref="fl-28"/>
      </object_component>
      <object_component id="oc-ab">
         <name>.debug_line</name>
         <load_address>0xc02</load_address>
         <run_address>0xc02</run_address>
         <size>0x56</size>
         <input_file_ref idref="fl-2a"/>
      </object_component>
      <object_component id="oc-b0">
         <name>.debug_line</name>
         <load_address>0xc58</load_address>
         <run_address>0xc58</run_address>
         <size>0xa8</size>
         <input_file_ref idref="fl-2b"/>
      </object_component>
      <object_component id="oc-b4">
         <name>.debug_line</name>
         <load_address>0xd00</load_address>
         <run_address>0xd00</run_address>
         <size>0x3a</size>
         <input_file_ref idref="fl-2c"/>
      </object_component>
      <object_component id="oc-b9">
         <name>.debug_line</name>
         <load_address>0xd3a</load_address>
         <run_address>0xd3a</run_address>
         <size>0x3a</size>
         <input_file_ref idref="fl-2d"/>
      </object_component>
      <object_component id="oc-bd">
         <name>.debug_line</name>
         <load_address>0xd74</load_address>
         <run_address>0xd74</run_address>
         <size>0x38</size>
         <input_file_ref idref="fl-2e"/>
      </object_component>
      <object_component id="oc-c1">
         <name>.debug_line</name>
         <load_address>0xdac</load_address>
         <run_address>0xdac</run_address>
         <size>0xa8</size>
         <input_file_ref idref="fl-2f"/>
      </object_component>
      <object_component id="oc-c7">
         <name>.debug_line</name>
         <load_address>0xe54</load_address>
         <run_address>0xe54</run_address>
         <size>0x1b0</size>
         <input_file_ref idref="fl-30"/>
      </object_component>
      <object_component id="oc-cb">
         <name>.debug_line</name>
         <load_address>0x1004</load_address>
         <run_address>0x1004</run_address>
         <size>0x40</size>
         <input_file_ref idref="fl-31"/>
      </object_component>
      <object_component id="oc-cf">
         <name>.debug_line</name>
         <load_address>0x1044</load_address>
         <run_address>0x1044</run_address>
         <size>0x3c</size>
         <input_file_ref idref="fl-32"/>
      </object_component>
      <object_component id="oc-d3">
         <name>.debug_line</name>
         <load_address>0x1080</load_address>
         <run_address>0x1080</run_address>
         <size>0x4d</size>
         <input_file_ref idref="fl-33"/>
      </object_component>
      <object_component id="oc-d8">
         <name>.debug_line</name>
         <load_address>0x10cd</load_address>
         <run_address>0x10cd</run_address>
         <size>0x3c</size>
         <input_file_ref idref="fl-34"/>
      </object_component>
      <object_component id="oc-dc">
         <name>.debug_line</name>
         <load_address>0x1109</load_address>
         <run_address>0x1109</run_address>
         <size>0x3c</size>
         <input_file_ref idref="fl-35"/>
      </object_component>
      <object_component id="oc-e0">
         <name>.debug_line</name>
         <load_address>0x1145</load_address>
         <run_address>0x1145</run_address>
         <size>0x44</size>
         <input_file_ref idref="fl-36"/>
      </object_component>
      <object_component id="oc-e5">
         <name>.debug_line</name>
         <load_address>0x1189</load_address>
         <run_address>0x1189</run_address>
         <size>0x3a</size>
         <input_file_ref idref="fl-37"/>
      </object_component>
      <object_component id="oc-ea">
         <name>.debug_line</name>
         <load_address>0x11c3</load_address>
         <run_address>0x11c3</run_address>
         <size>0x15d</size>
         <input_file_ref idref="fl-38"/>
      </object_component>
      <object_component id="oc-f0">
         <name>.debug_line</name>
         <load_address>0x1320</load_address>
         <run_address>0x1320</run_address>
         <size>0x6a</size>
         <input_file_ref idref="fl-39"/>
      </object_component>
      <object_component id="oc-f4">
         <name>.debug_line</name>
         <load_address>0x138a</load_address>
         <run_address>0x138a</run_address>
         <size>0x58</size>
         <input_file_ref idref="fl-3a"/>
      </object_component>
      <object_component id="oc-f8">
         <name>.debug_line</name>
         <load_address>0x13e2</load_address>
         <run_address>0x13e2</run_address>
         <size>0x57</size>
         <input_file_ref idref="fl-3b"/>
      </object_component>
      <object_component id="oc-fc">
         <name>.debug_line</name>
         <load_address>0x1439</load_address>
         <run_address>0x1439</run_address>
         <size>0x3c</size>
         <input_file_ref idref="fl-3c"/>
      </object_component>
      <object_component id="oc-100">
         <name>.debug_line</name>
         <load_address>0x1475</load_address>
         <run_address>0x1475</run_address>
         <size>0x5b</size>
         <input_file_ref idref="fl-3d"/>
      </object_component>
      <object_component id="oc-104">
         <name>.debug_line</name>
         <load_address>0x14d0</load_address>
         <run_address>0x14d0</run_address>
         <size>0x3c</size>
         <input_file_ref idref="fl-3e"/>
      </object_component>
      <object_component id="oc-108">
         <name>.debug_line</name>
         <load_address>0x150c</load_address>
         <run_address>0x150c</run_address>
         <size>0x3f</size>
         <input_file_ref idref="fl-3f"/>
      </object_component>
      <object_component id="oc-10e">
         <name>.debug_line</name>
         <load_address>0x154b</load_address>
         <run_address>0x154b</run_address>
         <size>0xd7</size>
         <input_file_ref idref="fl-40"/>
      </object_component>
      <object_component id="oc-115">
         <name>.debug_line</name>
         <load_address>0x1622</load_address>
         <run_address>0x1622</run_address>
         <size>0x112</size>
         <input_file_ref idref="fl-41"/>
      </object_component>
      <object_component id="oc-119">
         <name>.debug_line</name>
         <load_address>0x1734</load_address>
         <run_address>0x1734</run_address>
         <size>0x3d</size>
         <input_file_ref idref="fl-42"/>
      </object_component>
      <object_component id="oc-11d">
         <name>.debug_line</name>
         <load_address>0x1771</load_address>
         <run_address>0x1771</run_address>
         <size>0x39</size>
         <input_file_ref idref="fl-43"/>
      </object_component>
      <object_component id="oc-17">
         <name>.debug_abbrev</name>
         <load_address>0x0</load_address>
         <run_address>0x0</run_address>
         <size>0xd0</size>
         <input_file_ref idref="fl-2"/>
      </object_component>
      <object_component id="oc-1f">
         <name>.debug_abbrev</name>
         <load_address>0xd0</load_address>
         <run_address>0xd0</run_address>
         <size>0xfb</size>
         <input_file_ref idref="fl-3"/>
      </object_component>
      <object_component id="oc-23">
         <name>.debug_abbrev</name>
         <load_address>0x1cb</load_address>
         <run_address>0x1cb</run_address>
         <size>0xd4</size>
         <input_file_ref idref="fl-c"/>
      </object_component>
      <object_component id="oc-27">
         <name>.debug_abbrev</name>
         <load_address>0x29f</load_address>
         <run_address>0x29f</run_address>
         <size>0x3a</size>
         <input_file_ref idref="fl-d"/>
      </object_component>
      <object_component id="oc-2b">
         <name>.debug_abbrev</name>
         <load_address>0x2d9</load_address>
         <run_address>0x2d9</run_address>
         <size>0xb7</size>
         <input_file_ref idref="fl-e"/>
      </object_component>
      <object_component id="oc-2f">
         <name>.debug_abbrev</name>
         <load_address>0x390</load_address>
         <run_address>0x390</run_address>
         <size>0x112</size>
         <input_file_ref idref="fl-f"/>
      </object_component>
      <object_component id="oc-36">
         <name>.debug_abbrev</name>
         <load_address>0x4a2</load_address>
         <run_address>0x4a2</run_address>
         <size>0xf7</size>
         <input_file_ref idref="fl-10"/>
      </object_component>
      <object_component id="oc-3d">
         <name>.debug_abbrev</name>
         <load_address>0x599</load_address>
         <run_address>0x599</run_address>
         <size>0xd3</size>
         <input_file_ref idref="fl-11"/>
      </object_component>
      <object_component id="oc-41">
         <name>.debug_abbrev</name>
         <load_address>0x66c</load_address>
         <run_address>0x66c</run_address>
         <size>0x8f</size>
         <input_file_ref idref="fl-12"/>
      </object_component>
      <object_component id="oc-45">
         <name>.debug_abbrev</name>
         <load_address>0x6fb</load_address>
         <run_address>0x6fb</run_address>
         <size>0xb7</size>
         <input_file_ref idref="fl-13"/>
      </object_component>
      <object_component id="oc-49">
         <name>.debug_abbrev</name>
         <load_address>0x7b2</load_address>
         <run_address>0x7b2</run_address>
         <size>0x8f</size>
         <input_file_ref idref="fl-14"/>
      </object_component>
      <object_component id="oc-4e">
         <name>.debug_abbrev</name>
         <load_address>0x841</load_address>
         <run_address>0x841</run_address>
         <size>0xc2</size>
         <input_file_ref idref="fl-15"/>
      </object_component>
      <object_component id="oc-52">
         <name>.debug_abbrev</name>
         <load_address>0x903</load_address>
         <run_address>0x903</run_address>
         <size>0x9a</size>
         <input_file_ref idref="fl-16"/>
      </object_component>
      <object_component id="oc-57">
         <name>.debug_abbrev</name>
         <load_address>0x99d</load_address>
         <run_address>0x99d</run_address>
         <size>0x9f</size>
         <input_file_ref idref="fl-17"/>
      </object_component>
      <object_component id="oc-5b">
         <name>.debug_abbrev</name>
         <load_address>0xa3c</load_address>
         <run_address>0xa3c</run_address>
         <size>0x38</size>
         <input_file_ref idref="fl-18"/>
      </object_component>
      <object_component id="oc-62">
         <name>.debug_abbrev</name>
         <load_address>0xa74</load_address>
         <run_address>0xa74</run_address>
         <size>0xdc</size>
         <input_file_ref idref="fl-19"/>
      </object_component>
      <object_component id="oc-66">
         <name>.debug_abbrev</name>
         <load_address>0xb50</load_address>
         <run_address>0xb50</run_address>
         <size>0xdc</size>
         <input_file_ref idref="fl-1a"/>
      </object_component>
      <object_component id="oc-6a">
         <name>.debug_abbrev</name>
         <load_address>0xc2c</load_address>
         <run_address>0xc2c</run_address>
         <size>0x81</size>
         <input_file_ref idref="fl-1b"/>
      </object_component>
      <object_component id="oc-6e">
         <name>.debug_abbrev</name>
         <load_address>0xcad</load_address>
         <run_address>0xcad</run_address>
         <size>0x145</size>
         <input_file_ref idref="fl-1c"/>
      </object_component>
      <object_component id="oc-75">
         <name>.debug_abbrev</name>
         <load_address>0xdf2</load_address>
         <run_address>0xdf2</run_address>
         <size>0xcc</size>
         <input_file_ref idref="fl-1d"/>
      </object_component>
      <object_component id="oc-79">
         <name>.debug_abbrev</name>
         <load_address>0xebe</load_address>
         <run_address>0xebe</run_address>
         <size>0x8f</size>
         <input_file_ref idref="fl-1e"/>
      </object_component>
      <object_component id="oc-7e">
         <name>.debug_abbrev</name>
         <load_address>0xf4d</load_address>
         <run_address>0xf4d</run_address>
         <size>0xaf</size>
         <input_file_ref idref="fl-1f"/>
      </object_component>
      <object_component id="oc-82">
         <name>.debug_abbrev</name>
         <load_address>0xffc</load_address>
         <run_address>0xffc</run_address>
         <size>0x26</size>
         <input_file_ref idref="fl-20"/>
      </object_component>
      <object_component id="oc-88">
         <name>.debug_abbrev</name>
         <load_address>0x1022</load_address>
         <run_address>0x1022</run_address>
         <size>0x9f</size>
         <input_file_ref idref="fl-21"/>
      </object_component>
      <object_component id="oc-8e">
         <name>.debug_abbrev</name>
         <load_address>0x10c1</load_address>
         <run_address>0x10c1</run_address>
         <size>0x1f8</size>
         <input_file_ref idref="fl-22"/>
      </object_component>
      <object_component id="oc-92">
         <name>.debug_abbrev</name>
         <load_address>0x12b9</load_address>
         <run_address>0x12b9</run_address>
         <size>0xec</size>
         <input_file_ref idref="fl-23"/>
      </object_component>
      <object_component id="oc-96">
         <name>.debug_abbrev</name>
         <load_address>0x13a5</load_address>
         <run_address>0x13a5</run_address>
         <size>0xd5</size>
         <input_file_ref idref="fl-24"/>
      </object_component>
      <object_component id="oc-9a">
         <name>.debug_abbrev</name>
         <load_address>0x147a</load_address>
         <run_address>0x147a</run_address>
         <size>0x44</size>
         <input_file_ref idref="fl-25"/>
      </object_component>
      <object_component id="oc-9c">
         <name>.debug_abbrev</name>
         <load_address>0x14be</load_address>
         <run_address>0x14be</run_address>
         <size>0x68</size>
         <input_file_ref idref="fl-26"/>
      </object_component>
      <object_component id="oc-a0">
         <name>.debug_abbrev</name>
         <load_address>0x1526</load_address>
         <run_address>0x1526</run_address>
         <size>0x83</size>
         <input_file_ref idref="fl-27"/>
      </object_component>
      <object_component id="oc-a4">
         <name>.debug_abbrev</name>
         <load_address>0x15a9</load_address>
         <run_address>0x15a9</run_address>
         <size>0xb5</size>
         <input_file_ref idref="fl-28"/>
      </object_component>
      <object_component id="oc-a8">
         <name>.debug_abbrev</name>
         <load_address>0x165e</load_address>
         <run_address>0x165e</run_address>
         <size>0x44</size>
         <input_file_ref idref="fl-29"/>
      </object_component>
      <object_component id="oc-ac">
         <name>.debug_abbrev</name>
         <load_address>0x16a2</load_address>
         <run_address>0x16a2</run_address>
         <size>0x103</size>
         <input_file_ref idref="fl-2a"/>
      </object_component>
      <object_component id="oc-b1">
         <name>.debug_abbrev</name>
         <load_address>0x17a5</load_address>
         <run_address>0x17a5</run_address>
         <size>0x140</size>
         <input_file_ref idref="fl-2b"/>
      </object_component>
      <object_component id="oc-b5">
         <name>.debug_abbrev</name>
         <load_address>0x18e5</load_address>
         <run_address>0x18e5</run_address>
         <size>0x81</size>
         <input_file_ref idref="fl-2c"/>
      </object_component>
      <object_component id="oc-ba">
         <name>.debug_abbrev</name>
         <load_address>0x1966</load_address>
         <run_address>0x1966</run_address>
         <size>0xa8</size>
         <input_file_ref idref="fl-2d"/>
      </object_component>
      <object_component id="oc-be">
         <name>.debug_abbrev</name>
         <load_address>0x1a0e</load_address>
         <run_address>0x1a0e</run_address>
         <size>0xd0</size>
         <input_file_ref idref="fl-2e"/>
      </object_component>
      <object_component id="oc-c2">
         <name>.debug_abbrev</name>
         <load_address>0x1ade</load_address>
         <run_address>0x1ade</run_address>
         <size>0xb7</size>
         <input_file_ref idref="fl-2f"/>
      </object_component>
      <object_component id="oc-c8">
         <name>.debug_abbrev</name>
         <load_address>0x1b95</load_address>
         <run_address>0x1b95</run_address>
         <size>0x225</size>
         <input_file_ref idref="fl-30"/>
      </object_component>
      <object_component id="oc-cc">
         <name>.debug_abbrev</name>
         <load_address>0x1dba</load_address>
         <run_address>0x1dba</run_address>
         <size>0xec</size>
         <input_file_ref idref="fl-31"/>
      </object_component>
      <object_component id="oc-d0">
         <name>.debug_abbrev</name>
         <load_address>0x1ea6</load_address>
         <run_address>0x1ea6</run_address>
         <size>0xb7</size>
         <input_file_ref idref="fl-32"/>
      </object_component>
      <object_component id="oc-d4">
         <name>.debug_abbrev</name>
         <load_address>0x1f5d</load_address>
         <run_address>0x1f5d</run_address>
         <size>0x38</size>
         <input_file_ref idref="fl-33"/>
      </object_component>
      <object_component id="oc-d9">
         <name>.debug_abbrev</name>
         <load_address>0x1f95</load_address>
         <run_address>0x1f95</run_address>
         <size>0x98</size>
         <input_file_ref idref="fl-34"/>
      </object_component>
      <object_component id="oc-dd">
         <name>.debug_abbrev</name>
         <load_address>0x202d</load_address>
         <run_address>0x202d</run_address>
         <size>0xa6</size>
         <input_file_ref idref="fl-35"/>
      </object_component>
      <object_component id="oc-e1">
         <name>.debug_abbrev</name>
         <load_address>0x20d3</load_address>
         <run_address>0x20d3</run_address>
         <size>0xb5</size>
         <input_file_ref idref="fl-36"/>
      </object_component>
      <object_component id="oc-e6">
         <name>.debug_abbrev</name>
         <load_address>0x2188</load_address>
         <run_address>0x2188</run_address>
         <size>0xaf</size>
         <input_file_ref idref="fl-37"/>
      </object_component>
      <object_component id="oc-eb">
         <name>.debug_abbrev</name>
         <load_address>0x2237</load_address>
         <run_address>0x2237</run_address>
         <size>0x15a</size>
         <input_file_ref idref="fl-38"/>
      </object_component>
      <object_component id="oc-f1">
         <name>.debug_abbrev</name>
         <load_address>0x2391</load_address>
         <run_address>0x2391</run_address>
         <size>0xde</size>
         <input_file_ref idref="fl-39"/>
      </object_component>
      <object_component id="oc-f5">
         <name>.debug_abbrev</name>
         <load_address>0x246f</load_address>
         <run_address>0x246f</run_address>
         <size>0x38</size>
         <input_file_ref idref="fl-3a"/>
      </object_component>
      <object_component id="oc-f9">
[...]
      </symbol>
      <symbol id="sm-15">
         <name>___edata__</name>
         <value>0xffffffff</value>
      </symbol>
      <symbol id="sm-16">
         <name>.bss</name>
         <value>0xffffffff</value>
      </symbol>
      <symbol id="sm-17">
         <name>___bss__</name>
         <value>0xffffffff</value>
      </symbol>
      <symbol id="sm-18">
         <name>end</name>
         <value>0xffffffff</value>
      </symbol>
      <symbol id="sm-19">
         <name>___end__</name>
         <value>0xffffffff</value>
      </symbol>
      <symbol id="sm-66">
         <name>_gen_sinus_multiton</name>
         <value>0x22fc7</value>
         <object_component_ref idref="oc-12"/>
      </symbol>
      <symbol id="sm-67">
         <name>_gen_log_sweep</name>
         <value>0x230e6</value>
         <object_component_ref idref="oc-12"/>
      </symbol>
      <symbol id="sm-8e">
         <name>_main</name>
         <value>0x23758</value>
         <object_component_ref idref="oc-18"/>
      </symbol>
      <symbol id="sm-8f">
         <name>_sin_multitone_24kHz</name>
         <value>0x5000</value>
         <object_component_ref idref="oc-19"/>
      </symbol>
      <symbol id="sm-90">
         <name>_freq_sweep_24kHz</name>
         <value>0x7ee0</value>
         <object_component_ref idref="oc-19"/>
      </symbol>
      <symbol id="sm-91">
         <name>_sin_multitone_48kHz</name>
         <value>0x30c0</value>
         <object_component_ref idref="oc-19"/>
      </symbol>
      <symbol id="sm-92">
         <name>_freq_sweep_48kHz</name>
         <value>0x5fa0</value>
         <object_component_ref idref="oc-19"/>
      </symbol>
      <symbol id="sm-93">
         <name>_freq_sweep_16kHz</name>
         <value>0x8e80</value>
         <object_component_ref idref="oc-19"/>
      </symbol>
      <symbol id="sm-9d">
         <name>__addd</name>
         <value>0x22d6d</value>
         <object_component_ref idref="oc-20"/>
      </symbol>
      <symbol id="sm-a9">
         <name>__sysstack</name>
         <value>0x20c0</value>
         <object_component_ref idref="oc-11f"/>
      </symbol>
      <symbol id="sm-aa">
         <name>_c_int00</name>
         <value>0x24a89</value>
         <object_component_ref idref="oc-10"/>
      </symbol>
      <symbol id="sm-ab">
         <name>__stack</name>
         <value>0xc0</value>
         <object_component_ref idref="oc-24"/>
      </symbol>
      <symbol id="sm-b5">
         <name>__eqld</name>
         <value>0x23516</value>
         <object_component_ref idref="oc-28"/>
      </symbol>
      <symbol id="sm-b6">
         <name>__cmpd</name>
         <value>0x2354a</value>
         <object_component_ref idref="oc-28"/>
      </symbol>
      <symbol id="sm-b7">
         <name>__neqd</name>
         <value>0x233b8</value>
         <object_component_ref idref="oc-28"/>
      </symbol>
      <symbol id="sm-b8">
         <name>__gtrd</name>
         <value>0x23481</value>
         <object_component_ref idref="oc-28"/>
      </symbol>
      <symbol id="sm-b9">
         <name>__geqd</name>
         <value>0x234cc</value>
         <object_component_ref idref="oc-28"/>
      </symbol>
      <symbol id="sm-ba">
         <name>__leqd</name>
         <value>0x23434</value>
         <object_component_ref idref="oc-28"/>
      </symbol>
      <symbol id="sm-bb">
         <name>__lssd</name>
         <value>0x233ec</value>
         <object_component_ref idref="oc-28"/>
      </symbol>
      <symbol id="sm-c7">
         <name>__divd</name>
         <value>0x224c4</value>
         <object_component_ref idref="oc-2c"/>
      </symbol>
      <symbol id="sm-d7">
         <name>C$$EXIT</name>
         <value>0x24bae</value>
         <object_component_ref idref="oc-34"/>
      </symbol>
      <symbol id="sm-d8">
         <name>_exit</name>
         <value>0x24a4b</value>
         <object_component_ref idref="oc-30"/>
      </symbol>
      <symbol id="sm-d9">
         <name>_abort</name>
         <value>0x24bad</value>
         <object_component_ref idref="oc-34"/>
      </symbol>
      <symbol id="sm-da">
         <name>__cleanup_ptr</name>
         <value>0x9e00</value>
         <object_component_ref idref="oc-31"/>
      </symbol>
      <symbol id="sm-db">
         <name>__dtors_ptr</name>
         <value>0x9e04</value>
         <object_component_ref idref="oc-31"/>
      </symbol>
      <symbol id="sm-ec">
         <name>_exp</name>
         <value>0x235a2</value>
         <object_component_ref idref="oc-37"/>
      </symbol>
      <symbol id="sm-f6">
         <name>__fixdi</name>
         <value>0x24abd</value>
         <object_component_ref idref="oc-3e"/>
      </symbol>
      <symbol id="sm-100">
         <name>__fixdli</name>
         <value>0x245e7</value>
         <object_component_ref idref="oc-42"/>
      </symbol>
      <symbol id="sm-10a">
         <name>__fltid</name>
         <value>0x24b97</value>
         <object_component_ref idref="oc-46"/>
      </symbol>
      <symbol id="sm-116">
         <name>__fltlid</name>
         <value>0x2472e</value>
         <object_component_ref idref="oc-4a"/>
      </symbol>
      <symbol id="sm-120">
         <name>__frcmpyd_div</name>
         <value>0x24502</value>
         <object_component_ref idref="oc-4f"/>
      </symbol>
      <symbol id="sm-12c">
         <name>_ldexp</name>
         <value>0x23ba6</value>
         <object_component_ref idref="oc-53"/>
      </symbol>
      <symbol id="sm-134">
         <name>__mpyli</name>
         <value>0x24b62</value>
         <object_component_ref idref="oc-58"/>
      </symbol>
      <symbol id="sm-135">
         <name>I$$LMPY</name>
         <value>0x24b62</value>
         <object_component_ref idref="oc-58"/>
      </symbol>
      <symbol id="sm-146">
         <name>_log</name>
         <value>0x23c98</value>
         <object_component_ref idref="oc-5c"/>
      </symbol>
      <symbol id="sm-150">
         <name>__mpyd</name>
         <value>0x23a5a</value>
         <object_component_ref idref="oc-63"/>
      </symbol>
      <symbol id="sm-15a">
         <name>__negd</name>
         <value>0x24b87</value>
         <object_component_ref idref="oc-67"/>
      </symbol>
      <symbol id="sm-164">
         <name>_printf</name>
         <value>0x24850</value>
         <object_component_ref idref="oc-6b"/>
      </symbol>
      <symbol id="sm-175">
         <name>_sin</name>
         <value>0x231c6</value>
         <object_component_ref idref="oc-6f"/>
      </symbol>
      <symbol id="sm-17f">
         <name>__subd</name>
         <value>0x24b4e</value>
         <object_component_ref idref="oc-76"/>
      </symbol>
      <symbol id="sm-18b">
         <name>__trunc</name>
         <value>0x249cb</value>
         <object_component_ref idref="oc-7a"/>
      </symbol>
      <symbol id="sm-195">
         <name>_Reset</name>
         <value>0x4fe00</value>
         <object_component_ref idref="oc-11"/>
      </symbol>
      <symbol id="sm-1a3">
         <name>__unlock</name>
         <value>0x9dfc</value>
         <object_component_ref idref="oc-84"/>
      </symbol>
      <symbol id="sm-1a4">
         <name>__lock</name>
         <value>0x9df8</value>
         <object_component_ref idref="oc-84"/>
      </symbol>
      <symbol id="sm-1a5">
         <name>__register_lock</name>
         <value>0x24b7d</value>
         <object_component_ref idref="oc-83"/>
      </symbol>
      <symbol id="sm-1a6">
         <name>__nop</name>
         <value>0x24b85</value>
         <object_component_ref idref="oc-83"/>
      </symbol>
      <symbol id="sm-1a7">
         <name>__register_unlock</name>
         <value>0x24b75</value>
         <object_component_ref idref="oc-83"/>
      </symbol>
      <symbol id="sm-1b9">
         <name>__printfi</name>
         <value>0x21362</value>
         <object_component_ref idref="oc-89"/>
      </symbol>
      <symbol id="sm-1c3">
         <name>__args_main</name>
         <value>0x248ed</value>
         <object_component_ref idref="oc-8f"/>
      </symbol>
      <symbol id="sm-1c4">
         <name>__TI_args_main</name>
         <value>0x1</value>
      </symbol>
      <symbol id="sm-1ce">
         <name>_atoi</name>
         <value>0x247f4</value>
         <object_component_ref idref="oc-93"/>
      </symbol>
      <symbol id="sm-1d6">
         <name>_auto_init</name>
         <value>0x248a0</value>
         <object_component_ref idref="oc-97"/>
      </symbol>
      <symbol id="sm-1de">
         <name>__ctypes_</name>
         <value>0xbe08</value>
         <object_component_ref idref="oc-121"/>
      </symbol>
      <symbol id="sm-1e8">
         <name>__tmpnams</name>
         <value>0x99d8</value>
         <object_component_ref idref="oc-9d"/>
      </symbol>
      <symbol id="sm-1e9">
         <name>__ft_end</name>
         <value>0x9b18</value>
         <object_component_ref idref="oc-9d"/>
      </symbol>
      <symbol id="sm-1ea">
         <name>__ftable</name>
         <value>0x98e8</value>
         <object_component_ref idref="oc-9d"/>
      </symbol>
      <symbol id="sm-1f5">
         <name>__divul</name>
         <value>0x242f3</value>
         <object_component_ref idref="oc-a1"/>
      </symbol>
      <symbol id="sm-1ff">
         <name>_errno</name>
         <value>0x9cba</value>
         <object_component_ref idref="oc-a5"/>
      </symbol>
      <symbol id="sm-209">
         <name>_putchar</name>
         <value>0x242e4</value>
         <object_component_ref idref="oc-a9"/>
      </symbol>
      <symbol id="sm-20a">
         <name>_putc</name>
         <value>0x2424d</value>
         <object_component_ref idref="oc-a9"/>
      </symbol>
      <symbol id="sm-20b">
         <name>_fputc</name>
         <value>0x2424d</value>
         <object_component_ref idref="oc-a9"/>
      </symbol>
      <symbol id="sm-219">
         <name>_puts</name>
         <value>0x23a2c</value>
         <object_component_ref idref="oc-ad"/>
      </symbol>
      <symbol id="sm-21a">
         <name>_fputs</name>
         <value>0x238f7</value>
         <object_component_ref idref="oc-ad"/>
      </symbol>
      <symbol id="sm-224">
         <name>__frcmpyd</name>
         <value>0x2448c</value>
         <object_component_ref idref="oc-b2"/>
      </symbol>
      <symbol id="sm-230">
         <name>_frexp</name>
         <value>0x23f46</value>
         <object_component_ref idref="oc-b6"/>
      </symbol>
      <symbol id="sm-23a">
         <name>___isinf</name>
         <value>0x24b34</value>
         <object_component_ref idref="oc-bb"/>
      </symbol>
      <symbol id="sm-244">
         <name>__divull</name>
         <value>0x22c44</value>
         <object_component_ref idref="oc-bf"/>
      </symbol>
      <symbol id="sm-245">
         <name>__mpylli</name>
         <value>0x22b8c</value>
         <object_component_ref idref="oc-bf"/>
      </symbol>
      <symbol id="sm-246">
         <name>__remlli</name>
         <value>0x22b5d</value>
         <object_component_ref idref="oc-bf"/>
      </symbol>
      <symbol id="sm-247">
         <name>__divlli</name>
         <value>0x22d38</value>
         <object_component_ref idref="oc-bf"/>
      </symbol>
      <symbol id="sm-248">
         <name>__remull</name>
         <value>0x22b0f</value>
         <object_component_ref idref="oc-bf"/>
      </symbol>
      <symbol id="sm-25a">
         <name>_add_device</name>
         <value>0x219f7</value>
         <object_component_ref idref="oc-c3"/>
      </symbol>
      <symbol id="sm-25b">
         <name>_rename</name>
         <value>0x21719</value>
         <object_component_ref idref="oc-c3"/>
      </symbol>
      <symbol id="sm-25c">
         <name>_read</name>
         <value>0x217a8</value>
         <object_component_ref idref="oc-c3"/>
      </symbol>
      <symbol id="sm-25d">
         <name>_unlink</name>
         <value>0x216e6</value>
         <object_component_ref idref="oc-c3"/>
      </symbol>
      <symbol id="sm-25e">
         <name>_remove_device</name>
         <value>0x21772</value>
         <object_component_ref idref="oc-c3"/>
      </symbol>
      <symbol id="sm-25f">
         <name>_open</name>
         <value>0x21856</value>
         <object_component_ref idref="oc-c3"/>
      </symbol>
      <symbol id="sm-260">
         <name>_find_registered_device</name>
         <value>0x2197b</value>
         <object_component_ref idref="oc-c3"/>
      </symbol>
      <symbol id="sm-261">
         <name>_lseek</name>
         <value>0x21915</value>
         <object_component_ref idref="oc-c3"/>
      </symbol>
      <symbol id="sm-262">
         <name>_close</name>
         <value>0x21984</value>
         <object_component_ref idref="oc-c3"/>
      </symbol>
      <symbol id="sm-263">
         <name>_write</name>
         <value>0x215a4</value>
         <object_component_ref idref="oc-c3"/>
      </symbol>
      <symbol id="sm-26d">
         <name>_ltoa</name>
         <value>0x24394</value>
         <object_component_ref idref="oc-c9"/>
      </symbol>
      <symbol id="sm-278">
         <name>_memccpy</name>
         <value>0x24b11</value>
         <object_component_ref idref="oc-cd"/>
      </symbol>
      <symbol id="sm-280">
         <name>_memcpy</name>
         <value>0x24a0c</value>
         <object_component_ref idref="oc-d1"/>
      </symbol>
      <symbol id="sm-28c">
         <name>_modf</name>
         <value>0x240d4</value>
         <object_component_ref idref="oc-d5"/>
      </symbol>
      <symbol id="sm-296">
         <name>__remli</name>
         <value>0x24938</value>
         <object_component_ref idref="oc-da"/>
      </symbol>
      <symbol id="sm-2a1">
         <name>__remul</name>
         <value>0x24575</value>
         <object_component_ref idref="oc-de"/>
      </symbol>
      <symbol id="sm-2ad">
         <name>__nround</name>
         <value>0x24795</value>
         <object_component_ref idref="oc-e2"/>
      </symbol>
      <symbol id="sm-2b9">
         <name>_HOSTopen</name>
         <value>0x21df2</value>
         <object_component_ref idref="oc-e7"/>
      </symbol>
      <symbol id="sm-2ba">
         <name>_HOSTread</name>
         <value>0x21d65</value>
         <object_component_ref idref="oc-e7"/>
      </symbol>
      <symbol id="sm-2bb">
         <name>_HOSTtime</name>
         <value>0x21c59</value>
         <object_component_ref idref="oc-e7"/>
      </symbol>
      <symbol id="sm-2bc">
         <name>_getenv</name>
         <value>0x21ae7</value>
         <object_component_ref idref="oc-e7"/>
      </symbol>
      <symbol id="sm-2bd">
         <name>_HOSTrename</name>
         <value>0x21cb7</value>
         <object_component_ref idref="oc-e7"/>
      </symbol>
      <symbol id="sm-2be">
         <name>_HOSTclock</name>
         <value>0x21fb1</value>
         <object_component_ref idref="oc-e7"/>
      </symbol>
      <symbol id="sm-2bf">
         <name>_HOSTwrite</name>
         <value>0x21b62</value>
         <object_component_ref idref="oc-e7"/>
      </symbol>
      <symbol id="sm-2c0">
         <name>_HOSTlseek</name>
         <value>0x21e91</value>
         <object_component_ref idref="oc-e7"/>
      </symbol>
      <symbol id="sm-2c1">
         <name>_HOSTunlink</name>
         <value>0x21bef</value>
         <object_component_ref idref="oc-e7"/>
      </symbol>
      <symbol id="sm-2c2">
         <name>_HOSTclose</name>
         <value>0x21f46</value>
         <object_component_ref idref="oc-e7"/>
      </symbol>
      <symbol id="sm-2d4">
         <name>C$$IO$$</name>
         <value>0x24248</value>
         <object_component_ref idref="oc-ef"/>
      </symbol>
      <symbol id="sm-2d5">
         <name>__CIOBUF_</name>
         <value>0x40000</value>
         <object_component_ref idref="oc-ee"/>
      </symbol>
      <symbol id="sm-2d6">
         <name>_readmsg</name>
         <value>0x24656</value>
         <object_component_ref idref="oc-ec"/>
      </symbol>
      <symbol id="sm-2d7">
         <name>_writemsg</name>
         <value>0x24193</value>
         <object_component_ref idref="oc-ef"/>
      </symbol>
      <symbol id="sm-2df">
         <name>__remu</name>
         <value>0x24afc</value>
         <object_component_ref idref="oc-f2"/>
      </symbol>
      <symbol id="sm-2e0">
         <name>__divu</name>
         <value>0x24ae7</value>
         <object_component_ref idref="oc-f2"/>
      </symbol>
      <symbol id="sm-2e1">
         <name>I$$UMOD</name>
         <value>0x24afc</value>
         <object_component_ref idref="oc-f2"/>
      </symbol>
      <symbol id="sm-2e2">
         <name>I$$UDIV</name>
         <value>0x24ae7</value>
         <object_component_ref idref="oc-f2"/>
      </symbol>
      <symbol id="sm-2ec">
         <name>__rd_ok</name>
         <value>0x23ee9</value>
         <object_component_ref idref="oc-f6"/>
      </symbol>
      <symbol id="sm-2ed">
         <name>__wrt_ok</name>
         <value>0x23e69</value>
         <object_component_ref idref="oc-f6"/>
      </symbol>
      <symbol id="sm-2f7">
         <name>__divli</name>
         <value>0x24983</value>
         <object_component_ref idref="oc-fa"/>
      </symbol>
      <symbol id="sm-301">
         <name>__doflush</name>
         <value>0x24012</value>
         <object_component_ref idref="oc-fe"/>
      </symbol>
      <symbol id="sm-302">
         <name>_fflush</name>
         <value>0x2407b</value>
         <object_component_ref idref="oc-fe"/>
      </symbol>
      <symbol id="sm-30c">
         <name>_fseek</name>
         <value>0x246c3</value>
         <object_component_ref idref="oc-102"/>
      </symbol>
      <symbol id="sm-316">
         <name>_setvbuf</name>
         <value>0x23d83</value>
         <object_component_ref idref="oc-106"/>
      </symbol>
      <symbol id="sm-325">
         <name>__cleanup</name>
         <value>0x229b1</value>
         <object_component_ref idref="oc-10a"/>
      </symbol>
      <symbol id="sm-326">
         <name>_fopen</name>
         <value>0x22ad4</value>
         <object_component_ref idref="oc-10a"/>
      </symbol>
      <symbol id="sm-327">
         <name>_freopen</name>
         <value>0x22a0b</value>
         <object_component_ref idref="oc-10a"/>
      </symbol>
      <symbol id="sm-337">
         <name>__sys_memory</name>
         <value>0x9e08</value>
         <object_component_ref idref="oc-114"/>
      </symbol>
      <symbol id="sm-338">
         <name>_chkheap</name>
         <value>0x22496</value>
         <object_component_ref idref="oc-110"/>
      </symbol>
      <symbol id="sm-339">
         <name>_realloc</name>
         <value>0x22235</value>
         <object_component_ref idref="oc-110"/>
      </symbol>
      <symbol id="sm-33a">
         <name>_free_memory</name>
         <value>0x22440</value>
         <object_component_ref idref="oc-110"/>
      </symbol>
      <symbol id="sm-33b">
         <name>_max_free</name>
         <value>0x223e6</value>
         <object_component_ref idref="oc-110"/>
      </symbol>
      <symbol id="sm-33c">
         <name>_free</name>
         <value>0x2200f</value>
         <object_component_ref idref="oc-110"/>
      </symbol>
      <symbol id="sm-33d">
         <name>_calloc</name>
         <value>0x2249e</value>
         <object_component_ref idref="oc-110"/>
      </symbol>
      <symbol id="sm-33e">
         <name>_malloc</name>
         <value>0x22140</value>
         <object_component_ref idref="oc-110"/>
      </symbol>
      <symbol id="sm-33f">
         <name>_minit</name>
         <value>0x220db</value>
         <object_component_ref idref="oc-110"/>
      </symbol>
      <symbol id="sm-349">
         <name>_fclose</name>
         <value>0x24411</value>
         <object_component_ref idref="oc-117"/>
      </symbol>
      <symbol id="sm-353">
         <name>_remove</name>
         <value>0x24ba3</value>
         <object_component_ref idref="oc-11b"/>
      </symbol>
   </symbol_table>
</link_info>
