<?xml version="1.0"?>
<link_info>
   <banner>TMS320C55x Linker PC v4.4.1</banner>
   <copyright>Copyright (c) 1996-2012 Texas Instruments Incorporated</copyright>
   <link_time>0x5fb79090</link_time>
   <output_file>Vezba5-board.out</output_file>
   <entry_point>
      <name>_c_int00</name>
      <address>0x26e8a</address>
   </entry_point>
   <input_file_list>
      <input_file id="fl-2">
         <path>.\</path>
         <kind>object</kind>
         <file>aic3204.obj</file>
         <name>aic3204.obj</name>
      </input_file>
      <input_file id="fl-3">
         <path>.\</path>
         <kind>object</kind>
         <file>aic3204_init.obj</file>
         <name>aic3204_init.obj</name>
      </input_file>
      <input_file id="fl-4">
         <path>.\</path>
         <kind>object</kind>
         <file>direct_form_iir.obj</file>
         <name>direct_form_iir.obj</name>
      </input_file>
      <input_file id="fl-5">
         <path>.\</path>
         <kind>object</kind>
         <file>ezdsp5535_aic3204_dma.obj</file>
         <name>ezdsp5535_aic3204_dma.obj</name>
      </input_file>
      <input_file id="fl-6">
         <path>.\</path>
         <kind>object</kind>
         <file>iir.obj</file>
         <name>iir.obj</name>
      </input_file>
      <input_file id="fl-7">
         <path>.\</path>
         <kind>object</kind>
         <file>main.obj</file>
         <name>main.obj</name>
      </input_file>
      <input_file id="fl-10">
         <path>..\lib\</path>
         <kind>archive</kind>
         <file>ezdsp5535bsl.lib</file>
         <name>ezdsp5535_i2s.obj</name>
      </input_file>
      <input_file id="fl-11">
         <path>..\lib\</path>
         <kind>archive</kind>
         <file>ezdsp5535bsl.lib</file>
         <name>ezdsp5535_i2c.obj</name>
      </input_file>
      <input_file id="fl-12">
         <path>..\lib\</path>
         <kind>archive</kind>
         <file>ezdsp5535bsl.lib</file>
         <name>ezdsp5535.obj</name>
      </input_file>
      <input_file id="fl-13">
         <path>..\c55xx_csl\lib\</path>
         <kind>archive</kind>
         <file>cslVC5505.lib</file>
         <name>vectors.obj</name>
      </input_file>
      <input_file id="fl-14">
         <path>..\c55xx_csl\lib\</path>
         <kind>archive</kind>
         <file>cslVC5505.lib</file>
         <name>csl_irqplug.obj</name>
      </input_file>
      <input_file id="fl-15">
         <path>..\c55xx_csl\lib\</path>
         <kind>archive</kind>
         <file>cslVC5505.lib</file>
         <name>csl_intc.obj</name>
      </input_file>
      <input_file id="fl-16">
         <path>..\c55xx_csl\lib\</path>
         <kind>archive</kind>
         <file>cslVC5505.lib</file>
         <name>csl_i2s.obj</name>
      </input_file>
      <input_file id="fl-17">
         <path>..\c55xx_csl\lib\</path>
         <kind>archive</kind>
         <file>cslVC5505.lib</file>
         <name>csl_i2c.obj</name>
      </input_file>
      <input_file id="fl-18">
         <path>C:\ti\ccsv6\tools\compiler\c5500_4.4.1\lib\</path>
         <kind>archive</kind>
         <file>rts55x.lib</file>
         <name>addd.obj</name>
      </input_file>
      <input_file id="fl-19">
         <path>C:\ti\ccsv6\tools\compiler\c5500_4.4.1\lib\</path>
         <kind>archive</kind>
         <file>rts55x.lib</file>
         <name>boot.obj</name>
      </input_file>
      <input_file id="fl-1a">
         <path>C:\ti\ccsv6\tools\compiler\c5500_4.4.1\lib\</path>
         <kind>archive</kind>
         <file>rts55x.lib</file>
         <name>divul.obj</name>
      </input_file>
      <input_file id="fl-1b">
         <path>C:\ti\ccsv6\tools\compiler\c5500_4.4.1\lib\</path>
         <kind>archive</kind>
         <file>rts55x.lib</file>
         <name>exit.obj</name>
      </input_file>
      <input_file id="fl-1c">
         <path>C:\ti\ccsv6\tools\compiler\c5500_4.4.1\lib\</path>
         <kind>archive</kind>
         <file>rts55x.lib</file>
         <name>lmpy.obj</name>
      </input_file>
      <input_file id="fl-1d">
         <path>C:\ti\ccsv6\tools\compiler\c5500_4.4.1\lib\</path>
         <kind>archive</kind>
         <file>rts55x.lib</file>
         <name>mpyd.obj</name>
      </input_file>
      <input_file id="fl-1e">
         <path>C:\ti\ccsv6\tools\compiler\c5500_4.4.1\lib\</path>
         <kind>archive</kind>
         <file>rts55x.lib</file>
         <name>printf.obj</name>
      </input_file>
      <input_file id="fl-1f">
         <path>C:\ti\ccsv6\tools\compiler\c5500_4.4.1\lib\</path>
         <kind>archive</kind>
         <file>rts55x.lib</file>
         <name>remul.obj</name>
      </input_file>
      <input_file id="fl-20">
         <path>C:\ti\ccsv6\tools\compiler\c5500_4.4.1\lib\</path>
         <kind>archive</kind>
         <file>rts55x.lib</file>
         <name>subd.obj</name>
      </input_file>
      <input_file id="fl-21">
         <path>C:\ti\ccsv6\tools\compiler\c5500_4.4.1\lib\</path>
         <kind>archive</kind>
         <file>rts55x.lib</file>
         <name>vectors.obj</name>
      </input_file>
      <input_file id="fl-22">
         <path>C:\ti\ccsv6\tools\compiler\c5500_4.4.1\lib\</path>
         <kind>archive</kind>
         <file>rts55x.lib</file>
         <name>_lock.obj</name>
      </input_file>
      <input_file id="fl-23">
         <path>C:\ti\ccsv6\tools\compiler\c5500_4.4.1\lib\</path>
         <kind>archive</kind>
         <file>rts55x.lib</file>
         <name>_printfi.obj</name>
      </input_file>
      <input_file id="fl-24">
         <path>C:\ti\ccsv6\tools\compiler\c5500_4.4.1\lib\</path>
         <kind>archive</kind>
         <file>rts55x.lib</file>
         <name>args_main.obj</name>
      </input_file>
      <input_file id="fl-25">
         <path>C:\ti\ccsv6\tools\compiler\c5500_4.4.1\lib\</path>
         <kind>archive</kind>
         <file>rts55x.lib</file>
         <name>atoi.obj</name>
      </input_file>
      <input_file id="fl-26">
         <path>C:\ti\ccsv6\tools\compiler\c5500_4.4.1\lib\</path>
         <kind>archive</kind>
         <file>rts55x.lib</file>
         <name>autoinit.obj</name>
      </input_file>
      <input_file id="fl-27">
         <path>C:\ti\ccsv6\tools\compiler\c5500_4.4.1\lib\</path>
         <kind>archive</kind>
         <file>rts55x.lib</file>
         <name>cmpd.obj</name>
      </input_file>
      <input_file id="fl-28">
         <path>C:\ti\ccsv6\tools\compiler\c5500_4.4.1\lib\</path>
         <kind>archive</kind>
         <file>rts55x.lib</file>
         <name>ctype.obj</name>
      </input_file>
      <input_file id="fl-29">
         <path>C:\ti\ccsv6\tools\compiler\c5500_4.4.1\lib\</path>
         <kind>archive</kind>
         <file>rts55x.lib</file>
         <name>defs.obj</name>
      </input_file>
      <input_file id="fl-2a">
         <path>C:\ti\ccsv6\tools\compiler\c5500_4.4.1\lib\</path>
         <kind>archive</kind>
         <file>rts55x.lib</file>
         <name>divd.obj</name>
      </input_file>
      <input_file id="fl-2b">
         <path>C:\ti\ccsv6\tools\compiler\c5500_4.4.1\lib\</path>
         <kind>archive</kind>
         <file>rts55x.lib</file>
         <name>fixdi.obj</name>
      </input_file>
      <input_file id="fl-2c">
         <path>C:\ti\ccsv6\tools\compiler\c5500_4.4.1\lib\</path>
         <kind>archive</kind>
         <file>rts55x.lib</file>
         <name>fixdli.obj</name>
      </input_file>
      <input_file id="fl-2d">
         <path>C:\ti\ccsv6\tools\compiler\c5500_4.4.1\lib\</path>
         <kind>archive</kind>
         <file>rts55x.lib</file>
         <name>fltlid.obj</name>
      </input_file>
      <input_file id="fl-2e">
         <path>C:\ti\ccsv6\tools\compiler\c5500_4.4.1\lib\</path>
         <kind>archive</kind>
         <file>rts55x.lib</file>
         <name>fputc.obj</name>
      </input_file>
      <input_file id="fl-2f">
         <path>C:\ti\ccsv6\tools\compiler\c5500_4.4.1\lib\</path>
         <kind>archive</kind>
         <file>rts55x.lib</file>
         <name>fputs.obj</name>
      </input_file>
      <input_file id="fl-30">
         <path>C:\ti\ccsv6\tools\compiler\c5500_4.4.1\lib\</path>
         <kind>archive</kind>
         <file>rts55x.lib</file>
         <name>frcmpyd.obj</name>
      </input_file>
      <input_file id="fl-31">
         <path>C:\ti\ccsv6\tools\compiler\c5500_4.4.1\lib\</path>
         <kind>archive</kind>
         <file>rts55x.lib</file>
         <name>frcmpyd_div.obj</name>
      </input_file>
      <input_file id="fl-32">
         <path>C:\ti\ccsv6\tools\compiler\c5500_4.4.1\lib\</path>
         <kind>archive</kind>
         <file>rts55x.lib</file>
         <name>isinf.obj</name>
      </input_file>
      <input_file id="fl-33">
         <path>C:\ti\ccsv6\tools\compiler\c5500_4.4.1\lib\</path>
         <kind>archive</kind>
         <file>rts55x.lib</file>
         <name>llmpy.obj</name>
      </input_file>
      <input_file id="fl-34">
         <path>C:\ti\ccsv6\tools\compiler\c5500_4.4.1\lib\</path>
         <kind>archive</kind>
         <file>rts55x.lib</file>
         <name>lowlev.obj</name>
      </input_file>
      <input_file id="fl-35">
         <path>C:\ti\ccsv6\tools\compiler\c5500_4.4.1\lib\</path>
         <kind>archive</kind>
         <file>rts55x.lib</file>
         <name>ltoa.obj</name>
      </input_file>
      <input_file id="fl-36">
         <path>C:\ti\ccsv6\tools\compiler\c5500_4.4.1\lib\</path>
         <kind>archive</kind>
         <file>rts55x.lib</file>
         <name>memccpy.obj</name>
      </input_file>
      <input_file id="fl-37">
         <path>C:\ti\ccsv6\tools\compiler\c5500_4.4.1\lib\</path>
         <kind>archive</kind>
         <file>rts55x.lib</file>
         <name>memcpy.obj</name>
      </input_file>
      <input_file id="fl-38">
         <path>C:\ti\ccsv6\tools\compiler\c5500_4.4.1\lib\</path>
         <kind>archive</kind>
         <file>rts55x.lib</file>
         <name>negd.obj</name>
      </input_file>
      <input_file id="fl-39">
         <path>C:\ti\ccsv6\tools\compiler\c5500_4.4.1\lib\</path>
         <kind>archive</kind>
         <file>rts55x.lib</file>
         <name>remli.obj</name>
      </input_file>
      <input_file id="fl-3a">
         <path>C:\ti\ccsv6\tools\compiler\c5500_4.4.1\lib\</path>
         <kind>archive</kind>
         <file>rts55x.lib</file>
         <name>trgdrv.obj</name>
      </input_file>
      <input_file id="fl-3b">
         <path>C:\ti\ccsv6\tools\compiler\c5500_4.4.1\lib\</path>
         <kind>archive</kind>
         <file>rts55x.lib</file>
         <name>trgmsg.obj</name>
      </input_file>
      <input_file id="fl-3c">
         <path>C:\ti\ccsv6\tools\compiler\c5500_4.4.1\lib\</path>
         <kind>archive</kind>
         <file>rts55x.lib</file>
         <name>udiv.obj</name>
      </input_file>
      <input_file id="fl-3d">
         <path>C:\ti\ccsv6\tools\compiler\c5500_4.4.1\lib\</path>
         <kind>archive</kind>
         <file>rts55x.lib</file>
         <name>_io_perm.obj</name>
      </input_file>
      <input_file id="fl-3e">
         <path>C:\ti\ccsv6\tools\compiler\c5500_4.4.1\lib\</path>
         <kind>archive</kind>
         <file>rts55x.lib</file>
         <name>divli.obj</name>
      </input_file>
      <input_file id="fl-3f">
         <path>C:\ti\ccsv6\tools\compiler\c5500_4.4.1\lib\</path>
         <kind>archive</kind>
         <file>rts55x.lib</file>
         <name>fflush.obj</name>
      </input_file>
      <input_file id="fl-40">
         <path>C:\ti\ccsv6\tools\compiler\c5500_4.4.1\lib\</path>
         <kind>archive</kind>
         <file>rts55x.lib</file>
         <name>fseek.obj</name>
      </input_file>
      <input_file id="fl-41">
         <path>C:\ti\ccsv6\tools\compiler\c5500_4.4.1\lib\</path>
         <kind>archive</kind>
         <file>rts55x.lib</file>
         <name>setvbuf.obj</name>
      </input_file>
      <input_file id="fl-42">
         <path>C:\ti\ccsv6\tools\compiler\c5500_4.4.1\lib\</path>
         <kind>archive</kind>
         <file>rts55x.lib</file>
         <name>fopen.obj</name>
      </input_file>
      <input_file id="fl-43">
         <path>C:\ti\ccsv6\tools\compiler\c5500_4.4.1\lib\</path>
         <kind>archive</kind>
         <file>rts55x.lib</file>
         <name>memory.obj</name>
      </input_file>
      <input_file id="fl-44">
         <path>C:\ti\ccsv6\tools\compiler\c5500_4.4.1\lib\</path>
         <kind>archive</kind>
         <file>rts55x.lib</file>
         <name>fclose.obj</name>
      </input_file>
      <input_file id="fl-45">
         <path>C:\ti\ccsv6\tools\compiler\c5500_4.4.1\lib\</path>
         <kind>archive</kind>
         <file>rts55x.lib</file>
         <name>remove.obj</name>
      </input_file>
   </input_file_list>
   <object_component_list>
      <object_component id="oc-94">
         <name>.text</name>
         <load_address>0x20000</load_address>
         <run_address>0x20000</run_address>
         <size>0x15a4</size>
         <input_file_ref idref="fl-23"/>
      </object_component>
      <object_component id="oc-5d">
         <name>.text</name>
         <load_address>0x215a4</load_address>
         <run_address>0x215a4</run_address>
         <size>0xc3c</size>
         <input_file_ref idref="fl-17"/>
      </object_component>
      <object_component id="oc-56">
         <name>.text</name>
         <load_address>0x221e0</load_address>
         <run_address>0x221e0</run_address>
         <size>0x9f3</size>
         <input_file_ref idref="fl-16"/>
      </object_component>
      <object_component id="oc-18">
         <name>.text</name>
         <load_address>0x22bd3</load_address>
         <run_address>0x22bd3</run_address>
         <size>0x5b5</size>
         <input_file_ref idref="fl-3"/>
      </object_component>
      <object_component id="oc-50">
         <name>.text</name>
         <load_address>0x23188</load_address>
         <run_address>0x23188</run_address>
         <size>0x554</size>
         <input_file_ref idref="fl-15"/>
      </object_component>
      <object_component id="oc-da">
         <name>.text</name>
         <load_address>0x236dc</load_address>
         <run_address>0x236dc</run_address>
         <size>0x543</size>
         <input_file_ref idref="fl-34"/>
      </object_component>
      <object_component id="oc-f4">
         <name>.text</name>
         <load_address>0x23c1f</load_address>
         <run_address>0x23c1f</run_address>
         <size>0x528</size>
         <input_file_ref idref="fl-3a"/>
      </object_component>
      <object_component id="oc-11d">
         <name>.text</name>
         <load_address>0x24147</load_address>
         <run_address>0x24147</run_address>
         <size>0x4b5</size>
         <input_file_ref idref="fl-43"/>
      </object_component>
      <object_component id="oc-b0">
         <name>.text</name>
         <load_address>0x245fc</load_address>
         <run_address>0x245fc</run_address>
         <size>0x3cc</size>
         <input_file_ref idref="fl-2a"/>
      </object_component>
      <object_component id="oc-2a">
         <name>.text</name>
         <load_address>0x249c8</load_address>
         <run_address>0x249c8</run_address>
         <size>0x3b0</size>
         <input_file_ref idref="fl-6"/>
      </object_component>
      <object_component id="oc-23">
         <name>.text</name>
         <load_address>0x24d78</load_address>
         <run_address>0x24d78</run_address>
         <size>0x31b</size>
         <input_file_ref idref="fl-5"/>
      </object_component>
      <object_component id="oc-117">
         <name>.text</name>
         <load_address>0x25093</load_address>
         <run_address>0x25093</run_address>
         <size>0x27f</size>
         <input_file_ref idref="fl-42"/>
      </object_component>
      <object_component id="oc-d6">
         <name>.text</name>
         <load_address>0x25312</load_address>
         <run_address>0x25312</run_address>
         <size>0x25e</size>
         <input_file_ref idref="fl-33"/>
      </object_component>
      <object_component id="oc-63">
         <name>.text</name>
         <load_address>0x25570</load_address>
         <run_address>0x25570</run_address>
         <size>0x25a</size>
         <input_file_ref idref="fl-18"/>
      </object_component>
      <object_component id="oc-1e">
         <name>.text</name>
         <load_address>0x257ca</load_address>
         <run_address>0x257ca</run_address>
         <size>0x20f</size>
         <input_file_ref idref="fl-4"/>
      </object_component>
      <object_component id="oc-a6">
         <name>.text</name>
         <load_address>0x259d9</load_address>
         <run_address>0x259d9</run_address>
         <size>0x1ea</size>
         <input_file_ref idref="fl-27"/>
      </object_component>
      <object_component id="oc-c5">
         <name>.text</name>
         <load_address>0x25bc3</load_address>
         <run_address>0x25bc3</run_address>
         <size>0x163</size>
         <input_file_ref idref="fl-2f"/>
      </object_component>
      <object_component id="oc-7a">
         <name>.text</name>
         <load_address>0x25d26</load_address>
         <run_address>0x25d26</run_address>
         <size>0x14c</size>
         <input_file_ref idref="fl-1d"/>
      </object_component>
      <object_component id="oc-37">
         <name>.text</name>
         <load_address>0x25e72</load_address>
         <run_address>0x25e72</run_address>
         <size>0x107</size>
         <input_file_ref idref="fl-10"/>
      </object_component>
      <object_component id="oc-113">
         <name>.text</name>
         <load_address>0x25f79</load_address>
         <run_address>0x25f79</run_address>
         <size>0xe6</size>
         <input_file_ref idref="fl-41"/>
      </object_component>
      <object_component id="oc-103">
         <name>.text</name>
         <load_address>0x2605f</load_address>
         <run_address>0x2605f</run_address>
         <size>0xdd</size>
         <input_file_ref idref="fl-3d"/>
      </object_component>
      <object_component id="oc-30">
         <name>.text</name>
         <load_address>0x2613c</load_address>
         <run_address>0x2613c</run_address>
         <size>0xcc</size>
         <input_file_ref idref="fl-7"/>
      </object_component>
      <object_component id="oc-26">
         <name>.text:retain</name>
         <load_address>0x26208</load_address>
         <run_address>0x26208</run_address>
         <size>0xcc</size>
         <input_file_ref idref="fl-5"/>
      </object_component>
      <object_component id="oc-12">
         <name>.text</name>
         <load_address>0x262d4</load_address>
         <run_address>0x262d4</run_address>
         <size>0xc3</size>
         <input_file_ref idref="fl-2"/>
      </object_component>
      <object_component id="oc-10b">
         <name>.text</name>
         <load_address>0x26397</load_address>
         <run_address>0x26397</run_address>
         <size>0xc2</size>
         <input_file_ref idref="fl-3f"/>
      </object_component>
      <object_component id="oc-fc">
         <name>.text:CIO_breakpoint</name>
         <load_address>0x26459</load_address>
         <run_address>0x26459</run_address>
         <size>0xba</size>
         <input_file_ref idref="fl-3b"/>
      </object_component>
      <object_component id="oc-c1">
         <name>.text</name>
         <load_address>0x26513</load_address>
         <run_address>0x26513</run_address>
         <size>0xa6</size>
         <input_file_ref idref="fl-2e"/>
      </object_component>
      <object_component id="oc-6b">
         <name>.text</name>
         <load_address>0x265b9</load_address>
         <run_address>0x265b9</run_address>
         <size>0xa1</size>
         <input_file_ref idref="fl-1a"/>
      </object_component>
      <object_component id="oc-3d">
         <name>.text</name>
         <load_address>0x2665a</load_address>
         <run_address>0x2665a</run_address>
         <size>0x8e</size>
         <input_file_ref idref="fl-11"/>
      </object_component>
      <object_component id="oc-4c">
         <name>.text</name>
         <load_address>0x266e8</load_address>
         <run_address>0x266e8</run_address>
         <size>0x8c</size>
         <input_file_ref idref="fl-14"/>
      </object_component>
      <object_component id="oc-e0">
         <name>.text</name>
         <load_address>0x26774</load_address>
         <run_address>0x26774</run_address>
         <size>0x7d</size>
         <input_file_ref idref="fl-35"/>
      </object_component>
      <object_component id="oc-124">
         <name>.text</name>
         <load_address>0x267f1</load_address>
         <run_address>0x267f1</run_address>
         <size>0x7b</size>
         <input_file_ref idref="fl-44"/>
      </object_component>
      <object_component id="oc-ca">
         <name>.text</name>
         <load_address>0x2686c</load_address>
         <run_address>0x2686c</run_address>
         <size>0x76</size>
         <input_file_ref idref="fl-30"/>
      </object_component>
      <object_component id="oc-ce">
         <name>.text</name>
         <load_address>0x268e2</load_address>
         <run_address>0x268e2</run_address>
         <size>0x73</size>
         <input_file_ref idref="fl-31"/>
      </object_component>
      <object_component id="oc-82">
         <name>.text</name>
         <load_address>0x26955</load_address>
         <run_address>0x26955</run_address>
         <size>0x72</size>
         <input_file_ref idref="fl-1f"/>
      </object_component>
      <object_component id="oc-b8">
         <name>.text</name>
         <load_address>0x269c7</load_address>
         <run_address>0x269c7</run_address>
         <size>0x6f</size>
         <input_file_ref idref="fl-2c"/>
      </object_component>
      <object_component id="oc-47">
         <name>.text</name>
         <load_address>0x26a36</load_address>
         <run_address>0x26a36</run_address>
         <size>0x6d</size>
         <input_file_ref idref="fl-13"/>
      </object_component>
      <object_component id="oc-f9">
         <name>.text</name>
         <load_address>0x26aa3</load_address>
         <run_address>0x26aa3</run_address>
         <size>0x6d</size>
         <input_file_ref idref="fl-3b"/>
      </object_component>
      <object_component id="oc-10f">
         <name>.text</name>
         <load_address>0x26b10</load_address>
         <run_address>0x26b10</run_address>
         <size>0x6b</size>
         <input_file_ref idref="fl-40"/>
      </object_component>
      <object_component id="oc-bc">
         <name>.text</name>
         <load_address>0x26b7b</load_address>
         <run_address>0x26b7b</run_address>
         <size>0x67</size>
         <input_file_ref idref="fl-2d"/>
      </object_component>
      <object_component id="oc-9e">
         <name>.text</name>
         <load_address>0x26be2</load_address>
         <run_address>0x26be2</run_address>
         <size>0x5c</size>
         <input_file_ref idref="fl-25"/>
      </object_component>
      <object_component id="oc-42">
         <name>.text</name>
         <load_address>0x26c3e</load_address>
         <run_address>0x26c3e</run_address>
         <size>0x54</size>
         <input_file_ref idref="fl-12"/>
      </object_component>
      <object_component id="oc-7e">
         <name>.text</name>
         <load_address>0x26c92</load_address>
         <run_address>0x26c92</run_address>
         <size>0x50</size>
         <input_file_ref idref="fl-1e"/>
      </object_component>
      <object_component id="oc-a2">
         <name>.text</name>
         <load_address>0x26ce2</load_address>
         <run_address>0x26ce2</run_address>
         <size>0x4d</size>
         <input_file_ref idref="fl-26"/>
      </object_component>
      <object_component id="oc-9a">
         <name>.text</name>
         <load_address>0x26d2f</load_address>
         <run_address>0x26d2f</run_address>
         <size>0x4b</size>
         <input_file_ref idref="fl-24"/>
      </object_component>
      <object_component id="oc-f0">
         <name>.text</name>
         <load_address>0x26d7a</load_address>
         <run_address>0x26d7a</run_address>
         <size>0x4b</size>
         <input_file_ref idref="fl-39"/>
      </object_component>
      <object_component id="oc-107">
         <name>.text</name>
         <load_address>0x26dc5</load_address>
         <run_address>0x26dc5</run_address>
         <size>0x48</size>
         <input_file_ref idref="fl-3e"/>
      </object_component>
      <object_component id="oc-e8">
         <name>.text</name>
         <load_address>0x26e0d</load_address>
         <run_address>0x26e0d</run_address>
         <size>0x3f</size>
         <input_file_ref idref="fl-37"/>
      </object_component>
      <object_component id="oc-6f">
         <name>.text</name>
         <load_address>0x26e4c</load_address>
         <run_address>0x26e4c</run_address>
         <size>0x3e</size>
         <input_file_ref idref="fl-1b"/>
      </object_component>
      <object_component id="oc-10">
         <name>.text</name>
         <load_address>0x26e8a</load_address>
         <run_address>0x26e8a</run_address>
         <size>0x34</size>
         <input_file_ref idref="fl-19"/>
      </object_component>
      <object_component id="oc-b4">
         <name>.text</name>
         <load_address>0x26ebe</load_address>
         <run_address>0x26ebe</run_address>
         <size>0x2a</size>
         <input_file_ref idref="fl-2b"/>
      </object_component>
      <object_component id="oc-ff">
         <name>.text</name>
         <load_address>0x26ee8</load_address>
         <run_address>0x26ee8</run_address>
         <size>0x2a</size>
         <input_file_ref idref="fl-3c"/>
      </object_component>
      <object_component id="oc-e4">
         <name>.text</name>
         <load_address>0x26f12</load_address>
         <run_address>0x26f12</run_address>
         <size>0x23</size>
         <input_file_ref idref="fl-36"/>
      </object_component>
      <object_component id="oc-d2">
         <name>.text</name>
         <load_address>0x26f35</load_address>
         <run_address>0x26f35</run_address>
         <size>0x1a</size>
         <input_file_ref idref="fl-32"/>
      </object_component>
      <object_component id="oc-86">
         <name>.text</name>
         <load_address>0x26f4f</load_address>
         <run_address>0x26f4f</run_address>
         <size>0x14</size>
         <input_file_ref idref="fl-20"/>
      </object_component>
      <object_component id="oc-76">
         <name>.text</name>
         <load_address>0x26f63</load_address>
         <run_address>0x26f63</run_address>
         <size>0x13</size>
         <input_file_ref idref="fl-1c"/>
      </object_component>
      <object_component id="oc-8e">
         <name>.text</name>
         <load_address>0x26f76</load_address>
         <run_address>0x26f76</run_address>
         <size>0x12</size>
         <input_file_ref idref="fl-22"/>
      </object_component>
      <object_component id="oc-ec">
         <name>.text</name>
         <load_address>0x26f88</load_address>
         <run_address>0x26f88</run_address>
         <size>0x10</size>
         <input_file_ref idref="fl-38"/>
      </object_component>
      <object_component id="oc-128">
         <name>.text</name>
         <load_address>0x26f98</load_address>
         <run_address>0x26f98</run_address>
         <size>0xa</size>
         <input_file_ref idref="fl-45"/>
      </object_component>
      <object_component id="oc-73">
         <name>.text:CIO_breakpoint</name>
         <load_address>0x26fa2</load_address>
         <run_address>0x26fa2</run_address>
         <size>0x7</size>
         <input_file_ref idref="fl-1b"/>
      </object_component>
      <object_component id="oc-8a">
         <name>.text</name>
         <load_address>0x26fa9</load_address>
         <run_address>0x26fa9</run_address>
         <size>0x2</size>
         <input_file_ref idref="fl-21"/>
      </object_component>
      <object_component id="oc-67">
         <name>.stack</name>
         <uninitialized>true</uninitialized>
         <run_address>0xc0</run_address>
         <size>0x0</size>
         <input_file_ref idref="fl-19"/>
      </object_component>
      <object_component id="oc-146">
         <name>.stack</name>
         <uninitialized>true</uninitialized>
         <run_address>0xc0</run_address>
         <size>0x0</size>
      </object_component>
      <object_component id="oc-12c">
         <name>.sysstack</name>
         <uninitialized>true</uninitialized>
         <run_address>0x20c0</run_address>
         <size>0x0</size>
         <input_file_ref idref="fl-19"/>
      </object_component>
      <object_component id="oc-148">
         <name>.sysstack</name>
         <uninitialized>true</uninitialized>
         <run_address>0x20c0</run_address>
         <size>0x0</size>
      </object_component>
      <object_component id="oc-24">
         <name>.bss</name>
         <uninitialized>true</uninitialized>
         <run_address>0x50c0</run_address>
         <size>0x810</size>
         <input_file_ref idref="fl-5"/>
      </object_component>
      <object_component id="oc-31">
         <name>.bss</name>
         <uninitialized>true</uninitialized>
         <run_address>0x58d0</run_address>
         <size>0x400</size>
         <input_file_ref idref="fl-7"/>
      </object_component>
      <object_component id="oc-ac">
         <name>.bss</name>
         <uninitialized>true</uninitialized>
         <run_address>0x5cd0</run_address>
         <size>0x232</size>
         <input_file_ref idref="fl-29"/>
      </object_component>
      <object_component id="oc-f5">
         <name>.bss</name>
         <uninitialized>true</uninitialized>
         <run_address>0x5f02</run_address>
         <size>0x1a0</size>
         <input_file_ref idref="fl-3a"/>
      </object_component>
      <object_component id="oc-118">
         <name>.bss</name>
         <uninitialized>true</uninitialized>
         <run_address>0x60a2</run_address>
         <size>0x2</size>
         <input_file_ref idref="fl-42"/>
      </object_component>
      <object_component id="oc-51">
         <name>.bss</name>
         <uninitialized>true</uninitialized>
         <run_address>0x60a4</run_address>
         <size>0x108</size>
         <input_file_ref idref="fl-15"/>
      </object_component>
      <object_component id="oc-db">
         <name>.bss</name>
         <uninitialized>true</uninitialized>
         <run_address>0x61ac</run_address>
         <size>0xe2</size>
         <input_file_ref idref="fl-34"/>
      </object_component>
      <object_component id="oc-57">
         <name>.bss</name>
         <uninitialized>true</uninitialized>
         <run_address>0x628e</run_address>
         <size>0x54</size>
         <input_file_ref idref="fl-16"/>
      </object_component>
      <object_component id="oc-5e">
         <name>.bss</name>
         <uninitialized>true</uninitialized>
         <run_address>0x62e4</run_address>
         <size>0x24</size>
         <input_file_ref idref="fl-17"/>
      </object_component>
      <object_component id="oc-11e">
         <name>.bss</name>
         <uninitialized>true</uninitialized>
         <run_address>0x6308</run_address>
         <size>0xc</size>
         <input_file_ref idref="fl-43"/>
      </object_component>
      <object_component id="oc-8f">
         <name>.bss</name>
         <uninitialized>true</uninitialized>
         <run_address>0x6314</run_address>
         <size>0x8</size>
         <input_file_ref idref="fl-22"/>
      </object_component>
      <object_component id="oc-70">
         <name>.bss</name>
         <uninitialized>true</uninitialized>
         <run_address>0x631c</run_address>
         <size>0x8</size>
         <input_file_ref idref="fl-1b"/>
      </object_component>
      <object_component id="oc-13">
         <name>.bss</name>
         <uninitialized>true</uninitialized>
         <run_address>0x6324</run_address>
         <size>0x4</size>
         <input_file_ref idref="fl-2"/>
      </object_component>
      <object_component id="oc-38">
         <name>.bss</name>
         <uninitialized>true</uninitialized>
         <run_address>0x6328</run_address>
         <size>0x4</size>
         <input_file_ref idref="fl-10"/>
      </object_component>
      <object_component id="oc-1a">
         <name>.const:.string</name>
         <load_address>0x632c</load_address>
         <run_address>0x632c</run_address>
         <size>0x2e8</size>
         <input_file_ref idref="fl-3"/>
      </object_component>
      <object_component id="oc-12d">
         <name>.const:__ctypes_</name>
         <load_address>0x6614</load_address>
         <run_address>0x6614</run_address>
         <size>0x202</size>
         <input_file_ref idref="fl-28"/>
      </object_component>
      <object_component id="oc-33">
         <name>.const:.string</name>
         <load_address>0x6818</load_address>
         <run_address>0x6818</run_address>
         <size>0x72</size>
         <input_file_ref idref="fl-7"/>
      </object_component>
      <object_component id="oc-97">
         <name>.const:.string</name>
         <load_address>0x688c</load_address>
         <run_address>0x688c</run_address>
         <size>0x48</size>
         <input_file_ref idref="fl-23"/>
      </object_component>
      <object_component id="oc-96">
         <name>.const</name>
         <load_address>0x68d4</load_address>
         <run_address>0x68d4</run_address>
         <size>0x18</size>
         <input_file_ref idref="fl-23"/>
      </object_component>
      <object_component id="oc-12e">
         <name>.const:_initial_approx$1</name>
         <load_address>0x68ec</load_address>
         <run_address>0x68ec</run_address>
         <size>0x10</size>
         <input_file_ref idref="fl-2a"/>
      </object_component>
      <object_component id="oc-c7">
         <name>.const:.string</name>
         <load_address>0x68fc</load_address>
         <run_address>0x68fc</run_address>
         <size>0x4</size>
         <input_file_ref idref="fl-2f"/>
      </object_component>
      <object_component id="oc-2c">
         <name>.const</name>
         <load_address>0x6900</load_address>
         <run_address>0x6900</run_address>
         <size>0x4</size>
         <input_file_ref idref="fl-6"/>
      </object_component>
      <object_component id="oc-be">
         <name>.const</name>
         <load_address>0x6904</load_address>
         <run_address>0x6904</run_address>
         <size>0x4</size>
         <input_file_ref idref="fl-2d"/>
      </object_component>
      <object_component id="oc-121">
         <name>.sysmem</name>
         <uninitialized>true</uninitialized>
         <run_address>0x30c0</run_address>
         <size>0x0</size>
         <input_file_ref idref="fl-43"/>
      </object_component>
      <object_component id="oc-147">
         <name>.sysmem</name>
         <uninitialized>true</uninitialized>
         <run_address>0x30c0</run_address>
         <size>0x0</size>
      </object_component>
      <object_component id="oc-dd">
         <name>.cinit</name>
         <load_address>0x40240</load_address>
         <run_address>0x40240</run_address>
         <size>0x5a</size>
         <input_file_ref idref="fl-34"/>
      </object_component>
      <object_component id="oc-ae">
         <name>.cinit</name>
         <load_address>0x4029a</load_address>
         <run_address>0x4029a</run_address>
         <size>0x54</size>
         <input_file_ref idref="fl-29"/>
      </object_component>
      <object_component id="oc-91">
         <name>.cinit</name>
         <load_address>0x402ee</load_address>
         <run_address>0x402ee</run_address>
         <size>0x14</size>
         <input_file_ref idref="fl-22"/>
      </object_component>
      <object_component id="oc-72">
         <name>.cinit</name>
         <load_address>0x40302</load_address>
         <run_address>0x40302</run_address>
         <size>0x14</size>
         <input_file_ref idref="fl-1b"/>
      </object_component>
      <object_component id="oc-59">
         <name>.cinit</name>
         <load_address>0x40316</load_address>
         <run_address>0x40316</run_address>
         <size>0x10</size>
         <input_file_ref idref="fl-16"/>
      </object_component>
      <object_component id="oc-11a">
         <name>.cinit</name>
         <load_address>0x40326</load_address>
         <run_address>0x40326</run_address>
         <size>0x8</size>
         <input_file_ref idref="fl-42"/>
      </object_component>
      <object_component id="oc-120">
         <name>.cinit</name>
         <load_address>0x4032e</load_address>
         <run_address>0x4032e</run_address>
         <size>0x8</size>
         <input_file_ref idref="fl-43"/>
      </object_component>
      <object_component id="oc-fb">
         <name>.cio</name>
         <uninitialized>true</uninitialized>
         <run_address>0x40000</run_address>
         <size>0x240</size>
         <input_file_ref idref="fl-3b"/>
      </object_component>
      <object_component id="oc-48">
         <name>vectors</name>
         <load_address>0x4fe00</load_address>
         <run_address>0x4fe00</run_address>
         <size>0x100</size>
         <input_file_ref idref="fl-13"/>
      </object_component>
      <object_component id="oc-11">
         <name>vectors</name>
         <load_address>0x4ff00</load_address>
         <run_address>0x4ff00</run_address>
         <size>0x100</size>
         <input_file_ref idref="fl-21"/>
      </object_component>
      <object_component id="oc-14">
         <name>.debug_info</name>
         <load_address>0x0</load_address>
         <run_address>0x0</run_address>
         <size>0xc78</size>
         <input_file_ref idref="fl-2"/>
      </object_component>
      <object_component id="oc-19">
         <name>.debug_info</name>
         <load_address>0xc78</load_address>
         <run_address>0xc78</run_address>
         <size>0x1bcf</size>
         <input_file_ref idref="fl-3"/>
      </object_component>
      <object_component id="oc-1f">
         <name>.debug_info</name>
         <load_address>0x2847</load_address>
         <run_address>0x2847</run_address>
         <size>0xc24</size>
         <input_file_ref idref="fl-4"/>
      </object_component>
      <object_component id="oc-25">
         <name>.debug_info</name>
         <load_address>0x346b</load_address>
         <run_address>0x346b</run_address>
         <size>0x105e</size>
         <input_file_ref idref="fl-5"/>
      </object_component>
      <object_component id="oc-2b">
         <name>.debug_info</name>
         <load_address>0x44c9</load_address>
         <run_address>0x44c9</run_address>
         <size>0xd49</size>
         <input_file_ref idref="fl-6"/>
      </object_component>
      <object_component id="oc-32">
         <name>.debug_info</name>
         <load_address>0x5212</load_address>
         <run_address>0x5212</run_address>
         <size>0x952</size>
         <input_file_ref idref="fl-7"/>
      </object_component>
      <object_component id="oc-39">
         <name>.debug_info</name>
         <load_address>0x5b64</load_address>
         <run_address>0x5b64</run_address>
         <size>0x6979</size>
         <input_file_ref idref="fl-10"/>
      </object_component>
      <object_component id="oc-3e">
         <name>.debug_info</name>
         <load_address>0xc4dd</load_address>
         <run_address>0xc4dd</run_address>
         <size>0x65d7</size>
         <input_file_ref idref="fl-11"/>
      </object_component>
      <object_component id="oc-43">
         <name>.debug_info</name>
         <load_address>0x12ab4</load_address>
         <run_address>0x12ab4</run_address>
         <size>0x5896</size>
         <input_file_ref idref="fl-12"/>
      </object_component>
      <object_component id="oc-49">
         <name>.debug_info</name>
         <load_address>0x1834a</load_address>
         <run_address>0x1834a</run_address>
         <size>0x1a4</size>
         <input_file_ref idref="fl-13"/>
      </object_component>
      <object_component id="oc-4d">
         <name>.debug_info</name>
         <load_address>0x184ee</load_address>
         <run_address>0x184ee</run_address>
         <size>0x18e</size>
         <input_file_ref idref="fl-14"/>
      </object_component>
      <object_component id="oc-52">
         <name>.debug_info</name>
         <load_address>0x1867c</load_address>
         <run_address>0x1867c</run_address>
         <size>0x6f61</size>
         <input_file_ref idref="fl-15"/>
      </object_component>
      <object_component id="oc-58">
         <name>.debug_info</name>
         <load_address>0x1f5dd</load_address>
         <run_address>0x1f5dd</run_address>
         <size>0x710f</size>
         <input_file_ref idref="fl-16"/>
      </object_component>
      <object_component id="oc-5f">
         <name>.debug_info</name>
         <load_address>0x266ec</load_address>
         <run_address>0x266ec</run_address>
         <size>0x7424</size>
         <input_file_ref idref="fl-17"/>
      </object_component>
      <object_component id="oc-64">
         <name>.debug_info</name>
         <load_address>0x2db10</load_address>
         <run_address>0x2db10</run_address>
         <size>0x5ab</size>
         <input_file_ref idref="fl-18"/>
      </object_component>
      <object_component id="oc-68">
         <name>.debug_info</name>
         <load_address>0x2e0bb</load_address>
         <run_address>0x2e0bb</run_address>
         <size>0xe8</size>
         <input_file_ref idref="fl-19"/>
      </object_component>
      <object_component id="oc-6c">
         <name>.debug_info</name>
         <load_address>0x2e1a3</load_address>
         <run_address>0x2e1a3</run_address>
         <size>0x534</size>
         <input_file_ref idref="fl-1a"/>
      </object_component>
      <object_component id="oc-71">
         <name>.debug_info</name>
         <load_address>0x2e6d7</load_address>
         <run_address>0x2e6d7</run_address>
         <size>0x5fb</size>
         <input_file_ref idref="fl-1b"/>
      </object_component>
      <object_component id="oc-77">
         <name>.debug_info</name>
         <load_address>0x2ecd2</load_address>
         <run_address>0x2ecd2</run_address>
         <size>0xbd</size>
         <input_file_ref idref="fl-1c"/>
      </object_component>
      <object_component id="oc-7b">
         <name>.debug_info</name>
         <load_address>0x2ed8f</load_address>
         <run_address>0x2ed8f</run_address>
         <size>0x55b</size>
         <input_file_ref idref="fl-1d"/>
      </object_component>
      <object_component id="oc-7f">
         <name>.debug_info</name>
         <load_address>0x2f2ea</load_address>
         <run_address>0x2f2ea</run_address>
         <size>0x76c</size>
         <input_file_ref idref="fl-1e"/>
      </object_component>
      <object_component id="oc-83">
         <name>.debug_info</name>
         <load_address>0x2fa56</load_address>
         <run_address>0x2fa56</run_address>
         <size>0x534</size>
         <input_file_ref idref="fl-1f"/>
      </object_component>
      <object_component id="oc-87">
         <name>.debug_info</name>
         <load_address>0x2ff8a</load_address>
         <run_address>0x2ff8a</run_address>
         <size>0x4de</size>
         <input_file_ref idref="fl-20"/>
      </object_component>
      <object_component id="oc-8b">
         <name>.debug_info</name>
         <load_address>0x30468</load_address>
         <run_address>0x30468</run_address>
         <size>0xbc</size>
         <input_file_ref idref="fl-21"/>
      </object_component>
      <object_component id="oc-90">
         <name>.debug_info</name>
         <load_address>0x30524</load_address>
         <run_address>0x30524</run_address>
         <size>0x5bc</size>
         <input_file_ref idref="fl-22"/>
      </object_component>
      <object_component id="oc-95">
         <name>.debug_info</name>
         <load_address>0x30ae0</load_address>
         <run_address>0x30ae0</run_address>
         <size>0x27bd</size>
         <input_file_ref idref="fl-23"/>
      </object_component>
      <object_component id="oc-9b">
         <name>.debug_info</name>
         <load_address>0x3329d</load_address>
         <run_address>0x3329d</run_address>
         <size>0x586</size>
         <input_file_ref idref="fl-24"/>
      </object_component>
      <object_component id="oc-9f">
         <name>.debug_info</name>
         <load_address>0x33823</load_address>
         <run_address>0x33823</run_address>
         <size>0x5a4</size>
         <input_file_ref idref="fl-25"/>
      </object_component>
      <object_component id="oc-a3">
         <name>.debug_info</name>
         <load_address>0x33dc7</load_address>
         <run_address>0x33dc7</run_address>
         <size>0xcd</size>
         <input_file_ref idref="fl-26"/>
      </object_component>
      <object_component id="oc-a7">
         <name>.debug_info</name>
         <load_address>0x33e94</load_address>
         <run_address>0x33e94</run_address>
         <size>0x81f</size>
         <input_file_ref idref="fl-27"/>
      </object_component>
      <object_component id="oc-aa">
         <name>.debug_info</name>
         <load_address>0x346b3</load_address>
         <run_address>0x346b3</run_address>
         <size>0x498</size>
         <input_file_ref idref="fl-28"/>
      </object_component>
      <object_component id="oc-ad">
         <name>.debug_info</name>
         <load_address>0x34b4b</load_address>
         <run_address>0x34b4b</run_address>
         <size>0x57e</size>
         <input_file_ref idref="fl-29"/>
      </object_component>
      <object_component id="oc-b1">
         <name>.debug_info</name>
         <load_address>0x350c9</load_address>
         <run_address>0x350c9</run_address>
         <size>0x7e8</size>
         <input_file_ref idref="fl-2a"/>
      </object_component>
      <object_component id="oc-b5">
         <name>.debug_info</name>
         <load_address>0x358b1</load_address>
         <run_address>0x358b1</run_address>
         <size>0x4cf</size>
         <input_file_ref idref="fl-2b"/>
      </object_component>
      <object_component id="oc-b9">
         <name>.debug_info</name>
         <load_address>0x35d80</load_address>
         <run_address>0x35d80</run_address>
         <size>0x534</size>
         <input_file_ref idref="fl-2c"/>
      </object_component>
      <object_component id="oc-bd">
         <name>.debug_info</name>
         <load_address>0x362b4</load_address>
         <run_address>0x362b4</run_address>
         <size>0x549</size>
         <input_file_ref idref="fl-2d"/>
      </object_component>
      <object_component id="oc-c2">
         <name>.debug_info</name>
         <load_address>0x367fd</load_address>
         <run_address>0x367fd</run_address>
         <size>0x6aa</size>
         <input_file_ref idref="fl-2e"/>
      </object_component>
      <object_component id="oc-c6">
         <name>.debug_info</name>
         <load_address>0x36ea7</load_address>
         <run_address>0x36ea7</run_address>
         <size>0x942</size>
         <input_file_ref idref="fl-2f"/>
      </object_component>
      <object_component id="oc-cb">
         <name>.debug_info</name>
         <load_address>0x377e9</load_address>
         <run_address>0x377e9</run_address>
         <size>0x4d2</size>
         <input_file_ref idref="fl-30"/>
      </object_component>
      <object_component id="oc-cf">
         <name>.debug_info</name>
         <load_address>0x37cbb</load_address>
         <run_address>0x37cbb</run_address>
         <size>0x53e</size>
         <input_file_ref idref="fl-31"/>
      </object_component>
      <object_component id="oc-d3">
         <name>.debug_info</name>
         <load_address>0x381f9</load_address>
         <run_address>0x381f9</run_address>
         <size>0x680</size>
         <input_file_ref idref="fl-32"/>
      </object_component>
      <object_component id="oc-d7">
         <name>.debug_info</name>
         <load_address>0x38879</load_address>
         <run_address>0x38879</run_address>
         <size>0x7d4</size>
         <input_file_ref idref="fl-33"/>
      </object_component>
      <object_component id="oc-dc">
         <name>.debug_info</name>
         <load_address>0x3904d</load_address>
         <run_address>0x3904d</run_address>
         <size>0x144b</size>
         <input_file_ref idref="fl-34"/>
      </object_component>
      <object_component id="oc-e1">
         <name>.debug_info</name>
         <load_address>0x3a498</load_address>
         <run_address>0x3a498</run_address>
         <size>0x5ad</size>
         <input_file_ref idref="fl-35"/>
      </object_component>
      <object_component id="oc-e5">
         <name>.debug_info</name>
         <load_address>0x3aa45</load_address>
         <run_address>0x3aa45</run_address>
         <size>0x574</size>
         <input_file_ref idref="fl-36"/>
      </object_component>
      <object_component id="oc-e9">
         <name>.debug_info</name>
         <load_address>0x3afb9</load_address>
         <run_address>0x3afb9</run_address>
         <size>0xd1</size>
         <input_file_ref idref="fl-37"/>
      </object_component>
      <object_component id="oc-ed">
         <name>.debug_info</name>
         <load_address>0x3b08a</load_address>
         <run_address>0x3b08a</run_address>
         <size>0x4b7</size>
         <input_file_ref idref="fl-38"/>
      </object_component>
      <object_component id="oc-f1">
         <name>.debug_info</name>
         <load_address>0x3b541</load_address>
         <run_address>0x3b541</run_address>
         <size>0x4f2</size>
         <input_file_ref idref="fl-39"/>
      </object_component>
      <object_component id="oc-f6">
         <name>.debug_info</name>
         <load_address>0x3ba33</load_address>
         <run_address>0x3ba33</run_address>
         <size>0xed4</size>
         <input_file_ref idref="fl-3a"/>
      </object_component>
      <object_component id="oc-fa">
         <name>.debug_info</name>
         <load_address>0x3c907</load_address>
         <run_address>0x3c907</run_address>
         <size>0x744</size>
         <input_file_ref idref="fl-3b"/>
      </object_component>
      <object_component id="oc-100">
         <name>.debug_info</name>
         <load_address>0x3d04b</load_address>
         <run_address>0x3d04b</run_address>
         <size>0xef</size>
         <input_file_ref idref="fl-3c"/>
      </object_component>
      <object_component id="oc-104">
         <name>.debug_info</name>
         <load_address>0x3d13a</load_address>
         <run_address>0x3d13a</run_address>
         <size>0x662</size>
         <input_file_ref idref="fl-3d"/>
      </object_component>
      <object_component id="oc-108">
         <name>.debug_info</name>
         <load_address>0x3d79c</load_address>
         <run_address>0x3d79c</run_address>
         <size>0x4f2</size>
         <input_file_ref idref="fl-3e"/>
      </object_component>
      <object_component id="oc-10c">
         <name>.debug_info</name>
         <load_address>0x3dc8e</load_address>
         <run_address>0x3dc8e</run_address>
         <size>0x706</size>
         <input_file_ref idref="fl-3f"/>
      </object_component>
      <object_component id="oc-110">
         <name>.debug_info</name>
         <load_address>0x3e394</load_address>
         <run_address>0x3e394</run_address>
         <size>0x5f7</size>
         <input_file_ref idref="fl-40"/>
      </object_component>
      <object_component id="oc-114">
         <name>.debug_info</name>
         <load_address>0x3e98b</load_address>
         <run_address>0x3e98b</run_address>
         <size>0x64a</size>
         <input_file_ref idref="fl-41"/>
      </object_component>
      <object_component id="oc-119">
         <name>.debug_info</name>
         <load_address>0x3efd5</load_address>
         <run_address>0x3efd5</run_address>
         <size>0xa1c</size>
         <input_file_ref idref="fl-42"/>
      </object_component>
      <object_component id="oc-11f">
         <name>.debug_info</name>
         <load_address>0x3f9f1</load_address>
         <run_address>0x3f9f1</run_address>
         <size>0xb97</size>
         <input_file_ref idref="fl-43"/>
      </object_component>
      <object_component id="oc-125">
         <name>.debug_info</name>
         <load_address>0x40588</load_address>
         <run_address>0x40588</run_address>
         <size>0x64f</size>
         <input_file_ref idref="fl-44"/>
      </object_component>
      <object_component id="oc-129">
         <name>.debug_info</name>
         <load_address>0x40bd7</load_address>
         <run_address>0x40bd7</run_address>
         <size>0x510</size>
         <input_file_ref idref="fl-45"/>
      </object_component>
      <object_component id="oc-150">
         <name>.debug_info</name>
         <load_address>0x410e7</load_address>
         <run_address>0x410e7</run_address>
         <size>0x6e</size>
      </object_component>
      <object_component id="oc-15">
         <name>.debug_frame</name>
         <load_address>0x0</load_address>
         <run_address>0x0</run_address>
         <size>0x171</size>
         <input_file_ref idref="fl-2"/>
      </object_component>
      <object_component id="oc-1b">
         <name>.debug_frame</name>
         <load_address>0x171</load_address>
         <run_address>0x171</run_address>
         <size>0x121</size>
         <input_file_ref idref="fl-3"/>
      </object_component>
      <object_component id="oc-20">
         <name>.debug_frame</name>
         <load_address>0x292</load_address>
         <run_address>0x292</run_address>
         <size>0x103</size>
         <input_file_ref idref="fl-4"/>
      </object_component>
      <object_component id="oc-27">
         <name>.debug_frame</name>
         <load_address>0x395</load_address>
         <run_address>0x395</run_address>
         <size>0x16a</size>
         <input_file_ref idref="fl-5"/>
      </object_component>
      <object_component id="oc-2d">
         <name>.debug_frame</name>
         <load_address>0x4ff</load_address>
         <run_address>0x4ff</run_address>
         <size>0x175</size>
         <input_file_ref idref="fl-6"/>
      </object_component>
      <object_component id="oc-34">
         <name>.debug_frame</name>
         <load_address>0x674</load_address>
         <run_address>0x674</run_address>
         <size>0xe2</size>
         <input_file_ref idref="fl-7"/>
      </object_component>
      <object_component id="oc-3a">
         <name>.debug_frame</name>
         <load_address>0x756</load_address>
         <run_address>0x756</run_address>
         <size>0x171</size>
         <input_file_ref idref="fl-10"/>
      </object_component>
      <object_component id="oc-3f">
         <name>.debug_frame</name>
         <load_address>0x8c7</load_address>
         <run_address>0x8c7</run_address>
         <size>0x138</size>
         <input_file_ref idref="fl-11"/>
      </object_component>
      <object_component id="oc-44">
         <name>.debug_frame</name>
         <load_address>0x9ff</load_address>
         <run_address>0x9ff</run_address>
         <size>0x116</size>
         <input_file_ref idref="fl-12"/>
      </object_component>
      <object_component id="oc-53">
         <name>.debug_frame</name>
         <load_address>0xb15</load_address>
         <run_address>0xb15</run_address>
         <size>0x2a1</size>
         <input_file_ref idref="fl-15"/>
      </object_component>
      <object_component id="oc-5a">
         <name>.debug_frame</name>
         <load_address>0xdb6</load_address>
         <run_address>0xdb6</run_address>
         <size>0x197</size>
         <input_file_ref idref="fl-16"/>
      </object_component>
      <object_component id="oc-60">
         <name>.debug_frame</name>
         <load_address>0xf4d</load_address>
         <run_address>0xf4d</run_address>
         <size>0x1ef</size>
         <input_file_ref idref="fl-17"/>
      </object_component>
      <object_component id="oc-16">
         <name>.debug_line</name>
         <load_address>0x0</load_address>
         <run_address>0x0</run_address>
         <size>0xd0</size>
         <input_file_ref idref="fl-2"/>
      </object_component>
      <object_component id="oc-1c">
         <name>.debug_line</name>
         <load_address>0xd0</load_address>
         <run_address>0xd0</run_address>
         <size>0x253</size>
         <input_file_ref idref="fl-3"/>
      </object_component>
      <object_component id="oc-21">
         <name>.debug_line</name>
         <load_address>0x323</load_address>
         <run_address>0x323</run_address>
         <size>0x106</size>
         <input_file_ref idref="fl-4"/>
      </object_component>
      <object_component id="oc-28">
         <name>.debug_line</name>
         <load_address>0x429</load_address>
         <run_address>0x429</run_address>
         <size>0x198</size>
         <input_file_ref idref="fl-5"/>
      </object_component>
      <object_component id="oc-2e">
         <name>.debug_line</name>
         <load_address>0x5c1</load_address>
         <run_address>0x5c1</run_address>
         <size>0x162</size>
         <input_file_ref idref="fl-6"/>
      </object_component>
      <object_component id="oc-35">
         <name>.debug_line</name>
         <load_address>0x723</load_address>
         <run_address>0x723</run_address>
         <size>0x8c</size>
         <input_file_ref idref="fl-7"/>
      </object_component>
      <object_component id="oc-3b">
         <name>.debug_line</name>
         <load_address>0x7af</load_address>
         <run_address>0x7af</run_address>
         <size>0x69c</size>
         <input_file_ref idref="fl-10"/>
      </object_component>
      <object_component id="oc-40">
         <name>.debug_line</name>
         <load_address>0xe4b</load_address>
         <run_address>0xe4b</run_address>
         <size>0x659</size>
         <input_file_ref idref="fl-11"/>
      </object_component>
      <object_component id="oc-45">
         <name>.debug_line</name>
         <load_address>0x14a4</load_address>
         <run_address>0x14a4</run_address>
         <size>0x59c</size>
         <input_file_ref idref="fl-12"/>
      </object_component>
      <object_component id="oc-4a">
         <name>.debug_line</name>
         <load_address>0x1a40</load_address>
         <run_address>0x1a40</run_address>
         <size>0xa8</size>
         <input_file_ref idref="fl-13"/>
      </object_component>
      <object_component id="oc-4e">
         <name>.debug_line</name>
         <load_address>0x1ae8</load_address>
         <run_address>0x1ae8</run_address>
         <size>0xab</size>
         <input_file_ref idref="fl-14"/>
      </object_component>
      <object_component id="oc-54">
         <name>.debug_line</name>
         <load_address>0x1b93</load_address>
         <run_address>0x1b93</run_address>
         <size>0x83c</size>
         <input_file_ref idref="fl-15"/>
      </object_component>
      <object_component id="oc-5b">
         <name>.debug_line</name>
         <load_address>0x23cf</load_address>
         <run_address>0x23cf</run_address>
         <size>0x94c</size>
         <input_file_ref idref="fl-16"/>
      </object_component>
      <object_component id="oc-61">
         <name>.debug_line</name>
         <load_address>0x2d1b</load_address>
         <run_address>0x2d1b</run_address>
         <size>0x96d</size>
         <input_file_ref idref="fl-17"/>
      </object_component>
      <object_component id="oc-65">
         <name>.debug_line</name>
         <load_address>0x3688</load_address>
         <run_address>0x3688</run_address>
         <size>0x5c</size>
         <input_file_ref idref="fl-18"/>
      </object_component>
      <object_component id="oc-69">
         <name>.debug_line</name>
         <load_address>0x36e4</load_address>
         <run_address>0x36e4</run_address>
         <size>0x54</size>
         <input_file_ref idref="fl-19"/>
      </object_component>
      <object_component id="oc-6d">
         <name>.debug_line</name>
         <load_address>0x3738</load_address>
         <run_address>0x3738</run_address>
         <size>0x44</size>
         <input_file_ref idref="fl-1a"/>
      </object_component>
      <object_component id="oc-74">
         <name>.debug_line</name>
         <load_address>0x377c</load_address>
         <run_address>0x377c</run_address>
         <size>0x51</size>
         <input_file_ref idref="fl-1b"/>
      </object_component>
      <object_component id="oc-78">
         <name>.debug_line</name>
         <load_address>0x37cd</load_address>
         <run_address>0x37cd</run_address>
         <size>0x3c</size>
         <input_file_ref idref="fl-1c"/>
      </object_component>
      <object_component id="oc-7c">
         <name>.debug_line</name>
         <load_address>0x3809</load_address>
         <run_address>0x3809</run_address>
         <size>0x3c</size>
         <input_file_ref idref="fl-1d"/>
      </object_component>
      <object_component id="oc-80">
         <name>.debug_line</name>
         <load_address>0x3845</load_address>
         <run_address>0x3845</run_address>
         <size>0x69</size>
         <input_file_ref idref="fl-1e"/>
      </object_component>
      <object_component id="oc-84">
         <name>.debug_line</name>
         <load_address>0x38ae</load_address>
         <run_address>0x38ae</run_address>
         <size>0x44</size>
         <input_file_ref idref="fl-1f"/>
      </object_component>
      <object_component id="oc-88">
         <name>.debug_line</name>
         <load_address>0x38f2</load_address>
         <run_address>0x38f2</run_address>
         <size>0x37</size>
         <input_file_ref idref="fl-20"/>
      </object_component>
      <object_component id="oc-8c">
         <name>.debug_line</name>
         <load_address>0x3929</load_address>
         <run_address>0x3929</run_address>
         <size>0x37</size>
         <input_file_ref idref="fl-21"/>
      </object_component>
      <object_component id="oc-92">
         <name>.debug_line</name>
         <load_address>0x3960</load_address>
         <run_address>0x3960</run_address>
         <size>0x57</size>
         <input_file_ref idref="fl-22"/>
      </object_component>
      <object_component id="oc-98">
         <name>.debug_line</name>
         <load_address>0x39b7</load_address>
         <run_address>0x39b7</run_address>
         <size>0x328</size>
         <input_file_ref idref="fl-23"/>
      </object_component>
      <object_component id="oc-9c">
         <name>.debug_line</name>
         <load_address>0x3cdf</load_address>
         <run_address>0x3cdf</run_address>
         <size>0x41</size>
         <input_file_ref idref="fl-24"/>
      </object_component>
      <object_component id="oc-a0">
         <name>.debug_line</name>
         <load_address>0x3d20</load_address>
         <run_address>0x3d20</run_address>
         <size>0x46</size>
         <input_file_ref idref="fl-25"/>
      </object_component>
      <object_component id="oc-a4">
         <name>.debug_line</name>
         <load_address>0x3d66</load_address>
         <run_address>0x3d66</run_address>
         <size>0x55</size>
         <input_file_ref idref="fl-26"/>
      </object_component>
      <object_component id="oc-a8">
         <name>.debug_line</name>
         <load_address>0x3dbb</load_address>
         <run_address>0x3dbb</run_address>
         <size>0xad</size>
         <input_file_ref idref="fl-27"/>
      </object_component>
      <object_component id="oc-b2">
         <name>.debug_line</name>
         <load_address>0x3e68</load_address>
         <run_address>0x3e68</run_address>
         <size>0x5b</size>
         <input_file_ref idref="fl-2a"/>
      </object_component>
      <object_component id="oc-b6">
         <name>.debug_line</name>
         <load_address>0x3ec3</load_address>
         <run_address>0x3ec3</run_address>
         <size>0x3d</size>
         <input_file_ref idref="fl-2b"/>
      </object_component>
      <object_component id="oc-ba">
         <name>.debug_line</name>
         <load_address>0x3f00</load_address>
         <run_address>0x3f00</run_address>
         <size>0x3d</size>
         <input_file_ref idref="fl-2c"/>
      </object_component>
      <object_component id="oc-bf">
         <name>.debug_line</name>
         <load_address>0x3f3d</load_address>
         <run_address>0x3f3d</run_address>
         <size>0x44</size>
         <input_file_ref idref="fl-2d"/>
      </object_component>
      <object_component id="oc-c3">
         <name>.debug_line</name>
         <load_address>0x3f81</load_address>
         <run_address>0x3f81</run_address>
         <size>0x56</size>
         <input_file_ref idref="fl-2e"/>
      </object_component>
      <object_component id="oc-c8">
         <name>.debug_line</name>
         <load_address>0x3fd7</load_address>
         <run_address>0x3fd7</run_address>
         <size>0xa8</size>
         <input_file_ref idref="fl-2f"/>
      </object_component>
      <object_component id="oc-cc">
         <name>.debug_line</name>
         <load_address>0x407f</load_address>
         <run_address>0x407f</run_address>
         <size>0x3a</size>
         <input_file_ref idref="fl-30"/>
      </object_component>
      <object_component id="oc-d0">
         <name>.debug_line</name>
         <load_address>0x40b9</load_address>
         <run_address>0x40b9</run_address>
         <size>0x40</size>
         <input_file_ref idref="fl-31"/>
      </object_component>
      <object_component id="oc-d4">
         <name>.debug_line</name>
         <load_address>0x40f9</load_address>
         <run_address>0x40f9</run_address>
         <size>0x38</size>
         <input_file_ref idref="fl-32"/>
      </object_component>
      <object_component id="oc-d8">
         <name>.debug_line</name>
         <load_address>0x4131</load_address>
         <run_address>0x4131</run_address>
         <size>0xa8</size>
         <input_file_ref idref="fl-33"/>
      </object_component>
      <object_component id="oc-de">
         <name>.debug_line</name>
         <load_address>0x41d9</load_address>
         <run_address>0x41d9</run_address>
         <size>0x1b0</size>
         <input_file_ref idref="fl-34"/>
      </object_component>
      <object_component id="oc-e2">
         <name>.debug_line</name>
         <load_address>0x4389</load_address>
         <run_address>0x4389</run_address>
         <size>0x40</size>
         <input_file_ref idref="fl-35"/>
      </object_component>
      <object_component id="oc-e6">
         <name>.debug_line</name>
         <load_address>0x43c9</load_address>
         <run_address>0x43c9</run_address>
         <size>0x3c</size>
         <input_file_ref idref="fl-36"/>
      </object_component>
      <object_component id="oc-ea">
         <name>.debug_line</name>
         <load_address>0x4405</load_address>
         <run_address>0x4405</run_address>
         <size>0x4d</size>
         <input_file_ref idref="fl-37"/>
      </object_component>
      <object_component id="oc-ee">
         <name>.debug_line</name>
         <load_address>0x4452</load_address>
         <run_address>0x4452</run_address>
         <size>0x37</size>
         <input_file_ref idref="fl-38"/>
      </object_component>
      <object_component id="oc-f2">
         <name>.debug_line</name>
         <load_address>0x4489</load_address>
         <run_address>0x4489</run_address>
         <size>0x3c</size>
         <input_file_ref idref="fl-39"/>
      </object_component>
      <object_component id="oc-f7">
         <name>.debug_line</name>
         <load_address>0x44c5</load_address>
         <run_address>0x44c5</run_address>
         <size>0x15d</size>
         <input_file_ref idref="fl-3a"/>
      </object_component>
      <object_component id="oc-fd">
         <name>.debug_line</name>
         <load_address>0x4622</load_address>
         <run_address>0x4622</run_address>
         <size>0x6a</size>
         <input_file_ref idref="fl-3b"/>
      </object_component>
      <object_component id="oc-101">
         <name>.debug_line</name>
         <load_address>0x468c</load_address>
         <run_address>0x468c</run_address>
         <size>0x58</size>
         <input_file_ref idref="fl-3c"/>
      </object_component>
      <object_component id="oc-105">
         <name>.debug_line</name>
         <load_address>0x46e4</load_address>
         <run_address>0x46e4</run_address>
         <size>0x57</size>
         <input_file_ref idref="fl-3d"/>
      </object_component>
      <object_component id="oc-109">
         <name>.debug_line</name>
         <load_address>0x473b</load_address>
         <run_address>0x473b</run_address>
         <size>0x3c</size>
         <input_file_ref idref="fl-3e"/>
      </object_component>
      <object_component id="oc-10d">
         <name>.debug_line</name>
         <load_address>0x4777</load_address>
         <run_address>0x4777</run_address>
         <size>0x5b</size>
         <input_file_ref idref="fl-3f"/>
      </object_component>
      <object_component id="oc-111">
         <name>.debug_line</name>
         <load_address>0x47d2</load_address>
         <run_address>0x47d2</run_address>
         <size>0x3c</size>
         <input_file_ref idref="fl-40"/>
      </object_component>
      <object_component id="oc-115">
         <name>.debug_line</name>
         <load_address>0x480e</load_address>
         <run_address>0x480e</run_address>
         <size>0x3f</size>
         <input_file_ref idref="fl-41"/>
      </object_component>
      <object_component id="oc-11b">
         <name>.debug_line</name>
         <load_address>0x484d</load_address>
         <run_address>0x484d</run_address>
         <size>0xd7</size>
         <input_file_ref idref="fl-42"/>
      </object_component>
      <object_component id="oc-122">
         <name>.debug_line</name>
         <load_address>0x4924</load_address>
         <run_address>0x4924</run_address>
         <size>0x112</size>
         <input_file_ref idref="fl-43"/>
      </object_component>
      <object_component id="oc-126">
         <name>.debug_line</name>
         <load_address>0x4a36</load_address>
         <run_address>0x4a36</run_address>
         <size>0x3d</size>
         <input_file_ref idref="fl-44"/>
      </object_component>
      <object_component id="oc-12a">
         <name>.debug_line</name>
         <load_address>0x4a73</load_address>
         <run_address>0x4a73</run_address>
         <size>0x39</size>
         <input_file_ref idref="fl-45"/>
      </object_component>
      <object_component id="oc-17">
         <name>.debug_abbrev</name>
         <load_address>0x0</load_address>
         <run_address>0x0</run_address>
         <size>0x125</size>
         <input_file_ref idref="fl-2"/>
      </object_component>
      <object_component id="oc-1d">
         <name>.debug_abbrev</name>
         <load_address>0x125</load_address>
         <run_address>0x125</run_address>
         <size>0x178</size>
         <input_file_ref idref="fl-3"/>
      </object_component>
      <object_component id="oc-22">
         <name>.debug_abbrev</name>
         <load_address>0x29d</load_address>
         <run_address>0x29d</run_address>
         <size>0xdd</size>
         <input_file_ref idref="fl-4"/>
      </object_component>
      <object_component id="oc-29">
         <name>.debug_abbrev</name>
         <load_address>0x37a</load_address>
         <run_address>0x37a</run_address>
         <size>0x17d</size>
         <input_file_ref idref="fl-5"/>
      </object_component>
      <object_component id="oc-2f">
         <name>.debug_abbrev</name>
         <load_address>0x4f7</load_address>
         <run_address>0x4f7</run_address>
         <size>0xef</size>
         <input_file_ref idref="fl-6"/>
      </object_component>
      <object_component id="oc-36">
         <name>.debug_abbrev</name>
         <load_address>0x5e6</load_address>
         <run_address>0x5e6</run_address>
         <size>0x124</size>
         <input_file_ref idref="fl-7"/>
      </object_component>
      <object_component id="oc-3c">
         <name>.debug_abbrev</name>
         <load_address>0x70a</load_address>
         <run_address>0x70a</run_address>
         <size>0x21f</size>
         <input_file_ref idref="fl-10"/>
      </object_component>
      <object_component id="oc-41">
         <name>.debug_abbrev</name>
         <load_address>0x929</load_address>
         <run_address>0x929</run_address>
         <size>0x1db</size>
         <input_file_ref idref="fl-11"/>
      </object_component>
      <object_component id="oc-46">
         <name>.debug_abbrev</name>
         <load_address>0xb04</load_address>
         <run_address>0xb04</run_address>
         <size>0x198</size>
         <input_file_ref idref="fl-12"/>
      </object_component>
      <object_component id="oc-4b">
         <name>.debug_abbrev</name>
         <load_address>0xc9c</load_address>
         <run_address>0xc9c</run_address>
         <size>0x20</size>
         <input_file_ref idref="fl-13"/>
      </object_component>
      <object_component id="oc-4f">
         <name>.debug_abbrev</name>
         <load_address>0xcbc</load_address>
         <run_address>0xcbc</run_address>
         <size>0x3a</size>
         <input_file_ref idref="fl-14"/>
      </object_component>
      <object_component id="oc-55">
         <name>.debug_abbrev</name>
         <load_address>0xcf6</load_address>
         <run_address>0xcf6</run_address>
         <size>0x263</size>
         <input_file_ref idref="fl-15"/>
      </object_component>
      <object_component id="oc-5c">
         <name>.debug_abbrev</name>
         <load_address>0xf59</load_address>
         <run_address>0xf59</run_address>
         <size>0x237</size>
         <input_file_ref idref="fl-16"/>
      </object_component>
      <object_component id="oc-62">
         <name>.debug_abbrev</name>
         <load_address>0x1190</load_address>
         <run_address>0x1190</run_address>
         <size>0x25d</size>
         <input_file_ref idref="fl-17"/>
      </object_component>
      <object_component id="oc-66">
         <name>.debug_abbrev</name>
         <load_address>0x13ed</load_address>
         <run_address>0x13ed</run_address>
         <size>0xd4</size>
         <input_file_ref idref="fl-18"/>
      </object_component>
      <object_component id="oc-6a">
         <name>.debug_abbrev</name>
         <load_address>0x14c1</load_address>
         <run_address>0x14c1</run_address>
         <size>0x3a</size>
         <input_file_ref idref="fl-19"/>
      </object_component>
      <object_component id="oc-6e">
         <name>.debug_abbrev</name>
         <load_address>0x14fb</load_address>
         <run_address>0x14fb</run_address>
         <size>0xb5</size>
         <input_file_ref idref="fl-1a"/>
      </object_component>
      <object_component id="oc-75">
         <name>.debug_abbrev</name>
         <load_address>0x15b0</load_address>
         <run_address>0x15b0</run_address>
         <size>0xf7</size>
         <input_file_ref idref="fl-1b"/>
      </object_component>
      <object_component id="oc-79">
         <name>.debug_abbrev</name>
         <load_address>0x16a7</load_address>
         <run_address>0x16a7</run_address>
         <size>0x38</size>
         <input_file_ref idref="fl-1c"/>
      </object_component>
      <object_component id="oc-7d">
         <name>.debug_abbrev</name>
         <load_address>0x16df</load_address>
         <run_address>0x16df</run_address>
         <size>0xdc</size>
         <input_file_ref idref="fl-1d"/>
      </object_component>
      <object_component id="oc-81">
         <name>.debug_abbrev</name>
         <load_address>0x17bb</load_address>
         <run_address>0x17bb</run_address>
         <size>0x145</size>
         <input_file_ref idref="fl-1e"/>
      </object_component>
      <object_component id="oc-85">
         <name>.debug_abbrev</name>
         <load_address>0x1900</load_address>
         <run_address>0x1900</run_address>
         <size>0xb5</size>
         <input_file_ref idref="fl-1f"/>
      </object_component>
      <object_component id="oc-89">
         <name>.debug_abbrev</name>
         <load_address>0x19b5</load_address>
         <run_address>0x19b5</run_address>
         <size>0x8f</size>
         <input_file_ref idref="fl-20"/>
      </object_component>
      <object_component id="oc-8d">
         <name>.debug_abbrev</name>
         <load_address>0x1a44</load_address>
         <run_address>0x1a44</run_address>
         <size>0x26</size>
         <input_file_ref idref="fl-21"/>
      </object_component>
      <object_component id="oc-93">
         <name>.debug_abbrev</name>
         <load_address>0x1a6a</load_address>
         <run_address>0x1a6a</run_address>
         <size>0x9f</size>
         <input_file_ref idref="fl-22"/>
      </object_component>
      <object_component id="oc-99">
         <name>.debug_abbrev</name>
         <load_address>0x1b09</load_address>
         <run_address>0x1b09</run_address>
         <size>0x1f8</size>
         <input_file_ref idref="fl-23"/>
      </object_component>
      <object_component id="oc-9d">
         <name>.debug_abbrev</name>
         <load_address>0x1d01</load_address>
         <run_address>0x1d01</run_address>
         <size>0xec</size>
         <input_file_ref idref="fl-24"/>
      </object_component>
      <object_component id="oc-a1">
         <name>.debug_abbrev</name>
         <load_address>0x1ded</load_address>
         <run_address>0x1ded</run_address>
         <size>0xd5</size>
         <input_file_ref idref="fl-25"/>
      </object_component>
      <object_component id="oc-a5">
         <name>.debug_abbrev</name>
         <load_address>0x1ec2</load_address>
         <run_address>0x1ec2</run_address>
         <size>0x44</size>
         <input_file_ref idref="fl-26"/>
      </object_component>
      <object_component id="oc-a9">
         <name>.debug_abbrev</name>
         <load_address>0x1f06</load_address>
         <run_address>0x1f06</run_address>
         <size>0xb7</size>
         <input_file_ref idref="fl-27"/>
      </object_component>
      <object_component id="oc-ab">
         <name>.debug_abbrev</name>
         <load_address>0x1fbd</load_address>
         <run_address>0x1fbd</run_address>
         <size>0x68</size>
         <input_file_ref idref="fl-28"/>
      </object_component>
      <object_component id="oc-af">
         <name>.debug_abbrev</name>
         <load_address>0x2025</load_address>
         <run_address>0x2025</run_address>
         <size>0x83</size>
         <input_file_ref idref="fl-29"/>
      </object_component>
      <object_component id="oc-b3">
         <name>.debug_abbrev</name>
         <load_address>0x20a8</load_address>
         <run_address>0x20a8</run_address>
         <size>0x112</size>
         <input_file_ref idref="fl-2a"/>
      </object_component>
      <object_component id="oc-b7">
         <name>.debug_abbrev</name>
         <load_address>0x21ba</load_address>
         <run_address>0x21ba</run_address>
         <size>0x8f</size>
         <input_file_ref idref="fl-2b"/>
      </object_component>
      <object_component id="oc-bb">
         <name>.debug_abbrev</name>
         <load_address>0x2249</load_address>
         <run_address>0x2249</run_address>
         <size>0xb7</size>
         <input_file_ref idref="fl-2c"/>
      </object_component>
      <object_component id="oc-c0">
         <name>.debug_abbrev</name>
         <load_address>0x2300</load_address>
         <run_address>0x2300</run_address>
         <size>0xc2</size>
         <input_file_ref idref="fl-2d"/>
      </object_component>
      <object_component id="oc-c4">
         <name>.debug_abbrev</name>
         <load_address>0x23c2</load_address>
         <run_address>0x23c2</run_address>
         <size>0x103</size>
         <input_file_ref idref="fl-2e"/>
      </object_component>
[...]
      </symbol>
      <symbol id="sm-29c">
         <name>_I2S_write</name>
         <value>0x22981</value>
         <object_component_ref idref="oc-56"/>
      </symbol>
      <symbol id="sm-29d">
         <name>_I2S_read</name>
         <value>0x226c7</value>
         <object_component_ref idref="oc-56"/>
      </symbol>
      <symbol id="sm-29e">
         <name>_I2S_close</name>
         <value>0x22615</value>
         <object_component_ref idref="oc-56"/>
      </symbol>
      <symbol id="sm-29f">
         <name>_ouError</name>
         <value>0x62e0</value>
         <object_component_ref idref="oc-57"/>
      </symbol>
      <symbol id="sm-2a0">
         <name>_I2S_reset</name>
         <value>0x22ad7</value>
         <object_component_ref idref="oc-56"/>
      </symbol>
      <symbol id="sm-2a1">
         <name>_I2S_setup</name>
         <value>0x22327</value>
         <object_component_ref idref="oc-56"/>
      </symbol>
      <symbol id="sm-2a2">
         <name>_fsError</name>
         <value>0x62de</value>
         <object_component_ref idref="oc-57"/>
      </symbol>
      <symbol id="sm-2a3">
         <name>_I2S_open</name>
         <value>0x221e0</value>
         <object_component_ref idref="oc-56"/>
      </symbol>
      <symbol id="sm-2a4">
         <name>_I2S_transEnable</name>
         <value>0x22b88</value>
         <object_component_ref idref="oc-56"/>
      </symbol>
      <symbol id="sm-321">
         <name>_I2C_eventEnable</name>
         <value>0x21ee4</value>
         <object_component_ref idref="oc-5d"/>
      </symbol>
      <symbol id="sm-322">
         <name>_I2C_setCallback</name>
         <value>0x22137</value>
         <object_component_ref idref="oc-5d"/>
      </symbol>
      <symbol id="sm-323">
         <name>_I2C_init</name>
         <value>0x215a4</value>
         <object_component_ref idref="oc-5d"/>
      </symbol>
      <symbol id="sm-324">
         <name>_I2C_config</name>
         <value>0x2164d</value>
         <object_component_ref idref="oc-5d"/>
      </symbol>
      <symbol id="sm-325">
         <name>_gI2cObj</name>
         <value>0x62e4</value>
         <object_component_ref idref="oc-5e"/>
      </symbol>
      <symbol id="sm-326">
         <name>_I2C_getConfig</name>
         <value>0x217b2</value>
         <object_component_ref idref="oc-5d"/>
      </symbol>
      <symbol id="sm-327">
         <name>_I2C_setup</name>
         <value>0x21888</value>
         <object_component_ref idref="oc-5d"/>
      </symbol>
      <symbol id="sm-328">
         <name>_I2C_write</name>
         <value>0x21a82</value>
         <object_component_ref idref="oc-5d"/>
      </symbol>
      <symbol id="sm-329">
         <name>_I2C_read</name>
         <value>0x21cc6</value>
         <object_component_ref idref="oc-5d"/>
      </symbol>
      <symbol id="sm-32a">
         <name>_I2C_eventDisable</name>
         <value>0x22018</value>
         <object_component_ref idref="oc-5d"/>
      </symbol>
      <symbol id="sm-32b">
         <name>_I2C_getEventId</name>
         <value>0x221c4</value>
         <object_component_ref idref="oc-5d"/>
      </symbol>
      <symbol id="sm-32c">
         <name>_i2cHandle</name>
         <value>0x6304</value>
         <object_component_ref idref="oc-5e"/>
      </symbol>
      <symbol id="sm-336">
         <name>__addd</name>
         <value>0x25570</value>
         <object_component_ref idref="oc-63"/>
      </symbol>
      <symbol id="sm-342">
         <name>__sysstack</name>
         <value>0x20c0</value>
         <object_component_ref idref="oc-12c"/>
      </symbol>
      <symbol id="sm-343">
         <name>_c_int00</name>
         <value>0x26e8a</value>
         <object_component_ref idref="oc-10"/>
      </symbol>
      <symbol id="sm-344">
         <name>__stack</name>
         <value>0xc0</value>
         <object_component_ref idref="oc-67"/>
      </symbol>
      <symbol id="sm-34f">
         <name>__divul</name>
         <value>0x265b9</value>
         <object_component_ref idref="oc-6b"/>
      </symbol>
      <symbol id="sm-35f">
         <name>C$$EXIT</name>
         <value>0x26fa3</value>
         <object_component_ref idref="oc-73"/>
      </symbol>
      <symbol id="sm-360">
         <name>_exit</name>
         <value>0x26e4c</value>
         <object_component_ref idref="oc-6f"/>
      </symbol>
      <symbol id="sm-361">
         <name>_abort</name>
         <value>0x26fa2</value>
         <object_component_ref idref="oc-73"/>
      </symbol>
      <symbol id="sm-362">
         <name>__cleanup_ptr</name>
         <value>0x631c</value>
         <object_component_ref idref="oc-70"/>
      </symbol>
      <symbol id="sm-363">
         <name>__dtors_ptr</name>
         <value>0x6320</value>
         <object_component_ref idref="oc-70"/>
      </symbol>
      <symbol id="sm-36b">
         <name>__mpyli</name>
         <value>0x26f63</value>
         <object_component_ref idref="oc-76"/>
      </symbol>
      <symbol id="sm-36c">
         <name>I$$LMPY</name>
         <value>0x26f63</value>
         <object_component_ref idref="oc-76"/>
      </symbol>
      <symbol id="sm-376">
         <name>__mpyd</name>
         <value>0x25d26</value>
         <object_component_ref idref="oc-7a"/>
      </symbol>
      <symbol id="sm-380">
         <name>_printf</name>
         <value>0x26c92</value>
         <object_component_ref idref="oc-7e"/>
      </symbol>
      <symbol id="sm-38b">
         <name>__remul</name>
         <value>0x26955</value>
         <object_component_ref idref="oc-82"/>
      </symbol>
      <symbol id="sm-395">
         <name>__subd</name>
         <value>0x26f4f</value>
         <object_component_ref idref="oc-86"/>
      </symbol>
      <symbol id="sm-39f">
         <name>_Reset</name>
         <value>0x4ff00</value>
         <object_component_ref idref="oc-11"/>
      </symbol>
      <symbol id="sm-3ad">
         <name>__unlock</name>
         <value>0x6318</value>
         <object_component_ref idref="oc-8f"/>
      </symbol>
      <symbol id="sm-3ae">
         <name>__lock</name>
         <value>0x6314</value>
         <object_component_ref idref="oc-8f"/>
      </symbol>
      <symbol id="sm-3af">
         <name>__register_lock</name>
         <value>0x26f7e</value>
         <object_component_ref idref="oc-8e"/>
      </symbol>
      <symbol id="sm-3b0">
         <name>__nop</name>
         <value>0x26f86</value>
         <object_component_ref idref="oc-8e"/>
      </symbol>
      <symbol id="sm-3b1">
         <name>__register_unlock</name>
         <value>0x26f76</value>
         <object_component_ref idref="oc-8e"/>
      </symbol>
      <symbol id="sm-3c3">
         <name>__printfi</name>
         <value>0x21362</value>
         <object_component_ref idref="oc-94"/>
      </symbol>
      <symbol id="sm-3cd">
         <name>__args_main</name>
         <value>0x26d2f</value>
         <object_component_ref idref="oc-9a"/>
      </symbol>
      <symbol id="sm-3ce">
         <name>__TI_args_main</name>
         <value>0x1</value>
      </symbol>
      <symbol id="sm-3d8">
         <name>_atoi</name>
         <value>0x26be2</value>
         <object_component_ref idref="oc-9e"/>
      </symbol>
      <symbol id="sm-3e0">
         <name>_auto_init</name>
         <value>0x26ce2</value>
         <object_component_ref idref="oc-a2"/>
      </symbol>
      <symbol id="sm-3ea">
         <name>__eqld</name>
         <value>0x25b37</value>
         <object_component_ref idref="oc-a6"/>
      </symbol>
      <symbol id="sm-3eb">
         <name>__cmpd</name>
         <value>0x25b6b</value>
         <object_component_ref idref="oc-a6"/>
      </symbol>
      <symbol id="sm-3ec">
         <name>__neqd</name>
         <value>0x259d9</value>
         <object_component_ref idref="oc-a6"/>
      </symbol>
      <symbol id="sm-3ed">
         <name>__gtrd</name>
         <value>0x25aa2</value>
         <object_component_ref idref="oc-a6"/>
      </symbol>
      <symbol id="sm-3ee">
         <name>__geqd</name>
         <value>0x25aed</value>
         <object_component_ref idref="oc-a6"/>
      </symbol>
      <symbol id="sm-3ef">
         <name>__leqd</name>
         <value>0x25a55</value>
         <object_component_ref idref="oc-a6"/>
      </symbol>
      <symbol id="sm-3f0">
         <name>__lssd</name>
         <value>0x25a0d</value>
         <object_component_ref idref="oc-a6"/>
      </symbol>
      <symbol id="sm-3f8">
         <name>__ctypes_</name>
         <value>0x6614</value>
         <object_component_ref idref="oc-12d"/>
      </symbol>
      <symbol id="sm-402">
         <name>__tmpnams</name>
         <value>0x5dc0</value>
         <object_component_ref idref="oc-ac"/>
      </symbol>
      <symbol id="sm-403">
         <name>__ft_end</name>
         <value>0x5f00</value>
         <object_component_ref idref="oc-ac"/>
      </symbol>
      <symbol id="sm-404">
         <name>__ftable</name>
         <value>0x5cd0</value>
         <object_component_ref idref="oc-ac"/>
      </symbol>
      <symbol id="sm-410">
         <name>__divd</name>
         <value>0x245fc</value>
         <object_component_ref idref="oc-b0"/>
      </symbol>
      <symbol id="sm-41a">
         <name>__fixdi</name>
         <value>0x26ebe</value>
         <object_component_ref idref="oc-b4"/>
      </symbol>
      <symbol id="sm-424">
         <name>__fixdli</name>
         <value>0x269c7</value>
         <object_component_ref idref="oc-b8"/>
      </symbol>
      <symbol id="sm-430">
         <name>__fltlid</name>
         <value>0x26b7b</value>
         <object_component_ref idref="oc-bc"/>
      </symbol>
      <symbol id="sm-43a">
         <name>_putchar</name>
         <value>0x265aa</value>
         <object_component_ref idref="oc-c1"/>
      </symbol>
      <symbol id="sm-43b">
         <name>_putc</name>
         <value>0x26513</value>
         <object_component_ref idref="oc-c1"/>
      </symbol>
      <symbol id="sm-43c">
         <name>_fputc</name>
         <value>0x26513</value>
         <object_component_ref idref="oc-c1"/>
      </symbol>
      <symbol id="sm-44a">
         <name>_puts</name>
         <value>0x25cf8</value>
         <object_component_ref idref="oc-c5"/>
      </symbol>
      <symbol id="sm-44b">
         <name>_fputs</name>
         <value>0x25bc3</value>
         <object_component_ref idref="oc-c5"/>
      </symbol>
      <symbol id="sm-455">
         <name>__frcmpyd</name>
         <value>0x2686c</value>
         <object_component_ref idref="oc-ca"/>
      </symbol>
      <symbol id="sm-45f">
         <name>__frcmpyd_div</name>
         <value>0x268e2</value>
         <object_component_ref idref="oc-ce"/>
      </symbol>
      <symbol id="sm-469">
         <name>___isinf</name>
         <value>0x26f35</value>
         <object_component_ref idref="oc-d2"/>
      </symbol>
      <symbol id="sm-473">
         <name>__divull</name>
         <value>0x25447</value>
         <object_component_ref idref="oc-d6"/>
      </symbol>
      <symbol id="sm-474">
         <name>__mpylli</name>
         <value>0x2538f</value>
         <object_component_ref idref="oc-d6"/>
      </symbol>
      <symbol id="sm-475">
         <name>__remlli</name>
         <value>0x25360</value>
         <object_component_ref idref="oc-d6"/>
      </symbol>
      <symbol id="sm-476">
         <name>__divlli</name>
         <value>0x2553b</value>
         <object_component_ref idref="oc-d6"/>
      </symbol>
      <symbol id="sm-477">
         <name>__remull</name>
         <value>0x25312</value>
         <object_component_ref idref="oc-d6"/>
      </symbol>
      <symbol id="sm-489">
         <name>_add_device</name>
         <value>0x23b2f</value>
         <object_component_ref idref="oc-da"/>
      </symbol>
      <symbol id="sm-48a">
         <name>_rename</name>
         <value>0x23851</value>
         <object_component_ref idref="oc-da"/>
      </symbol>
      <symbol id="sm-48b">
         <name>_read</name>
         <value>0x238e0</value>
         <object_component_ref idref="oc-da"/>
      </symbol>
      <symbol id="sm-48c">
         <name>_unlink</name>
         <value>0x2381e</value>
         <object_component_ref idref="oc-da"/>
      </symbol>
      <symbol id="sm-48d">
         <name>_remove_device</name>
         <value>0x238aa</value>
         <object_component_ref idref="oc-da"/>
      </symbol>
      <symbol id="sm-48e">
         <name>_open</name>
         <value>0x2398e</value>
         <object_component_ref idref="oc-da"/>
      </symbol>
      <symbol id="sm-48f">
         <name>_find_registered_device</name>
         <value>0x23ab3</value>
         <object_component_ref idref="oc-da"/>
      </symbol>
      <symbol id="sm-490">
         <name>_lseek</name>
         <value>0x23a4d</value>
         <object_component_ref idref="oc-da"/>
      </symbol>
      <symbol id="sm-491">
         <name>_close</name>
         <value>0x23abc</value>
         <object_component_ref idref="oc-da"/>
      </symbol>
      <symbol id="sm-492">
         <name>_write</name>
         <value>0x236dc</value>
         <object_component_ref idref="oc-da"/>
      </symbol>
      <symbol id="sm-49c">
         <name>_ltoa</name>
         <value>0x26774</value>
         <object_component_ref idref="oc-e0"/>
      </symbol>
      <symbol id="sm-4a7">
         <name>_memccpy</name>
         <value>0x26f12</value>
         <object_component_ref idref="oc-e4"/>
      </symbol>
      <symbol id="sm-4af">
         <name>_memcpy</name>
         <value>0x26e0d</value>
         <object_component_ref idref="oc-e8"/>
      </symbol>
      <symbol id="sm-4b9">
         <name>__negd</name>
         <value>0x26f88</value>
         <object_component_ref idref="oc-ec"/>
      </symbol>
      <symbol id="sm-4c3">
         <name>__remli</name>
         <value>0x26d7a</value>
         <object_component_ref idref="oc-f0"/>
      </symbol>
      <symbol id="sm-4cf">
         <name>_HOSTopen</name>
         <value>0x23f2a</value>
         <object_component_ref idref="oc-f4"/>
      </symbol>
      <symbol id="sm-4d0">
         <name>_HOSTread</name>
         <value>0x23e9d</value>
         <object_component_ref idref="oc-f4"/>
      </symbol>
      <symbol id="sm-4d1">
         <name>_HOSTtime</name>
         <value>0x23d91</value>
         <object_component_ref idref="oc-f4"/>
      </symbol>
      <symbol id="sm-4d2">
         <name>_getenv</name>
         <value>0x23c1f</value>
         <object_component_ref idref="oc-f4"/>
      </symbol>
      <symbol id="sm-4d3">
         <name>_HOSTrename</name>
         <value>0x23def</value>
         <object_component_ref idref="oc-f4"/>
      </symbol>
      <symbol id="sm-4d4">
         <name>_HOSTclock</name>
         <value>0x240e9</value>
         <object_component_ref idref="oc-f4"/>
      </symbol>
      <symbol id="sm-4d5">
         <name>_HOSTwrite</name>
         <value>0x23c9a</value>
         <object_component_ref idref="oc-f4"/>
      </symbol>
      <symbol id="sm-4d6">
         <name>_HOSTlseek</name>
         <value>0x23fc9</value>
         <object_component_ref idref="oc-f4"/>
      </symbol>
      <symbol id="sm-4d7">
         <name>_HOSTunlink</name>
         <value>0x23d27</value>
         <object_component_ref idref="oc-f4"/>
      </symbol>
      <symbol id="sm-4d8">
         <name>_HOSTclose</name>
         <value>0x2407e</value>
         <object_component_ref idref="oc-f4"/>
      </symbol>
      <symbol id="sm-4ea">
         <name>C$$IO$$</name>
         <value>0x2650e</value>
         <object_component_ref idref="oc-fc"/>
      </symbol>
      <symbol id="sm-4eb">
         <name>__CIOBUF_</name>
         <value>0x40000</value>
         <object_component_ref idref="oc-fb"/>
      </symbol>
      <symbol id="sm-4ec">
         <name>_readmsg</name>
         <value>0x26aa3</value>
         <object_component_ref idref="oc-f9"/>
      </symbol>
      <symbol id="sm-4ed">
         <name>_writemsg</name>
         <value>0x26459</value>
         <object_component_ref idref="oc-fc"/>
      </symbol>
      <symbol id="sm-4f5">
         <name>__remu</name>
         <value>0x26efd</value>
         <object_component_ref idref="oc-ff"/>
      </symbol>
      <symbol id="sm-4f6">
         <name>__divu</name>
         <value>0x26ee8</value>
         <object_component_ref idref="oc-ff"/>
      </symbol>
      <symbol id="sm-4f7">
         <name>I$$UMOD</name>
         <value>0x26efd</value>
         <object_component_ref idref="oc-ff"/>
      </symbol>
      <symbol id="sm-4f8">
         <name>I$$UDIV</name>
         <value>0x26ee8</value>
         <object_component_ref idref="oc-ff"/>
      </symbol>
      <symbol id="sm-502">
         <name>__rd_ok</name>
         <value>0x260df</value>
         <object_component_ref idref="oc-103"/>
      </symbol>
      <symbol id="sm-503">
         <name>__wrt_ok</name>
         <value>0x2605f</value>
         <object_component_ref idref="oc-103"/>
      </symbol>
      <symbol id="sm-50d">
         <name>__divli</name>
         <value>0x26dc5</value>
         <object_component_ref idref="oc-107"/>
      </symbol>
      <symbol id="sm-517">
         <name>__doflush</name>
         <value>0x26397</value>
         <object_component_ref idref="oc-10b"/>
      </symbol>
      <symbol id="sm-518">
         <name>_fflush</name>
         <value>0x26400</value>
         <object_component_ref idref="oc-10b"/>
      </symbol>
      <symbol id="sm-522">
         <name>_fseek</name>
         <value>0x26b10</value>
         <object_component_ref idref="oc-10f"/>
      </symbol>
      <symbol id="sm-52c">
         <name>_setvbuf</name>
         <value>0x25f79</value>
         <object_component_ref idref="oc-113"/>
      </symbol>
      <symbol id="sm-53b">
         <name>__cleanup</name>
         <value>0x251b4</value>
         <object_component_ref idref="oc-117"/>
      </symbol>
      <symbol id="sm-53c">
         <name>_fopen</name>
         <value>0x252d7</value>
         <object_component_ref idref="oc-117"/>
      </symbol>
      <symbol id="sm-53d">
         <name>_freopen</name>
         <value>0x2520e</value>
         <object_component_ref idref="oc-117"/>
      </symbol>
      <symbol id="sm-54d">
         <name>__sys_memory</name>
         <value>0x30c0</value>
         <object_component_ref idref="oc-121"/>
      </symbol>
      <symbol id="sm-54e">
         <name>_chkheap</name>
         <value>0x245ce</value>
         <object_component_ref idref="oc-11d"/>
      </symbol>
      <symbol id="sm-54f">
         <name>_realloc</name>
         <value>0x2436d</value>
         <object_component_ref idref="oc-11d"/>
      </symbol>
      <symbol id="sm-550">
         <name>_free_memory</name>
         <value>0x24578</value>
         <object_component_ref idref="oc-11d"/>
      </symbol>
      <symbol id="sm-551">
         <name>_max_free</name>
         <value>0x2451e</value>
         <object_component_ref idref="oc-11d"/>
      </symbol>
      <symbol id="sm-552">
         <name>_free</name>
         <value>0x24147</value>
         <object_component_ref idref="oc-11d"/>
      </symbol>
      <symbol id="sm-553">
         <name>_calloc</name>
         <value>0x245d6</value>
         <object_component_ref idref="oc-11d"/>
      </symbol>
      <symbol id="sm-554">
         <name>_malloc</name>
         <value>0x24278</value>
         <object_component_ref idref="oc-11d"/>
      </symbol>
      <symbol id="sm-555">
         <name>_minit</name>
         <value>0x24213</value>
         <object_component_ref idref="oc-11d"/>
      </symbol>
      <symbol id="sm-55f">
         <name>_fclose</name>
         <value>0x267f1</value>
         <object_component_ref idref="oc-124"/>
      </symbol>
      <symbol id="sm-569">
         <name>_remove</name>
         <value>0x26f98</value>
         <object_component_ref idref="oc-128"/>
      </symbol>
   </symbol_table>
</link_info>
