******************************************************************************
              TMS320C55x Linker PC v4.4.1                      
******************************************************************************
>> Linked Tue Jan 12 09:44:10 2021

OUTPUT FILE NAME:   <Vezba11.out>
ENTRY POINT SYMBOL: "_c_int00"  address: 00025164


MEMORY CONFIGURATION

         name            origin    length      used     unused   attr    fill
                        (bytes)   (bytes)    (bytes)   (bytes)
----------------------  --------  ---------  --------  --------  ----  --------
PAGE 0:
  MMR                   00000000   000000c0  00000000  000000c0  RWIX
  DARAM0                000000c0   0000ff40  0000687c  000096c4  RWIX
  SARAM0                00010000   00010000  00000000  00010000  RWIX
  SARAM1                00020000   00020000  00005286  0001ad7a  RWIX
  SARAM2                00040000   0000fe00  00000374  0000fa8c  RWIX
  VECS                  0004fe00   00000200  00000100  00000100  RWIX
  PDROM                 00ff8000   00008000  00000000  00008000  R IX

PAGE 2:
  IOPORT                00000000   00020000  00000000  00020000  RWI 


SECTION ALLOCATION MAP
(Addresses surrounded by []'s are displayed for convenience only!)

output                                                          attributes/
section   page  orgn(bytes) orgn(words) len(bytes) len(words)   input sections
--------  ----  ----------- ----------- ---------- ----------   --------------
.pinit       0   [ 00040000 ]  00020000          *   00000000   UNINITIALIZED

.stack       0   [ 000000c0 ]  00000060          *   00001000   UNINITIALIZED
                 [ 000000c0 ]  00000060          *   00001000   --HOLE--

.data        0   [ 000000c0 ]  00000060          *   00000000   UNINITIALIZED

.sysstack 
*            0   [ 000020c0 ]  00001060          *   00000800   UNINITIALIZED
                 [ 000020c0 ]  00001060          *   00000800   --HOLE--

.sysmem      0   [ 000030c0 ]  00001860          *   00001000   UNINITIALIZED
                 [ 000030c0 ]  00001860          *   00001000   --HOLE--

.bss.1       0   [ 000050c0 ]  00002860          *   00000999   UNINITIALIZED
                 [ 000050c0 ]  00002860          *   00000400   ezdsp5535_aic3204_dma.obj (.bss)
                 [ 000058c0 ]  00002c60          *   0000033e   main.obj (.bss)
                 [ 00005f3c ]  00002f9e          *   00000119   rts55x.lib : defs.obj (.bss)
                 [ 0000616e ]  000030b7          *   000000d0              : trgdrv.obj (.bss)
                 [ 0000630e ]  00003187          *   00000001              : fopen.obj (.bss)
                 [ 00006310 ]  00003188          *   00000071              : lowlev.obj (.bss)

.bss.2       0   [ 000063f4 ]  000031fa          *   0000000b   UNINITIALIZED
                 [ 000063f4 ]  000031fa          *   00000006   rts55x.lib : memory.obj (.bss)
                 [ 00006400 ]  00003200          *   00000005   aic3204.obj (.bss)

.bss.3       0   [ 0000640c ]  00003206          *   0000000c   UNINITIALIZED
                 [ 0000640c ]  00003206          *   00000004   aic3204_init.obj (.bss)
                 [ 00006414 ]  0000320a          *   00000004   rts55x.lib : _lock.obj (.bss)
                 [ 0000641c ]  0000320e          *   00000004              : exit.obj (.bss)

.const.1     0   [ 00006424 ]  00003212          *   00000101   
                 [ 00006424 ]  00003212          *   00000101   rts55x.lib : ctype.obj (.const:__ctypes_)

.const.2     0   [ 00006628 ]  00003314          *   00000077   
                 [ 00006628 ]  00003314          *   00000077   aic3204_init.obj (.const:.string)

.const.3     0   [ 00006718 ]  0000338c          *   00000065   
                 [ 00006718 ]  0000338c          *   00000065   main.obj (.const:.string)

.const.4     0   [ 000067e4 ]  000033f2          *   00000073   
                 [ 000067e4 ]  000033f2          *   0000003a   aic3204.obj (.const:.string)
                 [ 00006858 ]  0000342c          *   00000039   ezdsp5535_aic3204_dma.obj (.const:.string)

.const.5     0   [ 000068cc ]  00003466          *   0000003e   
                 [ 000068cc ]  00003466          *   00000024   rts55x.lib : _printfi.obj (.const:.string)
                 [ 00006914 ]  0000348a          *   0000000c              : _printfi.obj (.const)
                 [ 0000692c ]  00003496          *   00000008              : divd.obj (.const:_initial_approx$1)
                 [ 0000693c ]  0000349e          *   00000002              : fputs.obj (.const:.string)
                 [ 00006940 ]  000034a0          *   00000002   iir.obj (.const)
                 [ 00006944 ]  000034a2          *   00000002   rts55x.lib : fltlid.obj (.const)

.text        0     00020000  [ 00010000 ] 00005286          *   
                   00020000  [ 00010000 ] 000015a4          *   rts55x.lib : _printfi.obj (.text)
                   000215a4  [ 00010ad2 ] 00000543          *              : lowlev.obj (.text)
                   00021ae7  [ 00010d73+] 00000528          *              : trgdrv.obj (.text)
                   0002200f  [ 00011007+] 000004b5          *              : memory.obj (.text)
                   000224c4  [ 00011262 ] 000003cc          *              : divd.obj (.text)
                   00022890  [ 00011448 ] 000003c6          *   iir.obj (.text)
                   00022c56  [ 0001162b ] 00000309          *   aic3204.obj (.text)
                   00022f5f  [ 000117af+] 0000027f          *   rts55x.lib : fopen.obj (.text)
                   000231de  [ 000118ef ] 0000025e          *              : llmpy.obj (.text)
                   0002343c  [ 00011a1e ] 0000025a          *              : addd.obj (.text)
                   00023696  [ 00011b4b ] 00000207          *   ezdsp5535_aic3204_dma.obj (.text)
                   0002389d  [ 00011c4e+] 000001ee          *   rts55x.lib : fwrite.obj (.text)
                   00023a8b  [ 00011d45+] 000001ea          *              : cmpd.obj (.text)
                   00023c75  [ 00011e3a+] 000001b4          *   adaptive_filter.obj (.text)
                   00023e29  [ 00011f14+] 0000016e          *   main.obj (.text)
                   00023f97  [ 00011fcb+] 00000163          *   rts55x.lib : fputs.obj (.text)
                   000240fa  [ 0001207d ] 0000014c          *              : mpyd.obj (.text)
                   00024246  [ 00012123 ] 0000010f          *              : fread.obj (.text)
                   00024355  [ 000121aa+] 00000100          *   fir.obj (.text)
                   00024455  [ 0001222a+] 000000f6          *   aic3204_init.obj (.text)
                   0002454b  [ 000122a5+] 000000e6          *   rts55x.lib : setvbuf.obj (.text)
                   00024631  [ 00012318+] 000000dd          *              : _io_perm.obj (.text)
                   0002470e  [ 00012387 ] 000000c2          *              : fflush.obj (.text)
                   000247d0  [ 000123e8 ] 000000ba          *              : trgmsg.obj (.text:CIO_breakpoint)
                   0002488a  [ 00012445 ] 000000ae          *              : _bufread.obj (.text)
                   00024938  [ 0001249c ] 000000a6          *              : fputc.obj (.text)
                   000249de  [ 000124ef ] 000000a1          *              : divul.obj (.text)
                   00024a7f  [ 0001253f+] 0000007d          *              : ltoa.obj (.text)
                   00024afc  [ 0001257e ] 0000007b          *              : fclose.obj (.text)
                   00024b77  [ 000125bb+] 00000076          *              : frcmpyd.obj (.text)
                   00024bed  [ 000125f6+] 00000073          *              : frcmpyd_div.obj (.text)
                   00024c60  [ 00012630 ] 00000072          *              : remul.obj (.text)
                   00024cd2  [ 00012669 ] 0000006f          *              : fixdli.obj (.text)
                   00024d41  [ 000126a0+] 0000006d          *              : trgmsg.obj (.text)
                   00024dae  [ 000126d7 ] 0000006b          *              : fseek.obj (.text)
                   00024e19  [ 0001270c+] 00000067          *              : fltlid.obj (.text)
                   00024e80  [ 00012740 ] 0000005c          *              : atoi.obj (.text)
                   00024edc  [ 0001276e ] 00000054          *   ezdsp5535bsl.lib : ezdsp5535.obj (.text)
                   00024f30  [ 00012798 ] 00000050          *   rts55x.lib : printf.obj (.text)
                   00024f80  [ 000127c0 ] 0000004d          *              : autoinit.obj (.text)
                   00024fcd  [ 000127e6+] 0000004b          *              : args_main.obj (.text)
                   00025018  [ 0001280c ] 0000004b          *              : remli.obj (.text)
                   00025063  [ 00012831+] 00000048          *              : divli.obj (.text)
                   000250ab  [ 00012855+] 0000003f          *              : memcpy.obj (.text)
                   000250ea  [ 00012875 ] 0000003e          *              : exit.obj (.text)
                   00025128  [ 00012894 ] 0000003c          *              : idiv.obj (.text)
                   00025164  [ 000128b2 ] 00000034          *              : boot.obj (.text)
                   00025198  [ 000128cc ] 0000002a          *              : fixdi.obj (.text)
                   000251c2  [ 000128e1 ] 0000002a          *              : udiv.obj (.text)
                   000251ec  [ 000128f6 ] 00000023          *              : memccpy.obj (.text)
                   0002520f  [ 00012907+] 0000001a          *              : isinf.obj (.text)
                   00025229  [ 00012914+] 00000014          *              : subd.obj (.text)
                   0002523d  [ 0001291e+] 00000013          *              : lmpy.obj (.text)
                   00025250  [ 00012928 ] 00000012          *              : _lock.obj (.text)
                   00025262  [ 00012931 ] 00000010          *              : negd.obj (.text)
                   00025272  [ 00012939 ] 0000000a          *              : remove.obj (.text)
                   0002527c  [ 0001293e ] 00000007          *              : exit.obj (.text:CIO_breakpoint)
                   00025283  [ 00012941+] 00000002          *              : vectors.obj (.text)
                   00025285  [ 00012942 ] 00000001          *   --HOLE-- [fill = 20]

.cio         0   [ 00040000 ]  00020000          *   00000120   UNINITIALIZED
                 [ 00040000 ]  00020000          *   00000120   rts55x.lib : trgmsg.obj (.cio)

.cinit       0   [ 00040240 ]  00020120          *   0000009a   
                 [ 00040240 ]  00020120          *   0000002d   rts55x.lib : lowlev.obj (.cinit)
                 [ 0004029a ]  0002014d          *   0000002a              : defs.obj (.cinit)
                 [ 000402ee ]  00020177          *   00000018   main.obj (.cinit)
                 [ 0004031e ]  0002018f          *   0000000a   aic3204_init.obj (.cinit)
                 [ 00040332 ]  00020199          *   0000000a   rts55x.lib : _lock.obj (.cinit)
                 [ 00040346 ]  000201a3          *   0000000a              : exit.obj (.cinit)
                 [ 0004035a ]  000201ad          *   00000004   aic3204.obj (.cinit)
                 [ 00040362 ]  000201b1          *   00000004   rts55x.lib : fopen.obj (.cinit)
                 [ 0004036a ]  000201b5          *   00000004              : memory.obj (.cinit)
                 [ 00040372 ]  000201b9          *   00000001   --HOLE-- [fill = 0]

vectors      0     0004fe00  [ 00027f00 ] 00000100          *   
                   0004fe00  [ 00027f00 ] 00000100          *   rts55x.lib : vectors.obj (vectors)


GLOBAL SYMBOLS: SORTED ALPHABETICALLY BY Name 

abs. value/
byte addr   word addr   name
---------   ---------   ----
00000002                $TI_capability$C5500$CallingConvention
00000002                $TI_capability$C5500$MemoryModel
00000001                $TI_capability_requires_rev3
ffffffff                .bss
ffffffff                .data
ffffffff                .text
0002527d                C$$EXIT
00024885                C$$IO$$
00025128                I$$DIV
0002523d                I$$LMPY
00025147                I$$MOD
000251c2                I$$UDIV
000251d7                I$$UMOD
00024f22                _EZDSP5535_init
00024edc                _EZDSP5535_wait
00024f10                _EZDSP5535_waitusec
00021fb1                _HOSTclock
00021f46                _HOSTclose
00021e91                _HOSTlseek
00021df2                _HOSTopen
00021d65                _HOSTread
00021cb7                _HOSTrename
00021c59                _HOSTtime
00021bef                _HOSTunlink
00021b62                _HOSTwrite
            00002cac    _InputBufferL
            00002d2c    _InputBufferR
00022b6e                _Nth_order_IIR
            00002dac    _OutputBufferL
            00002e2c    _OutputBufferR
0004fe00                _Reset
            00002860    _SimulatorInput
            00002a60    _SimulatorOutput
            00020000    __CIOBUF_
            00001060    __STACK_END
00002000                __STACK_SIZE
00002000                __SYSMEM_SIZE
00001000                __SYSSTACK_SIZE
00000001                __TI_args_main
ffffffff                ___binit__
ffffffff                ___bss__
ffffffff                ___c_args__
            00020120    ___cinit__
ffffffff                ___data__
ffffffff                ___edata__
ffffffff                ___end__
ffffffff                ___etext__
0002520f                ___isinf
ffffffff                ___pinit__
ffffffff                ___text__
0002343c                __addd
00024fcd                __args_main
0002488a                __buff_read
00023080                __cleanup
            0000320e    __cleanup_ptr
00023c1d                __cmpd
            00003212    __ctypes_
000224c4                __divd
00025128                __divi
00025063                __divli
00023407                __divlli
000251c2                __divu
000249de                __divul
00023313                __divull
0002470e                __doflush
            00003210    __dtors_ptr
00023be9                __eqld
00025198                __fixdi
00024cd2                __fixdli
00024e19                __fltlid
00024b77                __frcmpyd
00024bed                __frcmpyd_div
            000030b6    __ft_end
            00002f9e    __ftable
00023b9f                __geqd
00023b54                __gtrd
00023b07                __leqd
            0000320a    __lock
00023abf                __lssd
000240fa                __mpyd
0002523d                __mpyli
0002325b                __mpylli
00025262                __negd
00023a8b                __neqd
00025260                __nop
00021362                __printfi
000246b1                __rd_ok
00025258                __register_lock
00025250                __register_unlock
00025147                __remi
00025018                __remli
0002322c                __remlli
000251d7                __remu
00024c60                __remul
000231de                __remull
            00000060    __stack
00025229                __subd
            00001860    __sys_memory
            00001060    __sysstack
            00003016    __tmpnams
            0000320c    __unlock
00024631                __wrt_ok
0002527c                _abort
            00002eac    _adaptive_coeff
000219f7                _add_device
00022c8c                _aic3204_codec_read
00022cfc                _aic3204_codec_write
00022c58                _aic3204_disable
00023696                _aic3204_dma_init
            00003204    _aic3204_enabled
00022c56                _aic3204_hardware_init
00024479                _aic3204_init
00023698                _aic3204_read_block
00022e9c                _aic3204_read_wav_header
00024455                _aic3204_set_input_filename
00024467                _aic3204_set_output_filename
00023764                _aic3204_write_block
0002381e                _aic3204_write_data
00022dcd                _aic3204_write_wav_header
00024e80                _atoi
00024f80                _auto_init
00025164                _c_int00
0002249e                _calloc
00022496                _chkheap
00021984                _close
000250ea                _exit
00024afc                _fclose
00024777                _fflush
0002197b                _find_registered_device
00024355                _fir_basic
000243d2                _fir_circular
00022890                _first_order_IIR
000231a3                _fopen
000229d0                _fourth_order_IIR
00024938                _fputc
00023f97                _fputs
00024246                _fread
0002200f                _free
00022440                _free_memory
000230da                _freopen
00024dae                _fseek
0002389d                _fwrite
00021ae7                _getenv
00022b83                _halfband
            00002f25    _history
            00003200    _input_file
00023c75                _lms
00023de6                _lms_filter
            00002c60    _lowpass_5kHz_8th_order
00021915                _lseek
00024a7f                _ltoa
00023e29                _main
00022140                _malloc
000223e6                _max_free
000251ec                _memccpy
000250ab                _memcpy
000220db                _minit
00023d1f                _nlms
00021856                _open
            00003202    _output_file
00024f30                _printf
00024938                _putc
000249cf                _putchar
000240cc                _puts
000217a8                _read
00024d41                _readmsg
00022235                _realloc
00025272                _remove
00021772                _remove_device
00021719                _rename
00022917                _second_order_IIR
00022b95                _second_order_IIR_Direct_Form_II_f
0002453e                _set_sampling_frequency_and_gain
0002454b                _setvbuf
            00002c69    _state
000216e6                _unlink
000215a4                _write
000247d0                _writemsg
ffffffff                binit
            00020120    cinit
ffffffff                edata
ffffffff                end
ffffffff                etext
ffffffff                pinit


GLOBAL SYMBOLS: SORTED BY Symbol Address 

abs. value/
byte addr   word addr   name
---------   ---------   ----
00000001                $TI_capability_requires_rev3
00000001                __TI_args_main
00000002                $TI_capability$C5500$CallingConvention
00000002                $TI_capability$C5500$MemoryModel
            00000060    __stack
00001000                __SYSSTACK_SIZE
00002000                __STACK_SIZE
00002000                __SYSMEM_SIZE
            00001060    __STACK_END
            00001060    __sysstack
            00001860    __sys_memory
            00002860    _SimulatorInput
            00002a60    _SimulatorOutput
            00002c60    _lowpass_5kHz_8th_order
            00002c69    _state
            00002cac    _InputBufferL
            00002d2c    _InputBufferR
            00002dac    _OutputBufferL
            00002e2c    _OutputBufferR
            00002eac    _adaptive_coeff
            00002f25    _history
            00002f9e    __ftable
            00003016    __tmpnams
            000030b6    __ft_end
            00003200    _input_file
            00003202    _output_file
            00003204    _aic3204_enabled
            0000320a    __lock
            0000320c    __unlock
            0000320e    __cleanup_ptr
            00003210    __dtors_ptr
            00003212    __ctypes_
00021362                __printfi
000215a4                _write
000216e6                _unlink
00021719                _rename
00021772                _remove_device
000217a8                _read
00021856                _open
00021915                _lseek
0002197b                _find_registered_device
00021984                _close
000219f7                _add_device
00021ae7                _getenv
00021b62                _HOSTwrite
00021bef                _HOSTunlink
00021c59                _HOSTtime
00021cb7                _HOSTrename
00021d65                _HOSTread
00021df2                _HOSTopen
00021e91                _HOSTlseek
00021f46                _HOSTclose
00021fb1                _HOSTclock
0002200f                _free
000220db                _minit
00022140                _malloc
00022235                _realloc
000223e6                _max_free
00022440                _free_memory
00022496                _chkheap
0002249e                _calloc
000224c4                __divd
00022890                _first_order_IIR
00022917                _second_order_IIR
000229d0                _fourth_order_IIR
00022b6e                _Nth_order_IIR
00022b83                _halfband
00022b95                _second_order_IIR_Direct_Form_II_f
00022c56                _aic3204_hardware_init
00022c58                _aic3204_disable
00022c8c                _aic3204_codec_read
00022cfc                _aic3204_codec_write
00022dcd                _aic3204_write_wav_header
00022e9c                _aic3204_read_wav_header
00023080                __cleanup
000230da                _freopen
000231a3                _fopen
000231de                __remull
0002322c                __remlli
0002325b                __mpylli
00023313                __divull
00023407                __divlli
0002343c                __addd
00023696                _aic3204_dma_init
00023698                _aic3204_read_block
00023764                _aic3204_write_block
0002381e                _aic3204_write_data
0002389d                _fwrite
00023a8b                __neqd
00023abf                __lssd
00023b07                __leqd
00023b54                __gtrd
00023b9f                __geqd
00023be9                __eqld
00023c1d                __cmpd
00023c75                _lms
00023d1f                _nlms
00023de6                _lms_filter
00023e29                _main
00023f97                _fputs
000240cc                _puts
000240fa                __mpyd
00024246                _fread
00024355                _fir_basic
000243d2                _fir_circular
00024455                _aic3204_set_input_filename
00024467                _aic3204_set_output_filename
00024479                _aic3204_init
0002453e                _set_sampling_frequency_and_gain
0002454b                _setvbuf
00024631                __wrt_ok
000246b1                __rd_ok
0002470e                __doflush
00024777                _fflush
000247d0                _writemsg
00024885                C$$IO$$
0002488a                __buff_read
00024938                _fputc
00024938                _putc
000249cf                _putchar
000249de                __divul
00024a7f                _ltoa
00024afc                _fclose
00024b77                __frcmpyd
00024bed                __frcmpyd_div
00024c60                __remul
00024cd2                __fixdli
00024d41                _readmsg
00024dae                _fseek
00024e19                __fltlid
00024e80                _atoi
00024edc                _EZDSP5535_wait
00024f10                _EZDSP5535_waitusec
00024f22                _EZDSP5535_init
00024f30                _printf
00024f80                _auto_init
00024fcd                __args_main
00025018                __remli
00025063                __divli
000250ab                _memcpy
000250ea                _exit
00025128                I$$DIV
00025128                __divi
00025147                I$$MOD
00025147                __remi
00025164                _c_int00
00025198                __fixdi
000251c2                I$$UDIV
000251c2                __divu
000251d7                I$$UMOD
000251d7                __remu
000251ec                _memccpy
0002520f                ___isinf
00025229                __subd
0002523d                I$$LMPY
0002523d                __mpyli
00025250                __register_unlock
00025258                __register_lock
00025260                __nop
00025262                __negd
00025272                _remove
0002527c                _abort
0002527d                C$$EXIT
            00020000    __CIOBUF_
            00020120    ___cinit__
            00020120    cinit
0004fe00                _Reset
ffffffff                .bss
ffffffff                .data
ffffffff                .text
ffffffff                ___binit__
ffffffff                ___bss__
ffffffff                ___c_args__
ffffffff                ___data__
ffffffff                ___edata__
ffffffff                ___end__
ffffffff                ___etext__
ffffffff                ___pinit__
ffffffff                ___text__
ffffffff                binit
ffffffff                edata
ffffffff                end
ffffffff                etext
ffffffff                pinit

[184 symbols]
