******************************************************************************
              TMS320C55x Linker PC v4.4.1                      
******************************************************************************
>> Linked Tue Jan 12 10:01:41 2021

OUTPUT FILE NAME:   <Vezba9.out>
ENTRY POINT SYMBOL: "_c_int00"  address: 00025169


MEMORY CONFIGURATION

         name            origin    length      used     unused   attr    fill
                        (bytes)   (bytes)    (bytes)   (bytes)
----------------------  --------  ---------  --------  --------  ----  --------
PAGE 0:
  MMR                   00000000   000000c0  00000000  000000c0  RWIX
  DARAM0                000000c0   0000ff40  0000671c  00009824  RWIX
  SARAM0                00010000   00010000  00000000  00010000  RWIX
  SARAM1                00020000   00020000  0000528b  0001ad75  RWIX
  SARAM2                00040000   0000fe00  00000374  0000fa8c  RWIX
  VECS                  0004fe00   00000200  00000100  00000100  RWIX
  PDROM                 00ff8000   00008000  00000000  00008000  R IX

PAGE 2:
  IOPORT                00000000   00020000  00000000  00020000  RWI 


SECTION ALLOCATION MAP
(Addresses surrounded by []'s are displayed for convenience only!)

output                                                          attributes/
section   page  orgn(bytes) orgn(words) len(bytes) len(words)   input sections
--------  ----  ----------- ----------- ---------- ----------   --------------
.pinit       0   [ 00040000 ]  00020000          *   00000000   UNINITIALIZED

.stack       0   [ 000000c0 ]  00000060          *   00001000   UNINITIALIZED
                 [ 000000c0 ]  00000060          *   00001000   --HOLE--

.data        0   [ 000000c0 ]  00000060          *   00000000   UNINITIALIZED

.sysstack 
*            0   [ 000020c0 ]  00001060          *   00000800   UNINITIALIZED
                 [ 000020c0 ]  00001060          *   00000800   --HOLE--

.sysmem      0   [ 000030c0 ]  00001860          *   00001000   UNINITIALIZED
                 [ 000030c0 ]  00001860          *   00001000   --HOLE--

.bss.1       0   [ 000050c0 ]  00002860          *   000008e9   UNINITIALIZED
                 [ 000050c0 ]  00002860          *   00000400   ezdsp5535_aic3204_dma.obj (.bss)
                 [ 000058c0 ]  00002c60          *   0000028e   main.obj (.bss)
                 [ 00005ddc ]  00002eee          *   00000119   rts55x.lib : defs.obj (.bss)
                 [ 0000600e ]  00003007          *   000000d0              : trgdrv.obj (.bss)
                 [ 000061ae ]  000030d7          *   00000001              : fopen.obj (.bss)
                 [ 000061b0 ]  000030d8          *   00000071              : lowlev.obj (.bss)

.bss.2       0   [ 00006294 ]  0000314a          *   0000000b   UNINITIALIZED
                 [ 00006294 ]  0000314a          *   00000006   rts55x.lib : memory.obj (.bss)
                 [ 000062a0 ]  00003150          *   00000005   aic3204.obj (.bss)

.bss.3       0   [ 000062ac ]  00003156          *   0000000c   UNINITIALIZED
                 [ 000062ac ]  00003156          *   00000004   aic3204_init.obj (.bss)
                 [ 000062b4 ]  0000315a          *   00000004   rts55x.lib : _lock.obj (.bss)
                 [ 000062bc ]  0000315e          *   00000004              : exit.obj (.bss)

.const.1     0   [ 000062c4 ]  00003162          *   00000101   
                 [ 000062c4 ]  00003162          *   00000101   rts55x.lib : ctype.obj (.const:__ctypes_)

.const.2     0   [ 000064c8 ]  00003264          *   00000077   
                 [ 000064c8 ]  00003264          *   00000077   aic3204_init.obj (.const:.string)

.const.3     0   [ 000065b8 ]  000032dc          *   00000065   
                 [ 000065b8 ]  000032dc          *   00000065   main.obj (.const:.string)

.const.4     0   [ 00006684 ]  00003342          *   00000073   
                 [ 00006684 ]  00003342          *   0000003a   aic3204.obj (.const:.string)
                 [ 000066f8 ]  0000337c          *   00000039   ezdsp5535_aic3204_dma.obj (.const:.string)

.const.5     0   [ 0000676c ]  000033b6          *   0000003e   
                 [ 0000676c ]  000033b6          *   00000024   rts55x.lib : _printfi.obj (.const:.string)
                 [ 000067b4 ]  000033da          *   0000000c              : _printfi.obj (.const)
                 [ 000067cc ]  000033e6          *   00000008              : divd.obj (.const:_initial_approx$1)
                 [ 000067dc ]  000033ee          *   00000002              : fputs.obj (.const:.string)
                 [ 000067e0 ]  000033f0          *   00000002   iir.obj (.const)
                 [ 000067e4 ]  000033f2          *   00000002   rts55x.lib : fltlid.obj (.const)

.text        0     00020000  [ 00010000 ] 0000528b          *   
                   00020000  [ 00010000 ] 000015a4          *   rts55x.lib : _printfi.obj (.text)
                   000215a4  [ 00010ad2 ] 00000543          *              : lowlev.obj (.text)
                   00021ae7  [ 00010d73+] 00000528          *              : trgdrv.obj (.text)
                   0002200f  [ 00011007+] 000004b5          *              : memory.obj (.text)
                   000224c4  [ 00011262 ] 000003cc          *              : divd.obj (.text)
                   00022890  [ 00011448 ] 000003c6          *   iir.obj (.text)
                   00022c56  [ 0001162b ] 00000309          *   aic3204.obj (.text)
                   00022f5f  [ 000117af+] 0000027f          *   rts55x.lib : fopen.obj (.text)
                   000231de  [ 000118ef ] 0000025e          *              : llmpy.obj (.text)
                   0002343c  [ 00011a1e ] 0000025a          *              : addd.obj (.text)
                   00023696  [ 00011b4b ] 00000207          *   ezdsp5535_aic3204_dma.obj (.text)
                   0002389d  [ 00011c4e+] 000001ee          *   rts55x.lib : fwrite.obj (.text)
                   00023a8b  [ 00011d45+] 000001ea          *              : cmpd.obj (.text)
                   00023c75  [ 00011e3a+] 000001b4          *   adaptive_filter.obj (.text)
                   00023e29  [ 00011f14+] 00000173          *   main.obj (.text)
                   00023f9c  [ 00011fce ] 00000163          *   rts55x.lib : fputs.obj (.text)
                   000240ff  [ 0001207f+] 0000014c          *              : mpyd.obj (.text)
                   0002424b  [ 00012125+] 0000010f          *              : fread.obj (.text)
                   0002435a  [ 000121ad ] 00000100          *   fir.obj (.text)
                   0002445a  [ 0001222d ] 000000f6          *   aic3204_init.obj (.text)
                   00024550  [ 000122a8 ] 000000e6          *   rts55x.lib : setvbuf.obj (.text)
                   00024636  [ 0001231b ] 000000dd          *              : _io_perm.obj (.text)
                   00024713  [ 00012389+] 000000c2          *              : fflush.obj (.text)
                   000247d5  [ 000123ea+] 000000ba          *              : trgmsg.obj (.text:CIO_breakpoint)
                   0002488f  [ 00012447+] 000000ae          *              : _bufread.obj (.text)
                   0002493d  [ 0001249e+] 000000a6          *              : fputc.obj (.text)
                   000249e3  [ 000124f1+] 000000a1          *              : divul.obj (.text)
                   00024a84  [ 00012542 ] 0000007d          *              : ltoa.obj (.text)
                   00024b01  [ 00012580+] 0000007b          *              : fclose.obj (.text)
                   00024b7c  [ 000125be ] 00000076          *              : frcmpyd.obj (.text)
                   00024bf2  [ 000125f9 ] 00000073          *              : frcmpyd_div.obj (.text)
                   00024c65  [ 00012632+] 00000072          *              : remul.obj (.text)
                   00024cd7  [ 0001266b+] 0000006f          *              : fixdli.obj (.text)
                   00024d46  [ 000126a3 ] 0000006d          *              : trgmsg.obj (.text)
                   00024db3  [ 000126d9+] 0000006b          *              : fseek.obj (.text)
                   00024e1e  [ 0001270f ] 00000067          *              : fltlid.obj (.text)
                   00024e85  [ 00012742+] 0000005c          *              : atoi.obj (.text)
                   00024ee1  [ 00012770+] 00000054          *   ezdsp5535bsl.lib : ezdsp5535.obj (.text)
                   00024f35  [ 0001279a+] 00000050          *   rts55x.lib : printf.obj (.text)
                   00024f85  [ 000127c2+] 0000004d          *              : autoinit.obj (.text)
                   00024fd2  [ 000127e9 ] 0000004b          *              : args_main.obj (.text)
                   0002501d  [ 0001280e+] 0000004b          *              : remli.obj (.text)
                   00025068  [ 00012834 ] 00000048          *              : divli.obj (.text)
                   000250b0  [ 00012858 ] 0000003f          *              : memcpy.obj (.text)
                   000250ef  [ 00012877+] 0000003e          *              : exit.obj (.text)
                   0002512d  [ 00012896+] 0000003c          *              : idiv.obj (.text)
                   00025169  [ 000128b4+] 00000034          *              : boot.obj (.text)
                   0002519d  [ 000128ce+] 0000002a          *              : fixdi.obj (.text)
                   000251c7  [ 000128e3+] 0000002a          *              : udiv.obj (.text)
                   000251f1  [ 000128f8+] 00000023          *              : memccpy.obj (.text)
                   00025214  [ 0001290a ] 0000001a          *              : isinf.obj (.text)
                   0002522e  [ 00012917 ] 00000014          *              : subd.obj (.text)
                   00025242  [ 00012921 ] 00000013          *              : lmpy.obj (.text)
                   00025255  [ 0001292a+] 00000012          *              : _lock.obj (.text)
                   00025267  [ 00012933+] 00000010          *              : negd.obj (.text)
                   00025277  [ 0001293b+] 0000000a          *              : remove.obj (.text)
                   00025281  [ 00012940+] 00000007          *              : exit.obj (.text:CIO_breakpoint)
                   00025288  [ 00012944 ] 00000002          *              : vectors.obj (.text)
                   0002528a  [ 00012945 ] 00000001          *   --HOLE-- [fill = 20]

.cio         0   [ 00040000 ]  00020000          *   00000120   UNINITIALIZED
                 [ 00040000 ]  00020000          *   00000120   rts55x.lib : trgmsg.obj (.cio)

.cinit       0   [ 00040240 ]  00020120          *   0000009a   
                 [ 00040240 ]  00020120          *   0000002d   rts55x.lib : lowlev.obj (.cinit)
                 [ 0004029a ]  0002014d          *   0000002a              : defs.obj (.cinit)
                 [ 000402ee ]  00020177          *   00000018   main.obj (.cinit)
                 [ 0004031e ]  0002018f          *   0000000a   aic3204_init.obj (.cinit)
                 [ 00040332 ]  00020199          *   0000000a   rts55x.lib : _lock.obj (.cinit)
                 [ 00040346 ]  000201a3          *   0000000a              : exit.obj (.cinit)
                 [ 0004035a ]  000201ad          *   00000004   aic3204.obj (.cinit)
                 [ 00040362 ]  000201b1          *   00000004   rts55x.lib : fopen.obj (.cinit)
                 [ 0004036a ]  000201b5          *   00000004              : memory.obj (.cinit)
                 [ 00040372 ]  000201b9          *   00000001   --HOLE-- [fill = 0]

vectors      0     0004fe00  [ 00027f00 ] 00000100          *   
                   0004fe00  [ 00027f00 ] 00000100          *   rts55x.lib : vectors.obj (vectors)


GLOBAL SYMBOLS: SORTED ALPHABETICALLY BY Name 

abs. value/
byte addr   word addr   name
---------   ---------   ----
00000002                $TI_capability$C5500$CallingConvention
00000002                $TI_capability$C5500$MemoryModel
00000001                $TI_capability_requires_rev3
ffffffff                .bss
ffffffff                .data
ffffffff                .text
00025282                C$$EXIT
0002488a                C$$IO$$
0002512d                I$$DIV
00025242                I$$LMPY
0002514c                I$$MOD
000251c7                I$$UDIV
000251dc                I$$UMOD
00024f27                _EZDSP5535_init
00024ee1                _EZDSP5535_wait
00024f15                _EZDSP5535_waitusec
00021fb1                _HOSTclock
00021f46                _HOSTclose
00021e91                _HOSTlseek
00021df2                _HOSTopen
00021d65                _HOSTread
00021cb7                _HOSTrename
00021c59                _HOSTtime
00021bef                _HOSTunlink
00021b62                _HOSTwrite
            00002cac    _InputBufferL
            00002d2c    _InputBufferR
00022b6e                _Nth_order_IIR
            00002dac    _OutputBufferL
            00002e2c    _OutputBufferR
0004fe00                _Reset
            00002860    _SimulatorInput
            00002a60    _SimulatorOutput
            00020000    __CIOBUF_
            00001060    __STACK_END
00002000                __STACK_SIZE
00002000                __SYSMEM_SIZE
00001000                __SYSSTACK_SIZE
00000001                __TI_args_main
ffffffff                ___binit__
ffffffff                ___bss__
ffffffff                ___c_args__
            00020120    ___cinit__
ffffffff                ___data__
ffffffff                ___edata__
ffffffff                ___end__
ffffffff                ___etext__
00025214                ___isinf
ffffffff                ___pinit__
ffffffff                ___text__
0002343c                __addd
00024fd2                __args_main
0002488f                __buff_read
00023080                __cleanup
            0000315e    __cleanup_ptr
00023c1d                __cmpd
            00003162    __ctypes_
000224c4                __divd
0002512d                __divi
00025068                __divli
00023407                __divlli
000251c7                __divu
000249e3                __divul
00023313                __divull
00024713                __doflush
            00003160    __dtors_ptr
00023be9                __eqld
0002519d                __fixdi
00024cd7                __fixdli
00024e1e                __fltlid
00024b7c                __frcmpyd
00024bf2                __frcmpyd_div
            00003006    __ft_end
            00002eee    __ftable
00023b9f                __geqd
00023b54                __gtrd
00023b07                __leqd
            0000315a    __lock
00023abf                __lssd
000240ff                __mpyd
00025242                __mpyli
0002325b                __mpylli
00025267                __negd
00023a8b                __neqd
00025265                __nop
00021362                __printfi
000246b6                __rd_ok
0002525d                __register_lock
00025255                __register_unlock
0002514c                __remi
0002501d                __remli
0002322c                __remlli
000251dc                __remu
00024c65                __remul
000231de                __remull
            00000060    __stack
0002522e                __subd
            00001860    __sys_memory
            00001060    __sysstack
            00002f66    __tmpnams
            0000315c    __unlock
00024636                __wrt_ok
00025281                _abort
            00002eac    _adaptive_coeff
000219f7                _add_device
00022c8c                _aic3204_codec_read
00022cfc                _aic3204_codec_write
00022c58                _aic3204_disable
00023696                _aic3204_dma_init
            00003154    _aic3204_enabled
00022c56                _aic3204_hardware_init
0002447e                _aic3204_init
00023698                _aic3204_read_block
00022e9c                _aic3204_read_wav_header
0002445a                _aic3204_set_input_filename
0002446c                _aic3204_set_output_filename
00023764                _aic3204_write_block
0002381e                _aic3204_write_data
00022dcd                _aic3204_write_wav_header
00024e85                _atoi
00024f85                _auto_init
00025169                _c_int00
0002249e                _calloc
00022496                _chkheap
00021984                _close
000250ef                _exit
00024b01                _fclose
0002477c                _fflush
0002197b                _find_registered_device
0002435a                _fir_basic
000243d7                _fir_circular
00022890                _first_order_IIR
000231a3                _fopen
000229d0                _fourth_order_IIR
0002493d                _fputc
00023f9c                _fputs
0002424b                _fread
0002200f                _free
00022440                _free_memory
000230da                _freopen
00024db3                _fseek
0002389d                _fwrite
00021ae7                _getenv
00022b83                _halfband
            00002ecd    _history
            00003150    _input_file
00023c75                _lms
00023de6                _lms_filter
            00002c60    _lowpass_5kHz_8th_order
00021915                _lseek
00024a84                _ltoa
00023e29                _main
00022140                _malloc
000223e6                _max_free
000251f1                _memccpy
000250b0                _memcpy
000220db                _minit
00023d1f                _nlms
00021856                _open
            00003152    _output_file
00024f35                _printf
0002493d                _putc
000249d4                _putchar
000240d1                _puts
000217a8                _read
00024d46                _readmsg
00022235                _realloc
00025277                _remove
00021772                _remove_device
00021719                _rename
00022917                _second_order_IIR
00022b95                _second_order_IIR_Direct_Form_II_f
00024543                _set_sampling_frequency_and_gain
00024550                _setvbuf
            00002c69    _state
000216e6                _unlink
000215a4                _write
000247d5                _writemsg
ffffffff                binit
            00020120    cinit
ffffffff                edata
ffffffff                end
ffffffff                etext
ffffffff                pinit


GLOBAL SYMBOLS: SORTED BY Symbol Address 

abs. value/
byte addr   word addr   name
---------   ---------   ----
00000001                $TI_capability_requires_rev3
00000001                __TI_args_main
00000002                $TI_capability$C5500$CallingConvention
00000002                $TI_capability$C5500$MemoryModel
            00000060    __stack
00001000                __SYSSTACK_SIZE
00002000                __STACK_SIZE
00002000                __SYSMEM_SIZE
            00001060    __STACK_END
            00001060    __sysstack
            00001860    __sys_memory
            00002860    _SimulatorInput
            00002a60    _SimulatorOutput
            00002c60    _lowpass_5kHz_8th_order
            00002c69    _state
            00002cac    _InputBufferL
            00002d2c    _InputBufferR
            00002dac    _OutputBufferL
            00002e2c    _OutputBufferR
            00002eac    _adaptive_coeff
            00002ecd    _history
            00002eee    __ftable
            00002f66    __tmpnams
            00003006    __ft_end
            00003150    _input_file
            00003152    _output_file
            00003154    _aic3204_enabled
            0000315a    __lock
            0000315c    __unlock
            0000315e    __cleanup_ptr
            00003160    __dtors_ptr
            00003162    __ctypes_
00021362                __printfi
000215a4                _write
000216e6                _unlink
00021719                _rename
00021772                _remove_device
000217a8                _read
00021856                _open
00021915                _lseek
0002197b                _find_registered_device
00021984                _close
000219f7                _add_device
00021ae7                _getenv
00021b62                _HOSTwrite
00021bef                _HOSTunlink
00021c59                _HOSTtime
00021cb7                _HOSTrename
00021d65                _HOSTread
00021df2                _HOSTopen
00021e91                _HOSTlseek
00021f46                _HOSTclose
00021fb1                _HOSTclock
0002200f                _free
000220db                _minit
00022140                _malloc
00022235                _realloc
000223e6                _max_free
00022440                _free_memory
00022496                _chkheap
0002249e                _calloc
000224c4                __divd
00022890                _first_order_IIR
00022917                _second_order_IIR
000229d0                _fourth_order_IIR
00022b6e                _Nth_order_IIR
00022b83                _halfband
00022b95                _second_order_IIR_Direct_Form_II_f
00022c56                _aic3204_hardware_init
00022c58                _aic3204_disable
00022c8c                _aic3204_codec_read
00022cfc                _aic3204_codec_write
00022dcd                _aic3204_write_wav_header
00022e9c                _aic3204_read_wav_header
00023080                __cleanup
000230da                _freopen
000231a3                _fopen
000231de                __remull
0002322c                __remlli
0002325b                __mpylli
00023313                __divull
00023407                __divlli
0002343c                __addd
00023696                _aic3204_dma_init
00023698                _aic3204_read_block
00023764                _aic3204_write_block
0002381e                _aic3204_write_data
0002389d                _fwrite
00023a8b                __neqd
00023abf                __lssd
00023b07                __leqd
00023b54                __gtrd
00023b9f                __geqd
00023be9                __eqld
00023c1d                __cmpd
00023c75                _lms
00023d1f                _nlms
00023de6                _lms_filter
00023e29                _main
00023f9c                _fputs
000240d1                _puts
000240ff                __mpyd
0002424b                _fread
0002435a                _fir_basic
000243d7                _fir_circular
0002445a                _aic3204_set_input_filename
0002446c                _aic3204_set_output_filename
0002447e                _aic3204_init
00024543                _set_sampling_frequency_and_gain
00024550                _setvbuf
00024636                __wrt_ok
000246b6                __rd_ok
00024713                __doflush
0002477c                _fflush
000247d5                _writemsg
0002488a                C$$IO$$
0002488f                __buff_read
0002493d                _fputc
0002493d                _putc
000249d4                _putchar
000249e3                __divul
00024a84                _ltoa
00024b01                _fclose
00024b7c                __frcmpyd
00024bf2                __frcmpyd_div
00024c65                __remul
00024cd7                __fixdli
00024d46                _readmsg
00024db3                _fseek
00024e1e                __fltlid
00024e85                _atoi
00024ee1                _EZDSP5535_wait
00024f15                _EZDSP5535_waitusec
00024f27                _EZDSP5535_init
00024f35                _printf
00024f85                _auto_init
00024fd2                __args_main
0002501d                __remli
00025068                __divli
000250b0                _memcpy
000250ef                _exit
0002512d                I$$DIV
0002512d                __divi
0002514c                I$$MOD
0002514c                __remi
00025169                _c_int00
0002519d                __fixdi
000251c7                I$$UDIV
000251c7                __divu
000251dc                I$$UMOD
000251dc                __remu
000251f1                _memccpy
00025214                ___isinf
0002522e                __subd
00025242                I$$LMPY
00025242                __mpyli
00025255                __register_unlock
0002525d                __register_lock
00025265                __nop
00025267                __negd
00025277                _remove
00025281                _abort
00025282                C$$EXIT
            00020000    __CIOBUF_
            00020120    ___cinit__
            00020120    cinit
0004fe00                _Reset
ffffffff                .bss
ffffffff                .data
ffffffff                .text
ffffffff                ___binit__
ffffffff                ___bss__
ffffffff                ___c_args__
ffffffff                ___data__
ffffffff                ___edata__
ffffffff                ___end__
ffffffff                ___etext__
ffffffff                ___pinit__
ffffffff                ___text__
ffffffff                binit
ffffffff                edata
ffffffff                end
ffffffff                etext
ffffffff                pinit

[184 symbols]
