<?xml version="1.0"?>
<link_info>
   <banner>TMS320C55x Linker PC v4.4.1</banner>
   <copyright>Copyright (c) 1996-2012 Texas Instruments Incorporated</copyright>
   <link_time>0x5ffd6575</link_time>
   <output_file>Vezba9.out</output_file>
   <entry_point>
      <name>_c_int00</name>
      <address>0x25169</address>
   </entry_point>
   <input_file_list>
      <input_file id="fl-2">
         <path>.\</path>
         <kind>object</kind>
         <file>WAVheader.obj</file>
         <name>WAVheader.obj</name>
      </input_file>
      <input_file id="fl-3">
         <path>.\</path>
         <kind>object</kind>
         <file>adaptive_filter.obj</file>
         <name>adaptive_filter.obj</name>
      </input_file>
      <input_file id="fl-4">
         <path>.\</path>
         <kind>object</kind>
         <file>aic3204.obj</file>
         <name>aic3204.obj</name>
      </input_file>
      <input_file id="fl-5">
         <path>.\</path>
         <kind>object</kind>
         <file>aic3204_init.obj</file>
         <name>aic3204_init.obj</name>
      </input_file>
      <input_file id="fl-6">
         <path>.\</path>
         <kind>object</kind>
         <file>ezdsp5535_aic3204_dma.obj</file>
         <name>ezdsp5535_aic3204_dma.obj</name>
      </input_file>
      <input_file id="fl-7">
         <path>.\</path>
         <kind>object</kind>
         <file>fir.obj</file>
         <name>fir.obj</name>
      </input_file>
      <input_file id="fl-8">
         <path>.\</path>
         <kind>object</kind>
         <file>iir.obj</file>
         <name>iir.obj</name>
      </input_file>
      <input_file id="fl-9">
         <path>.\</path>
         <kind>object</kind>
         <file>main.obj</file>
         <name>main.obj</name>
      </input_file>
      <input_file id="fl-12">
         <path>..\lib\</path>
         <kind>archive</kind>
         <file>ezdsp5535bsl.lib</file>
         <name>ezdsp5535.obj</name>
      </input_file>
      <input_file id="fl-13">
         <path>D:\ti\ccsv6\tools\compiler\c5500_4.4.1\lib\</path>
         <kind>archive</kind>
         <file>rts55x.lib</file>
         <name>addd.obj</name>
      </input_file>
      <input_file id="fl-14">
         <path>D:\ti\ccsv6\tools\compiler\c5500_4.4.1\lib\</path>
         <kind>archive</kind>
         <file>rts55x.lib</file>
         <name>boot.obj</name>
      </input_file>
      <input_file id="fl-15">
         <path>D:\ti\ccsv6\tools\compiler\c5500_4.4.1\lib\</path>
         <kind>archive</kind>
         <file>rts55x.lib</file>
         <name>divul.obj</name>
      </input_file>
      <input_file id="fl-16">
         <path>D:\ti\ccsv6\tools\compiler\c5500_4.4.1\lib\</path>
         <kind>archive</kind>
         <file>rts55x.lib</file>
         <name>exit.obj</name>
      </input_file>
      <input_file id="fl-17">
         <path>D:\ti\ccsv6\tools\compiler\c5500_4.4.1\lib\</path>
         <kind>archive</kind>
         <file>rts55x.lib</file>
         <name>fclose.obj</name>
      </input_file>
      <input_file id="fl-18">
         <path>D:\ti\ccsv6\tools\compiler\c5500_4.4.1\lib\</path>
         <kind>archive</kind>
         <file>rts55x.lib</file>
         <name>fflush.obj</name>
      </input_file>
      <input_file id="fl-19">
         <path>D:\ti\ccsv6\tools\compiler\c5500_4.4.1\lib\</path>
         <kind>archive</kind>
         <file>rts55x.lib</file>
         <name>fopen.obj</name>
      </input_file>
      <input_file id="fl-1a">
         <path>D:\ti\ccsv6\tools\compiler\c5500_4.4.1\lib\</path>
         <kind>archive</kind>
         <file>rts55x.lib</file>
         <name>fread.obj</name>
      </input_file>
      <input_file id="fl-1b">
         <path>D:\ti\ccsv6\tools\compiler\c5500_4.4.1\lib\</path>
         <kind>archive</kind>
         <file>rts55x.lib</file>
         <name>fwrite.obj</name>
      </input_file>
      <input_file id="fl-1c">
         <path>D:\ti\ccsv6\tools\compiler\c5500_4.4.1\lib\</path>
         <kind>archive</kind>
         <file>rts55x.lib</file>
         <name>idiv.obj</name>
      </input_file>
      <input_file id="fl-1d">
         <path>D:\ti\ccsv6\tools\compiler\c5500_4.4.1\lib\</path>
         <kind>archive</kind>
         <file>rts55x.lib</file>
         <name>lowlev.obj</name>
      </input_file>
      <input_file id="fl-1e">
         <path>D:\ti\ccsv6\tools\compiler\c5500_4.4.1\lib\</path>
         <kind>archive</kind>
         <file>rts55x.lib</file>
         <name>memcpy.obj</name>
      </input_file>
      <input_file id="fl-1f">
         <path>D:\ti\ccsv6\tools\compiler\c5500_4.4.1\lib\</path>
         <kind>archive</kind>
         <file>rts55x.lib</file>
         <name>memory.obj</name>
      </input_file>
      <input_file id="fl-20">
         <path>D:\ti\ccsv6\tools\compiler\c5500_4.4.1\lib\</path>
         <kind>archive</kind>
         <file>rts55x.lib</file>
         <name>mpyd.obj</name>
      </input_file>
      <input_file id="fl-21">
         <path>D:\ti\ccsv6\tools\compiler\c5500_4.4.1\lib\</path>
         <kind>archive</kind>
         <file>rts55x.lib</file>
         <name>printf.obj</name>
      </input_file>
      <input_file id="fl-22">
         <path>D:\ti\ccsv6\tools\compiler\c5500_4.4.1\lib\</path>
         <kind>archive</kind>
         <file>rts55x.lib</file>
         <name>remove.obj</name>
      </input_file>
      <input_file id="fl-23">
         <path>D:\ti\ccsv6\tools\compiler\c5500_4.4.1\lib\</path>
         <kind>archive</kind>
         <file>rts55x.lib</file>
         <name>subd.obj</name>
      </input_file>
      <input_file id="fl-24">
         <path>D:\ti\ccsv6\tools\compiler\c5500_4.4.1\lib\</path>
         <kind>archive</kind>
         <file>rts55x.lib</file>
         <name>trgdrv.obj</name>
      </input_file>
      <input_file id="fl-25">
         <path>D:\ti\ccsv6\tools\compiler\c5500_4.4.1\lib\</path>
         <kind>archive</kind>
         <file>rts55x.lib</file>
         <name>trgmsg.obj</name>
      </input_file>
      <input_file id="fl-26">
         <path>D:\ti\ccsv6\tools\compiler\c5500_4.4.1\lib\</path>
         <kind>archive</kind>
         <file>rts55x.lib</file>
         <name>udiv.obj</name>
      </input_file>
      <input_file id="fl-27">
         <path>D:\ti\ccsv6\tools\compiler\c5500_4.4.1\lib\</path>
         <kind>archive</kind>
         <file>rts55x.lib</file>
         <name>vectors.obj</name>
      </input_file>
      <input_file id="fl-28">
         <path>D:\ti\ccsv6\tools\compiler\c5500_4.4.1\lib\</path>
         <kind>archive</kind>
         <file>rts55x.lib</file>
         <name>_bufread.obj</name>
      </input_file>
      <input_file id="fl-29">
         <path>D:\ti\ccsv6\tools\compiler\c5500_4.4.1\lib\</path>
         <kind>archive</kind>
         <file>rts55x.lib</file>
         <name>_io_perm.obj</name>
      </input_file>
      <input_file id="fl-2a">
         <path>D:\ti\ccsv6\tools\compiler\c5500_4.4.1\lib\</path>
         <kind>archive</kind>
         <file>rts55x.lib</file>
         <name>_lock.obj</name>
      </input_file>
      <input_file id="fl-2b">
         <path>D:\ti\ccsv6\tools\compiler\c5500_4.4.1\lib\</path>
         <kind>archive</kind>
         <file>rts55x.lib</file>
         <name>_printfi.obj</name>
      </input_file>
      <input_file id="fl-2c">
         <path>D:\ti\ccsv6\tools\compiler\c5500_4.4.1\lib\</path>
         <kind>archive</kind>
         <file>rts55x.lib</file>
         <name>args_main.obj</name>
      </input_file>
      <input_file id="fl-2d">
         <path>D:\ti\ccsv6\tools\compiler\c5500_4.4.1\lib\</path>
         <kind>archive</kind>
         <file>rts55x.lib</file>
         <name>atoi.obj</name>
      </input_file>
      <input_file id="fl-2e">
         <path>D:\ti\ccsv6\tools\compiler\c5500_4.4.1\lib\</path>
         <kind>archive</kind>
         <file>rts55x.lib</file>
         <name>autoinit.obj</name>
      </input_file>
      <input_file id="fl-2f">
         <path>D:\ti\ccsv6\tools\compiler\c5500_4.4.1\lib\</path>
         <kind>archive</kind>
         <file>rts55x.lib</file>
         <name>cmpd.obj</name>
      </input_file>
      <input_file id="fl-30">
         <path>D:\ti\ccsv6\tools\compiler\c5500_4.4.1\lib\</path>
         <kind>archive</kind>
         <file>rts55x.lib</file>
         <name>ctype.obj</name>
      </input_file>
      <input_file id="fl-31">
         <path>D:\ti\ccsv6\tools\compiler\c5500_4.4.1\lib\</path>
         <kind>archive</kind>
         <file>rts55x.lib</file>
         <name>defs.obj</name>
      </input_file>
      <input_file id="fl-32">
         <path>D:\ti\ccsv6\tools\compiler\c5500_4.4.1\lib\</path>
         <kind>archive</kind>
         <file>rts55x.lib</file>
         <name>divd.obj</name>
      </input_file>
      <input_file id="fl-33">
         <path>D:\ti\ccsv6\tools\compiler\c5500_4.4.1\lib\</path>
         <kind>archive</kind>
         <file>rts55x.lib</file>
         <name>fixdi.obj</name>
      </input_file>
      <input_file id="fl-34">
         <path>D:\ti\ccsv6\tools\compiler\c5500_4.4.1\lib\</path>
         <kind>archive</kind>
         <file>rts55x.lib</file>
         <name>fixdli.obj</name>
      </input_file>
      <input_file id="fl-35">
         <path>D:\ti\ccsv6\tools\compiler\c5500_4.4.1\lib\</path>
         <kind>archive</kind>
         <file>rts55x.lib</file>
         <name>fltlid.obj</name>
      </input_file>
      <input_file id="fl-36">
         <path>D:\ti\ccsv6\tools\compiler\c5500_4.4.1\lib\</path>
         <kind>archive</kind>
         <file>rts55x.lib</file>
         <name>fputc.obj</name>
      </input_file>
      <input_file id="fl-37">
         <path>D:\ti\ccsv6\tools\compiler\c5500_4.4.1\lib\</path>
         <kind>archive</kind>
         <file>rts55x.lib</file>
         <name>fputs.obj</name>
      </input_file>
      <input_file id="fl-38">
         <path>D:\ti\ccsv6\tools\compiler\c5500_4.4.1\lib\</path>
         <kind>archive</kind>
         <file>rts55x.lib</file>
         <name>frcmpyd.obj</name>
      </input_file>
      <input_file id="fl-39">
         <path>D:\ti\ccsv6\tools\compiler\c5500_4.4.1\lib\</path>
         <kind>archive</kind>
         <file>rts55x.lib</file>
         <name>frcmpyd_div.obj</name>
      </input_file>
      <input_file id="fl-3a">
         <path>D:\ti\ccsv6\tools\compiler\c5500_4.4.1\lib\</path>
         <kind>archive</kind>
         <file>rts55x.lib</file>
         <name>fseek.obj</name>
      </input_file>
      <input_file id="fl-3b">
         <path>D:\ti\ccsv6\tools\compiler\c5500_4.4.1\lib\</path>
         <kind>archive</kind>
         <file>rts55x.lib</file>
         <name>isinf.obj</name>
      </input_file>
      <input_file id="fl-3c">
         <path>D:\ti\ccsv6\tools\compiler\c5500_4.4.1\lib\</path>
         <kind>archive</kind>
         <file>rts55x.lib</file>
         <name>llmpy.obj</name>
      </input_file>
      <input_file id="fl-3d">
         <path>D:\ti\ccsv6\tools\compiler\c5500_4.4.1\lib\</path>
         <kind>archive</kind>
         <file>rts55x.lib</file>
         <name>lmpy.obj</name>
      </input_file>
      <input_file id="fl-3e">
         <path>D:\ti\ccsv6\tools\compiler\c5500_4.4.1\lib\</path>
         <kind>archive</kind>
         <file>rts55x.lib</file>
         <name>ltoa.obj</name>
      </input_file>
      <input_file id="fl-3f">
         <path>D:\ti\ccsv6\tools\compiler\c5500_4.4.1\lib\</path>
         <kind>archive</kind>
         <file>rts55x.lib</file>
         <name>memccpy.obj</name>
      </input_file>
      <input_file id="fl-40">
         <path>D:\ti\ccsv6\tools\compiler\c5500_4.4.1\lib\</path>
         <kind>archive</kind>
         <file>rts55x.lib</file>
         <name>negd.obj</name>
      </input_file>
      <input_file id="fl-41">
         <path>D:\ti\ccsv6\tools\compiler\c5500_4.4.1\lib\</path>
         <kind>archive</kind>
         <file>rts55x.lib</file>
         <name>remli.obj</name>
      </input_file>
      <input_file id="fl-42">
         <path>D:\ti\ccsv6\tools\compiler\c5500_4.4.1\lib\</path>
         <kind>archive</kind>
         <file>rts55x.lib</file>
         <name>remul.obj</name>
      </input_file>
      <input_file id="fl-43">
         <path>D:\ti\ccsv6\tools\compiler\c5500_4.4.1\lib\</path>
         <kind>archive</kind>
         <file>rts55x.lib</file>
         <name>setvbuf.obj</name>
      </input_file>
      <input_file id="fl-44">
         <path>D:\ti\ccsv6\tools\compiler\c5500_4.4.1\lib\</path>
         <kind>archive</kind>
         <file>rts55x.lib</file>
         <name>divli.obj</name>
      </input_file>
   </input_file_list>
   <object_component_list>
      <object_component id="oc-b7">
         <name>.text</name>
         <load_address>0x20000</load_address>
         <run_address>0x20000</run_address>
         <size>0x15a4</size>
         <input_file_ref idref="fl-2b"/>
      </object_component>
      <object_component id="oc-75">
         <name>.text</name>
         <load_address>0x215a4</load_address>
         <run_address>0x215a4</run_address>
         <size>0x543</size>
         <input_file_ref idref="fl-1d"/>
      </object_component>
      <object_component id="oc-96">
         <name>.text</name>
         <load_address>0x21ae7</load_address>
         <run_address>0x21ae7</run_address>
         <size>0x528</size>
         <input_file_ref idref="fl-24"/>
      </object_component>
      <object_component id="oc-7f">
         <name>.text</name>
         <load_address>0x2200f</load_address>
         <run_address>0x2200f</run_address>
         <size>0x4b5</size>
         <input_file_ref idref="fl-1f"/>
      </object_component>
      <object_component id="oc-d3">
         <name>.text</name>
         <load_address>0x224c4</load_address>
         <run_address>0x224c4</run_address>
         <size>0x3cc</size>
         <input_file_ref idref="fl-32"/>
      </object_component>
      <object_component id="oc-35">
         <name>.text</name>
         <load_address>0x22890</load_address>
         <run_address>0x22890</run_address>
         <size>0x3c6</size>
         <input_file_ref idref="fl-8"/>
      </object_component>
      <object_component id="oc-19">
         <name>.text</name>
         <load_address>0x22c56</load_address>
         <run_address>0x22c56</run_address>
         <size>0x309</size>
         <input_file_ref idref="fl-4"/>
      </object_component>
      <object_component id="oc-63">
         <name>.text</name>
         <load_address>0x22f5f</load_address>
         <run_address>0x22f5f</run_address>
         <size>0x27f</size>
         <input_file_ref idref="fl-19"/>
      </object_component>
      <object_component id="oc-fd">
         <name>.text</name>
         <load_address>0x231de</load_address>
         <run_address>0x231de</run_address>
         <size>0x25e</size>
         <input_file_ref idref="fl-3c"/>
      </object_component>
      <object_component id="oc-48">
         <name>.text</name>
         <load_address>0x2343c</load_address>
         <run_address>0x2343c</run_address>
         <size>0x25a</size>
         <input_file_ref idref="fl-13"/>
      </object_component>
      <object_component id="oc-29">
         <name>.text</name>
         <load_address>0x23696</load_address>
         <run_address>0x23696</run_address>
         <size>0x207</size>
         <input_file_ref idref="fl-6"/>
      </object_component>
      <object_component id="oc-6d">
         <name>.text</name>
         <load_address>0x2389d</load_address>
         <run_address>0x2389d</run_address>
         <size>0x1ee</size>
         <input_file_ref idref="fl-1b"/>
      </object_component>
      <object_component id="oc-c9">
         <name>.text</name>
         <load_address>0x23a8b</load_address>
         <run_address>0x23a8b</run_address>
         <size>0x1ea</size>
         <input_file_ref idref="fl-2f"/>
      </object_component>
      <object_component id="oc-14">
         <name>.text</name>
         <load_address>0x23c75</load_address>
         <run_address>0x23c75</run_address>
         <size>0x1b4</size>
         <input_file_ref idref="fl-3"/>
      </object_component>
      <object_component id="oc-3b">
         <name>.text</name>
         <load_address>0x23e29</load_address>
         <run_address>0x23e29</run_address>
         <size>0x173</size>
         <input_file_ref idref="fl-9"/>
      </object_component>
      <object_component id="oc-e8">
         <name>.text</name>
         <load_address>0x23f9c</load_address>
         <run_address>0x23f9c</run_address>
         <size>0x163</size>
         <input_file_ref idref="fl-37"/>
      </object_component>
      <object_component id="oc-86">
         <name>.text</name>
         <load_address>0x240ff</load_address>
         <run_address>0x240ff</run_address>
         <size>0x14c</size>
         <input_file_ref idref="fl-20"/>
      </object_component>
      <object_component id="oc-69">
         <name>.text</name>
         <load_address>0x2424b</load_address>
         <run_address>0x2424b</run_address>
         <size>0x10f</size>
         <input_file_ref idref="fl-1a"/>
      </object_component>
      <object_component id="oc-30">
         <name>.text</name>
         <load_address>0x2435a</load_address>
         <run_address>0x2435a</run_address>
         <size>0x100</size>
         <input_file_ref idref="fl-7"/>
      </object_component>
      <object_component id="oc-21">
         <name>.text</name>
         <load_address>0x2445a</load_address>
         <run_address>0x2445a</run_address>
         <size>0xf6</size>
         <input_file_ref idref="fl-5"/>
      </object_component>
      <object_component id="oc-119">
         <name>.text</name>
         <load_address>0x24550</load_address>
         <run_address>0x24550</run_address>
         <size>0xe6</size>
         <input_file_ref idref="fl-43"/>
      </object_component>
      <object_component id="oc-ad">
         <name>.text</name>
         <load_address>0x24636</load_address>
         <run_address>0x24636</run_address>
         <size>0xdd</size>
         <input_file_ref idref="fl-29"/>
      </object_component>
      <object_component id="oc-5f">
         <name>.text</name>
         <load_address>0x24713</load_address>
         <run_address>0x24713</run_address>
         <size>0xc2</size>
         <input_file_ref idref="fl-18"/>
      </object_component>
      <object_component id="oc-9e">
         <name>.text:CIO_breakpoint</name>
         <load_address>0x247d5</load_address>
         <run_address>0x247d5</run_address>
         <size>0xba</size>
         <input_file_ref idref="fl-25"/>
      </object_component>
      <object_component id="oc-a9">
         <name>.text</name>
         <load_address>0x2488f</load_address>
         <run_address>0x2488f</run_address>
         <size>0xae</size>
         <input_file_ref idref="fl-28"/>
      </object_component>
      <object_component id="oc-e4">
         <name>.text</name>
         <load_address>0x2493d</load_address>
         <run_address>0x2493d</run_address>
         <size>0xa6</size>
         <input_file_ref idref="fl-36"/>
      </object_component>
      <object_component id="oc-50">
         <name>.text</name>
         <load_address>0x249e3</load_address>
         <run_address>0x249e3</run_address>
         <size>0xa1</size>
         <input_file_ref idref="fl-15"/>
      </object_component>
      <object_component id="oc-105">
         <name>.text</name>
         <load_address>0x24a84</load_address>
         <run_address>0x24a84</run_address>
         <size>0x7d</size>
         <input_file_ref idref="fl-3e"/>
      </object_component>
      <object_component id="oc-5b">
         <name>.text</name>
         <load_address>0x24b01</load_address>
         <run_address>0x24b01</run_address>
         <size>0x7b</size>
         <input_file_ref idref="fl-17"/>
      </object_component>
      <object_component id="oc-ed">
         <name>.text</name>
         <load_address>0x24b7c</load_address>
         <run_address>0x24b7c</run_address>
         <size>0x76</size>
         <input_file_ref idref="fl-38"/>
      </object_component>
      <object_component id="oc-f1">
         <name>.text</name>
         <load_address>0x24bf2</load_address>
         <run_address>0x24bf2</run_address>
         <size>0x73</size>
         <input_file_ref idref="fl-39"/>
      </object_component>
      <object_component id="oc-115">
         <name>.text</name>
         <load_address>0x24c65</load_address>
         <run_address>0x24c65</run_address>
         <size>0x72</size>
         <input_file_ref idref="fl-42"/>
      </object_component>
      <object_component id="oc-db">
         <name>.text</name>
         <load_address>0x24cd7</load_address>
         <run_address>0x24cd7</run_address>
         <size>0x6f</size>
         <input_file_ref idref="fl-34"/>
      </object_component>
      <object_component id="oc-9b">
         <name>.text</name>
         <load_address>0x24d46</load_address>
         <run_address>0x24d46</run_address>
         <size>0x6d</size>
         <input_file_ref idref="fl-25"/>
      </object_component>
      <object_component id="oc-f5">
         <name>.text</name>
         <load_address>0x24db3</load_address>
         <run_address>0x24db3</run_address>
         <size>0x6b</size>
         <input_file_ref idref="fl-3a"/>
      </object_component>
      <object_component id="oc-df">
         <name>.text</name>
         <load_address>0x24e1e</load_address>
         <run_address>0x24e1e</run_address>
         <size>0x67</size>
         <input_file_ref idref="fl-35"/>
      </object_component>
      <object_component id="oc-c1">
         <name>.text</name>
         <load_address>0x24e85</load_address>
         <run_address>0x24e85</run_address>
         <size>0x5c</size>
         <input_file_ref idref="fl-2d"/>
      </object_component>
      <object_component id="oc-43">
         <name>.text</name>
         <load_address>0x24ee1</load_address>
         <run_address>0x24ee1</run_address>
         <size>0x54</size>
         <input_file_ref idref="fl-12"/>
      </object_component>
      <object_component id="oc-8a">
         <name>.text</name>
         <load_address>0x24f35</load_address>
         <run_address>0x24f35</run_address>
         <size>0x50</size>
         <input_file_ref idref="fl-21"/>
      </object_component>
      <object_component id="oc-c5">
         <name>.text</name>
         <load_address>0x24f85</load_address>
         <run_address>0x24f85</run_address>
         <size>0x4d</size>
         <input_file_ref idref="fl-2e"/>
      </object_component>
      <object_component id="oc-bd">
         <name>.text</name>
         <load_address>0x24fd2</load_address>
         <run_address>0x24fd2</run_address>
         <size>0x4b</size>
         <input_file_ref idref="fl-2c"/>
      </object_component>
      <object_component id="oc-111">
         <name>.text</name>
         <load_address>0x2501d</load_address>
         <run_address>0x2501d</run_address>
         <size>0x4b</size>
         <input_file_ref idref="fl-41"/>
      </object_component>
      <object_component id="oc-11d">
         <name>.text</name>
         <load_address>0x25068</load_address>
         <run_address>0x25068</run_address>
         <size>0x48</size>
         <input_file_ref idref="fl-44"/>
      </object_component>
      <object_component id="oc-7b">
         <name>.text</name>
         <load_address>0x250b0</load_address>
         <run_address>0x250b0</run_address>
         <size>0x3f</size>
         <input_file_ref idref="fl-1e"/>
      </object_component>
      <object_component id="oc-54">
         <name>.text</name>
         <load_address>0x250ef</load_address>
         <run_address>0x250ef</run_address>
         <size>0x3e</size>
         <input_file_ref idref="fl-16"/>
      </object_component>
      <object_component id="oc-71">
         <name>.text</name>
         <load_address>0x2512d</load_address>
         <run_address>0x2512d</run_address>
         <size>0x3c</size>
         <input_file_ref idref="fl-1c"/>
      </object_component>
      <object_component id="oc-10">
         <name>.text</name>
         <load_address>0x25169</load_address>
         <run_address>0x25169</run_address>
         <size>0x34</size>
         <input_file_ref idref="fl-14"/>
      </object_component>
      <object_component id="oc-d7">
         <name>.text</name>
         <load_address>0x2519d</load_address>
         <run_address>0x2519d</run_address>
         <size>0x2a</size>
         <input_file_ref idref="fl-33"/>
      </object_component>
      <object_component id="oc-a1">
         <name>.text</name>
         <load_address>0x251c7</load_address>
         <run_address>0x251c7</run_address>
         <size>0x2a</size>
         <input_file_ref idref="fl-26"/>
      </object_component>
      <object_component id="oc-109">
         <name>.text</name>
         <load_address>0x251f1</load_address>
         <run_address>0x251f1</run_address>
         <size>0x23</size>
         <input_file_ref idref="fl-3f"/>
      </object_component>
      <object_component id="oc-f9">
         <name>.text</name>
         <load_address>0x25214</load_address>
         <run_address>0x25214</run_address>
         <size>0x1a</size>
         <input_file_ref idref="fl-3b"/>
      </object_component>
      <object_component id="oc-92">
         <name>.text</name>
         <load_address>0x2522e</load_address>
         <run_address>0x2522e</run_address>
         <size>0x14</size>
         <input_file_ref idref="fl-23"/>
      </object_component>
      <object_component id="oc-101">
         <name>.text</name>
         <load_address>0x25242</load_address>
         <run_address>0x25242</run_address>
         <size>0x13</size>
         <input_file_ref idref="fl-3d"/>
      </object_component>
      <object_component id="oc-b1">
         <name>.text</name>
         <load_address>0x25255</load_address>
         <run_address>0x25255</run_address>
         <size>0x12</size>
         <input_file_ref idref="fl-2a"/>
      </object_component>
      <object_component id="oc-10d">
         <name>.text</name>
         <load_address>0x25267</load_address>
         <run_address>0x25267</run_address>
         <size>0x10</size>
         <input_file_ref idref="fl-40"/>
      </object_component>
      <object_component id="oc-8e">
         <name>.text</name>
         <load_address>0x25277</load_address>
         <run_address>0x25277</run_address>
         <size>0xa</size>
         <input_file_ref idref="fl-22"/>
      </object_component>
      <object_component id="oc-58">
         <name>.text:CIO_breakpoint</name>
         <load_address>0x25281</load_address>
         <run_address>0x25281</run_address>
         <size>0x7</size>
         <input_file_ref idref="fl-16"/>
      </object_component>
      <object_component id="oc-a5">
         <name>.text</name>
         <load_address>0x25288</load_address>
         <run_address>0x25288</run_address>
         <size>0x2</size>
         <input_file_ref idref="fl-27"/>
      </object_component>
      <object_component id="oc-4c">
         <name>.stack</name>
         <uninitialized>true</uninitialized>
         <run_address>0xc0</run_address>
         <size>0x0</size>
         <input_file_ref idref="fl-14"/>
      </object_component>
      <object_component id="oc-13b">
         <name>.stack</name>
         <uninitialized>true</uninitialized>
         <run_address>0xc0</run_address>
         <size>0x0</size>
      </object_component>
      <object_component id="oc-121">
         <name>.sysstack</name>
         <uninitialized>true</uninitialized>
         <run_address>0x20c0</run_address>
         <size>0x0</size>
         <input_file_ref idref="fl-14"/>
      </object_component>
      <object_component id="oc-13d">
         <name>.sysstack</name>
         <uninitialized>true</uninitialized>
         <run_address>0x20c0</run_address>
         <size>0x0</size>
      </object_component>
      <object_component id="oc-2a">
         <name>.bss</name>
         <uninitialized>true</uninitialized>
         <run_address>0x50c0</run_address>
         <size>0x800</size>
         <input_file_ref idref="fl-6"/>
      </object_component>
      <object_component id="oc-3c">
         <name>.bss</name>
         <uninitialized>true</uninitialized>
         <run_address>0x58c0</run_address>
         <size>0x51c</size>
         <input_file_ref idref="fl-9"/>
      </object_component>
      <object_component id="oc-cf">
         <name>.bss</name>
         <uninitialized>true</uninitialized>
         <run_address>0x5ddc</run_address>
         <size>0x232</size>
         <input_file_ref idref="fl-31"/>
      </object_component>
      <object_component id="oc-97">
         <name>.bss</name>
         <uninitialized>true</uninitialized>
         <run_address>0x600e</run_address>
         <size>0x1a0</size>
         <input_file_ref idref="fl-24"/>
      </object_component>
      <object_component id="oc-64">
         <name>.bss</name>
         <uninitialized>true</uninitialized>
         <run_address>0x61ae</run_address>
         <size>0x2</size>
         <input_file_ref idref="fl-19"/>
      </object_component>
      <object_component id="oc-76">
         <name>.bss</name>
         <uninitialized>true</uninitialized>
         <run_address>0x61b0</run_address>
         <size>0xe2</size>
         <input_file_ref idref="fl-1d"/>
      </object_component>
      <object_component id="oc-80">
         <name>.bss</name>
         <uninitialized>true</uninitialized>
         <run_address>0x6294</run_address>
         <size>0xc</size>
         <input_file_ref idref="fl-1f"/>
      </object_component>
      <object_component id="oc-1a">
         <name>.bss</name>
         <uninitialized>true</uninitialized>
         <run_address>0x62a0</run_address>
         <size>0xa</size>
         <input_file_ref idref="fl-4"/>
      </object_component>
      <object_component id="oc-22">
         <name>.bss</name>
         <uninitialized>true</uninitialized>
         <run_address>0x62ac</run_address>
         <size>0x8</size>
         <input_file_ref idref="fl-5"/>
      </object_component>
      <object_component id="oc-b2">
         <name>.bss</name>
         <uninitialized>true</uninitialized>
         <run_address>0x62b4</run_address>
         <size>0x8</size>
         <input_file_ref idref="fl-2a"/>
      </object_component>
      <object_component id="oc-55">
         <name>.bss</name>
         <uninitialized>true</uninitialized>
         <run_address>0x62bc</run_address>
         <size>0x8</size>
         <input_file_ref idref="fl-16"/>
      </object_component>
      <object_component id="oc-122">
         <name>.const:__ctypes_</name>
         <load_address>0x62c4</load_address>
         <run_address>0x62c4</run_address>
         <size>0x202</size>
         <input_file_ref idref="fl-30"/>
      </object_component>
      <object_component id="oc-25">
         <name>.const:.string</name>
         <load_address>0x64c8</load_address>
         <run_address>0x64c8</run_address>
         <size>0xee</size>
         <input_file_ref idref="fl-5"/>
      </object_component>
      <object_component id="oc-3f">
         <name>.const:.string</name>
         <load_address>0x65b8</load_address>
         <run_address>0x65b8</run_address>
         <size>0xca</size>
         <input_file_ref idref="fl-9"/>
      </object_component>
      <object_component id="oc-1d">
         <name>.const:.string</name>
         <load_address>0x6684</load_address>
         <run_address>0x6684</run_address>
         <size>0x74</size>
         <input_file_ref idref="fl-4"/>
      </object_component>
      <object_component id="oc-2c">
         <name>.const:.string</name>
         <load_address>0x66f8</load_address>
         <run_address>0x66f8</run_address>
         <size>0x72</size>
         <input_file_ref idref="fl-6"/>
      </object_component>
      <object_component id="oc-ba">
         <name>.const:.string</name>
         <load_address>0x676c</load_address>
         <run_address>0x676c</run_address>
         <size>0x48</size>
         <input_file_ref idref="fl-2b"/>
      </object_component>
      <object_component id="oc-b9">
         <name>.const</name>
         <load_address>0x67b4</load_address>
         <run_address>0x67b4</run_address>
         <size>0x18</size>
         <input_file_ref idref="fl-2b"/>
      </object_component>
      <object_component id="oc-123">
         <name>.const:_initial_approx$1</name>
         <load_address>0x67cc</load_address>
         <run_address>0x67cc</run_address>
         <size>0x10</size>
         <input_file_ref idref="fl-32"/>
      </object_component>
      <object_component id="oc-ea">
         <name>.const:.string</name>
         <load_address>0x67dc</load_address>
         <run_address>0x67dc</run_address>
         <size>0x4</size>
         <input_file_ref idref="fl-37"/>
      </object_component>
      <object_component id="oc-37">
         <name>.const</name>
         <load_address>0x67e0</load_address>
         <run_address>0x67e0</run_address>
         <size>0x4</size>
         <input_file_ref idref="fl-8"/>
      </object_component>
      <object_component id="oc-e1">
         <name>.const</name>
         <load_address>0x67e4</load_address>
         <run_address>0x67e4</run_address>
         <size>0x4</size>
         <input_file_ref idref="fl-35"/>
      </object_component>
      <object_component id="oc-83">
         <name>.sysmem</name>
         <uninitialized>true</uninitialized>
         <run_address>0x30c0</run_address>
         <size>0x0</size>
         <input_file_ref idref="fl-1f"/>
      </object_component>
      <object_component id="oc-13c">
         <name>.sysmem</name>
         <uninitialized>true</uninitialized>
         <run_address>0x30c0</run_address>
         <size>0x0</size>
      </object_component>
      <object_component id="oc-78">
         <name>.cinit</name>
         <load_address>0x40240</load_address>
         <run_address>0x40240</run_address>
         <size>0x5a</size>
         <input_file_ref idref="fl-1d"/>
      </object_component>
      <object_component id="oc-d1">
         <name>.cinit</name>
         <load_address>0x4029a</load_address>
         <run_address>0x4029a</run_address>
         <size>0x54</size>
         <input_file_ref idref="fl-31"/>
      </object_component>
      <object_component id="oc-3e">
         <name>.cinit</name>
         <load_address>0x402ee</load_address>
         <run_address>0x402ee</run_address>
         <size>0x30</size>
         <input_file_ref idref="fl-9"/>
      </object_component>
      <object_component id="oc-24">
         <name>.cinit</name>
         <load_address>0x4031e</load_address>
         <run_address>0x4031e</run_address>
         <size>0x14</size>
         <input_file_ref idref="fl-5"/>
      </object_component>
      <object_component id="oc-b4">
         <name>.cinit</name>
         <load_address>0x40332</load_address>
         <run_address>0x40332</run_address>
         <size>0x14</size>
         <input_file_ref idref="fl-2a"/>
      </object_component>
      <object_component id="oc-57">
         <name>.cinit</name>
         <load_address>0x40346</load_address>
         <run_address>0x40346</run_address>
         <size>0x14</size>
         <input_file_ref idref="fl-16"/>
      </object_component>
      <object_component id="oc-1c">
         <name>.cinit</name>
         <load_address>0x4035a</load_address>
         <run_address>0x4035a</run_address>
         <size>0x8</size>
         <input_file_ref idref="fl-4"/>
      </object_component>
      <object_component id="oc-66">
         <name>.cinit</name>
         <load_address>0x40362</load_address>
         <run_address>0x40362</run_address>
         <size>0x8</size>
         <input_file_ref idref="fl-19"/>
      </object_component>
      <object_component id="oc-82">
         <name>.cinit</name>
         <load_address>0x4036a</load_address>
         <run_address>0x4036a</run_address>
         <size>0x8</size>
         <input_file_ref idref="fl-1f"/>
      </object_component>
      <object_component id="oc-9d">
         <name>.cio</name>
         <uninitialized>true</uninitialized>
         <run_address>0x40000</run_address>
         <size>0x240</size>
         <input_file_ref idref="fl-25"/>
      </object_component>
      <object_component id="oc-11">
         <name>vectors</name>
         <load_address>0x4fe00</load_address>
         <run_address>0x4fe00</run_address>
         <size>0x100</size>
         <input_file_ref idref="fl-27"/>
      </object_component>
      <object_component id="oc-12">
         <name>.debug_info</name>
         <load_address>0x0</load_address>
         <run_address>0x0</run_address>
         <size>0x761</size>
         <input_file_ref idref="fl-2"/>
      </object_component>
      <object_component id="oc-15">
         <name>.debug_info</name>
         <load_address>0x761</load_address>
         <run_address>0x761</run_address>
         <size>0xbfd</size>
         <input_file_ref idref="fl-3"/>
      </object_component>
      <object_component id="oc-1b">
         <name>.debug_info</name>
         <load_address>0x135e</load_address>
         <run_address>0x135e</run_address>
         <size>0x118c</size>
         <input_file_ref idref="fl-4"/>
      </object_component>
      <object_component id="oc-23">
         <name>.debug_info</name>
         <load_address>0x24ea</load_address>
         <run_address>0x24ea</run_address>
         <size>0x95a</size>
         <input_file_ref idref="fl-5"/>
      </object_component>
      <object_component id="oc-2b">
         <name>.debug_info</name>
         <load_address>0x2e44</load_address>
         <run_address>0x2e44</run_address>
         <size>0xba3</size>
         <input_file_ref idref="fl-6"/>
      </object_component>
      <object_component id="oc-31">
         <name>.debug_info</name>
         <load_address>0x39e7</load_address>
         <run_address>0x39e7</run_address>
         <size>0x884</size>
         <input_file_ref idref="fl-7"/>
      </object_component>
      <object_component id="oc-36">
         <name>.debug_info</name>
         <load_address>0x426b</load_address>
         <run_address>0x426b</run_address>
         <size>0xd02</size>
         <input_file_ref idref="fl-8"/>
      </object_component>
      <object_component id="oc-3d">
         <name>.debug_info</name>
         <load_address>0x4f6d</load_address>
         <run_address>0x4f6d</run_address>
         <size>0xf52</size>
         <input_file_ref idref="fl-9"/>
      </object_component>
      <object_component id="oc-44">
         <name>.debug_info</name>
         <load_address>0x5ebf</load_address>
         <run_address>0x5ebf</run_address>
         <size>0x5896</size>
         <input_file_ref idref="fl-12"/>
      </object_component>
      <object_component id="oc-49">
         <name>.debug_info</name>
         <load_address>0xb755</load_address>
         <run_address>0xb755</run_address>
         <size>0x5ab</size>
         <input_file_ref idref="fl-13"/>
      </object_component>
      <object_component id="oc-4d">
         <name>.debug_info</name>
         <load_address>0xbd00</load_address>
         <run_address>0xbd00</run_address>
         <size>0xe8</size>
         <input_file_ref idref="fl-14"/>
      </object_component>
      <object_component id="oc-51">
         <name>.debug_info</name>
         <load_address>0xbde8</load_address>
         <run_address>0xbde8</run_address>
         <size>0x534</size>
         <input_file_ref idref="fl-15"/>
      </object_component>
      <object_component id="oc-56">
         <name>.debug_info</name>
         <load_address>0xc31c</load_address>
         <run_address>0xc31c</run_address>
         <size>0x5fb</size>
         <input_file_ref idref="fl-16"/>
      </object_component>
      <object_component id="oc-5c">
         <name>.debug_info</name>
         <load_address>0xc917</load_address>
         <run_address>0xc917</run_address>
         <size>0x64f</size>
         <input_file_ref idref="fl-17"/>
      </object_component>
      <object_component id="oc-60">
         <name>.debug_info</name>
         <load_address>0xcf66</load_address>
         <run_address>0xcf66</run_address>
         <size>0x706</size>
         <input_file_ref idref="fl-18"/>
      </object_component>
      <object_component id="oc-65">
         <name>.debug_info</name>
         <load_address>0xd66c</load_address>
         <run_address>0xd66c</run_address>
         <size>0xa1c</size>
         <input_file_ref idref="fl-19"/>
      </object_component>
      <object_component id="oc-6a">
         <name>.debug_info</name>
         <load_address>0xe088</load_address>
         <run_address>0xe088</run_address>
         <size>0x762</size>
         <input_file_ref idref="fl-1a"/>
      </object_component>
      <object_component id="oc-6e">
         <name>.debug_info</name>
         <load_address>0xe7ea</load_address>
         <run_address>0xe7ea</run_address>
         <size>0x8f7</size>
         <input_file_ref idref="fl-1b"/>
      </object_component>
      <object_component id="oc-72">
         <name>.debug_info</name>
         <load_address>0xf0e1</load_address>
         <run_address>0xf0e1</run_address>
         <size>0xeb</size>
         <input_file_ref idref="fl-1c"/>
      </object_component>
      <object_component id="oc-77">
         <name>.debug_info</name>
         <load_address>0xf1cc</load_address>
         <run_address>0xf1cc</run_address>
         <size>0x144b</size>
         <input_file_ref idref="fl-1d"/>
      </object_component>
      <object_component id="oc-7c">
         <name>.debug_info</name>
         <load_address>0x10617</load_address>
         <run_address>0x10617</run_address>
         <size>0xd1</size>
         <input_file_ref idref="fl-1e"/>
      </object_component>
      <object_component id="oc-81">
         <name>.debug_info</name>
         <load_address>0x106e8</load_address>
         <run_address>0x106e8</run_address>
         <size>0xb97</size>
         <input_file_ref idref="fl-1f"/>
      </object_component>
      <object_component id="oc-87">
         <name>.debug_info</name>
         <load_address>0x1127f</load_address>
         <run_address>0x1127f</run_address>
         <size>0x55b</size>
         <input_file_ref idref="fl-20"/>
      </object_component>
      <object_component id="oc-8b">
         <name>.debug_info</name>
         <load_address>0x117da</load_address>
         <run_address>0x117da</run_address>
         <size>0x76c</size>
         <input_file_ref idref="fl-21"/>
      </object_component>
      <object_component id="oc-8f">
         <name>.debug_info</name>
         <load_address>0x11f46</load_address>
         <run_address>0x11f46</run_address>
         <size>0x510</size>
         <input_file_ref idref="fl-22"/>
      </object_component>
      <object_component id="oc-93">
         <name>.debug_info</name>
         <load_address>0x12456</load_address>
         <run_address>0x12456</run_address>
         <size>0x4de</size>
         <input_file_ref idref="fl-23"/>
      </object_component>
      <object_component id="oc-98">
         <name>.debug_info</name>
         <load_address>0x12934</load_address>
         <run_address>0x12934</run_address>
         <size>0xed4</size>
         <input_file_ref idref="fl-24"/>
      </object_component>
      <object_component id="oc-9c">
         <name>.debug_info</name>
         <load_address>0x13808</load_address>
         <run_address>0x13808</run_address>
         <size>0x744</size>
         <input_file_ref idref="fl-25"/>
      </object_component>
      <object_component id="oc-a2">
         <name>.debug_info</name>
         <load_address>0x13f4c</load_address>
         <run_address>0x13f4c</run_address>
         <size>0xef</size>
         <input_file_ref idref="fl-26"/>
      </object_component>
      <object_component id="oc-a6">
         <name>.debug_info</name>
         <load_address>0x1403b</load_address>
         <run_address>0x1403b</run_address>
         <size>0xbc</size>
         <input_file_ref idref="fl-27"/>
      </object_component>
      <object_component id="oc-aa">
         <name>.debug_info</name>
         <load_address>0x140f7</load_address>
         <run_address>0x140f7</run_address>
         <size>0x6b8</size>
         <input_file_ref idref="fl-28"/>
      </object_component>
      <object_component id="oc-ae">
         <name>.debug_info</name>
         <load_address>0x147af</load_address>
         <run_address>0x147af</run_address>
         <size>0x662</size>
         <input_file_ref idref="fl-29"/>
      </object_component>
      <object_component id="oc-b3">
         <name>.debug_info</name>
         <load_address>0x14e11</load_address>
         <run_address>0x14e11</run_address>
         <size>0x5bc</size>
         <input_file_ref idref="fl-2a"/>
      </object_component>
      <object_component id="oc-b8">
         <name>.debug_info</name>
         <load_address>0x153cd</load_address>
         <run_address>0x153cd</run_address>
         <size>0x27bd</size>
         <input_file_ref idref="fl-2b"/>
      </object_component>
      <object_component id="oc-be">
         <name>.debug_info</name>
         <load_address>0x17b8a</load_address>
         <run_address>0x17b8a</run_address>
         <size>0x586</size>
         <input_file_ref idref="fl-2c"/>
      </object_component>
      <object_component id="oc-c2">
         <name>.debug_info</name>
         <load_address>0x18110</load_address>
         <run_address>0x18110</run_address>
         <size>0x5a4</size>
         <input_file_ref idref="fl-2d"/>
      </object_component>
      <object_component id="oc-c6">
         <name>.debug_info</name>
         <load_address>0x186b4</load_address>
         <run_address>0x186b4</run_address>
         <size>0xcd</size>
         <input_file_ref idref="fl-2e"/>
      </object_component>
      <object_component id="oc-ca">
         <name>.debug_info</name>
         <load_address>0x18781</load_address>
         <run_address>0x18781</run_address>
         <size>0x81f</size>
         <input_file_ref idref="fl-2f"/>
      </object_component>
      <object_component id="oc-cd">
         <name>.debug_info</name>
         <load_address>0x18fa0</load_address>
         <run_address>0x18fa0</run_address>
         <size>0x498</size>
         <input_file_ref idref="fl-30"/>
      </object_component>
      <object_component id="oc-d0">
         <name>.debug_info</name>
         <load_address>0x19438</load_address>
         <run_address>0x19438</run_address>
         <size>0x57e</size>
         <input_file_ref idref="fl-31"/>
      </object_component>
      <object_component id="oc-d4">
         <name>.debug_info</name>
         <load_address>0x199b6</load_address>
         <run_address>0x199b6</run_address>
         <size>0x7e8</size>
         <input_file_ref idref="fl-32"/>
      </object_component>
      <object_component id="oc-d8">
         <name>.debug_info</name>
         <load_address>0x1a19e</load_address>
         <run_address>0x1a19e</run_address>
         <size>0x4cf</size>
         <input_file_ref idref="fl-33"/>
      </object_component>
      <object_component id="oc-dc">
         <name>.debug_info</name>
         <load_address>0x1a66d</load_address>
         <run_address>0x1a66d</run_address>
         <size>0x534</size>
         <input_file_ref idref="fl-34"/>
      </object_component>
      <object_component id="oc-e0">
         <name>.debug_info</name>
         <load_address>0x1aba1</load_address>
         <run_address>0x1aba1</run_address>
         <size>0x549</size>
         <input_file_ref idref="fl-35"/>
      </object_component>
      <object_component id="oc-e5">
         <name>.debug_info</name>
         <load_address>0x1b0ea</load_address>
         <run_address>0x1b0ea</run_address>
         <size>0x6aa</size>
         <input_file_ref idref="fl-36"/>
      </object_component>
      <object_component id="oc-e9">
         <name>.debug_info</name>
         <load_address>0x1b794</load_address>
         <run_address>0x1b794</run_address>
         <size>0x942</size>
         <input_file_ref idref="fl-37"/>
      </object_component>
      <object_component id="oc-ee">
         <name>.debug_info</name>
         <load_address>0x1c0d6</load_address>
         <run_address>0x1c0d6</run_address>
         <size>0x4d2</size>
         <input_file_ref idref="fl-38"/>
      </object_component>
      <object_component id="oc-f2">
         <name>.debug_info</name>
         <load_address>0x1c5a8</load_address>
         <run_address>0x1c5a8</run_address>
         <size>0x53e</size>
         <input_file_ref idref="fl-39"/>
      </object_component>
      <object_component id="oc-f6">
         <name>.debug_info</name>
         <load_address>0x1cae6</load_address>
         <run_address>0x1cae6</run_address>
         <size>0x5f7</size>
         <input_file_ref idref="fl-3a"/>
      </object_component>
      <object_component id="oc-fa">
         <name>.debug_info</name>
         <load_address>0x1d0dd</load_address>
         <run_address>0x1d0dd</run_address>
         <size>0x680</size>
         <input_file_ref idref="fl-3b"/>
      </object_component>
      <object_component id="oc-fe">
         <name>.debug_info</name>
         <load_address>0x1d75d</load_address>
         <run_address>0x1d75d</run_address>
         <size>0x7d4</size>
         <input_file_ref idref="fl-3c"/>
      </object_component>
      <object_component id="oc-102">
         <name>.debug_info</name>
         <load_address>0x1df31</load_address>
         <run_address>0x1df31</run_address>
         <size>0xbd</size>
         <input_file_ref idref="fl-3d"/>
      </object_component>
      <object_component id="oc-106">
         <name>.debug_info</name>
         <load_address>0x1dfee</load_address>
         <run_address>0x1dfee</run_address>
         <size>0x5ad</size>
         <input_file_ref idref="fl-3e"/>
      </object_component>
      <object_component id="oc-10a">
         <name>.debug_info</name>
         <load_address>0x1e59b</load_address>
         <run_address>0x1e59b</run_address>
         <size>0x574</size>
         <input_file_ref idref="fl-3f"/>
      </object_component>
      <object_component id="oc-10e">
         <name>.debug_info</name>
         <load_address>0x1eb0f</load_address>
         <run_address>0x1eb0f</run_address>
         <size>0x4b7</size>
         <input_file_ref idref="fl-40"/>
      </object_component>
      <object_component id="oc-112">
         <name>.debug_info</name>
         <load_address>0x1efc6</load_address>
         <run_address>0x1efc6</run_address>
         <size>0x4f2</size>
         <input_file_ref idref="fl-41"/>
      </object_component>
      <object_component id="oc-116">
         <name>.debug_info</name>
         <load_address>0x1f4b8</load_address>
         <run_address>0x1f4b8</run_address>
         <size>0x534</size>
         <input_file_ref idref="fl-42"/>
      </object_component>
      <object_component id="oc-11a">
         <name>.debug_info</name>
         <load_address>0x1f9ec</load_address>
         <run_address>0x1f9ec</run_address>
         <size>0x64a</size>
         <input_file_ref idref="fl-43"/>
      </object_component>
      <object_component id="oc-11e">
         <name>.debug_info</name>
         <load_address>0x20036</load_address>
         <run_address>0x20036</run_address>
         <size>0x4f2</size>
         <input_file_ref idref="fl-44"/>
      </object_component>
      <object_component id="oc-148">
         <name>.debug_info</name>
         <load_address>0x20528</load_address>
         <run_address>0x20528</run_address>
         <size>0x6e</size>
      </object_component>
      <object_component id="oc-13">
         <name>.debug_abbrev</name>
         <load_address>0x0</load_address>
         <run_address>0x0</run_address>
         <size>0x8c</size>
         <input_file_ref idref="fl-2"/>
      </object_component>
      <object_component id="oc-18">
         <name>.debug_abbrev</name>
         <load_address>0x8c</load_address>
         <run_address>0x8c</run_address>
         <size>0x102</size>
         <input_file_ref idref="fl-3"/>
      </object_component>
      <object_component id="oc-20">
         <name>.debug_abbrev</name>
         <load_address>0x18e</load_address>
         <run_address>0x18e</run_address>
         <size>0x16d</size>
         <input_file_ref idref="fl-4"/>
      </object_component>
      <object_component id="oc-28">
         <name>.debug_abbrev</name>
         <load_address>0x2fb</load_address>
         <run_address>0x2fb</run_address>
         <size>0x121</size>
         <input_file_ref idref="fl-5"/>
      </object_component>
      <object_component id="oc-2f">
         <name>.debug_abbrev</name>
         <load_address>0x41c</load_address>
         <run_address>0x41c</run_address>
         <size>0x147</size>
         <input_file_ref idref="fl-6"/>
      </object_component>
      <object_component id="oc-34">
         <name>.debug_abbrev</name>
         <load_address>0x563</load_address>
         <run_address>0x563</run_address>
         <size>0xcf</size>
         <input_file_ref idref="fl-7"/>
      </object_component>
      <object_component id="oc-3a">
         <name>.debug_abbrev</name>
         <load_address>0x632</load_address>
         <run_address>0x632</run_address>
         <size>0xef</size>
         <input_file_ref idref="fl-8"/>
      </object_component>
      <object_component id="oc-42">
         <name>.debug_abbrev</name>
         <load_address>0x721</load_address>
         <run_address>0x721</run_address>
         <size>0x13d</size>
         <input_file_ref idref="fl-9"/>
      </object_component>
      <object_component id="oc-47">
         <name>.debug_abbrev</name>
         <load_address>0x85e</load_address>
         <run_address>0x85e</run_address>
         <size>0x198</size>
         <input_file_ref idref="fl-12"/>
      </object_component>
      <object_component id="oc-4b">
         <name>.debug_abbrev</name>
         <load_address>0x9f6</load_address>
         <run_address>0x9f6</run_address>
         <size>0xd4</size>
         <input_file_ref idref="fl-13"/>
      </object_component>
      <object_component id="oc-4f">
         <name>.debug_abbrev</name>
         <load_address>0xaca</load_address>
         <run_address>0xaca</run_address>
         <size>0x3a</size>
         <input_file_ref idref="fl-14"/>
      </object_component>
      <object_component id="oc-53">
         <name>.debug_abbrev</name>
         <load_address>0xb04</load_address>
         <run_address>0xb04</run_address>
         <size>0xb5</size>
         <input_file_ref idref="fl-15"/>
      </object_component>
      <object_component id="oc-5a">
         <name>.debug_abbrev</name>
         <load_address>0xbb9</load_address>
         <run_address>0xbb9</run_address>
         <size>0xf7</size>
         <input_file_ref idref="fl-16"/>
      </object_component>
      <object_component id="oc-5e">
         <name>.debug_abbrev</name>
         <load_address>0xcb0</load_address>
         <run_address>0xcb0</run_address>
         <size>0x118</size>
         <input_file_ref idref="fl-17"/>
      </object_component>
      <object_component id="oc-62">
         <name>.debug_abbrev</name>
         <load_address>0xdc8</load_address>
         <run_address>0xdc8</run_address>
         <size>0x136</size>
         <input_file_ref idref="fl-18"/>
      </object_component>
      <object_component id="oc-68">
         <name>.debug_abbrev</name>
         <load_address>0xefe</load_address>
         <run_address>0xefe</run_address>
         <size>0x1a2</size>
         <input_file_ref idref="fl-19"/>
      </object_component>
      <object_component id="oc-6c">
         <name>.debug_abbrev</name>
         <load_address>0x10a0</load_address>
         <run_address>0x10a0</run_address>
         <size>0x111</size>
         <input_file_ref idref="fl-1a"/>
      </object_component>
      <object_component id="oc-70">
         <name>.debug_abbrev</name>
         <load_address>0x11b1</load_address>
         <run_address>0x11b1</run_address>
         <size>0x11e</size>
         <input_file_ref idref="fl-1b"/>
      </object_component>
      <object_component id="oc-74">
         <name>.debug_abbrev</name>
         <load_address>0x12cf</load_address>
         <run_address>0x12cf</run_address>
         <size>0x38</size>
         <input_file_ref idref="fl-1c"/>
      </object_component>
      <object_component id="oc-7a">
         <name>.debug_abbrev</name>
         <load_address>0x1307</load_address>
         <run_address>0x1307</run_address>
         <size>0x225</size>
         <input_file_ref idref="fl-1d"/>
      </object_component>
      <object_component id="oc-7e">
         <name>.debug_abbrev</name>
         <load_address>0x152c</load_address>
         <run_address>0x152c</run_address>
         <size>0x38</size>
         <input_file_ref idref="fl-1e"/>
      </object_component>
      <object_component id="oc-85">
         <name>.debug_abbrev</name>
         <load_address>0x1564</load_address>
         <run_address>0x1564</run_address>
         <size>0x1de</size>
         <input_file_ref idref="fl-1f"/>
      </object_component>
      <object_component id="oc-89">
         <name>.debug_abbrev</name>
         <load_address>0x1742</load_address>
         <run_address>0x1742</run_address>
         <size>0xdc</size>
         <input_file_ref idref="fl-20"/>
      </object_component>
      <object_component id="oc-8d">
         <name>.debug_abbrev</name>
         <load_address>0x181e</load_address>
         <run_address>0x181e</run_address>
         <size>0x145</size>
         <input_file_ref idref="fl-21"/>
      </object_component>
      <object_component id="oc-91">
         <name>.debug_abbrev</name>
         <load_address>0x1963</load_address>
         <run_address>0x1963</run_address>
         <size>0xbf</size>
         <input_file_ref idref="fl-22"/>
      </object_component>
      <object_component id="oc-95">
         <name>.debug_abbrev</name>
         <load_address>0x1a22</load_address>
         <run_address>0x1a22</run_address>
         <size>0x8f</size>
         <input_file_ref idref="fl-23"/>
      </object_component>
      <object_component id="oc-9a">
         <name>.debug_abbrev</name>
         <load_address>0x1ab1</load_address>
         <run_address>0x1ab1</run_address>
         <size>0x15a</size>
         <input_file_ref idref="fl-24"/>
      </object_component>
      <object_component id="oc-a0">
         <name>.debug_abbrev</name>
         <load_address>0x1c0b</load_address>
         <run_address>0x1c0b</run_address>
         <size>0xde</size>
         <input_file_ref idref="fl-25"/>
      </object_component>
      <object_component id="oc-a4">
         <name>.debug_abbrev</name>
         <load_address>0x1ce9</load_address>
         <run_address>0x1ce9</run_address>
         <size>0x38</size>
         <input_file_ref idref="fl-26"/>
      </object_component>
      <object_component id="oc-a8">
         <name>.debug_abbrev</name>
         <load_address>0x1d21</load_address>
         <run_address>0x1d21</run_address>
         <size>0x26</size>
         <input_file_ref idref="fl-27"/>
      </object_component>
      <object_component id="oc-ac">
         <name>.debug_abbrev</name>
         <load_address>0x1d47</load_address>
         <run_address>0x1d47</run_address>
         <size>0x124</size>
         <input_file_ref idref="fl-28"/>
      </object_component>
      <object_component id="oc-b0">
         <name>.debug_abbrev</name>
         <load_address>0x1e6b</load_address>
         <run_address>0x1e6b</run_address>
         <size>0xd1</size>
         <input_file_ref idref="fl-29"/>
      </object_component>
      <object_component id="oc-b6">
         <name>.debug_abbrev</name>
         <load_address>0x1f3c</load_address>
         <run_address>0x1f3c</run_address>
         <size>0x9f</size>
         <input_file_ref idref="fl-2a"/>
      </object_component>
      <object_component id="oc-bc">
         <name>.debug_abbrev</name>
         <load_address>0x1fdb</load_address>
         <run_address>0x1fdb</run_address>
         <size>0x1f8</size>
         <input_file_ref idref="fl-2b"/>
      </object_component>
      <object_component id="oc-c0">
         <name>.debug_abbrev</name>
         <load_address>0x21d3</load_address>
         <run_address>0x21d3</run_address>
         <size>0xec</size>
         <input_file_ref idref="fl-2c"/>
      </object_component>
      <object_component id="oc-c4">
         <name>.debug_abbrev</name>
         <load_address>0x22bf</load_address>
         <run_address>0x22bf</run_address>
         <size>0xd5</size>
         <input_file_ref idref="fl-2d"/>
      </object_component>
      <object_component id="oc-c8">
         <name>.debug_abbrev</name>
         <load_address>0x2394</load_address>
         <run_address>0x2394</run_address>
         <size>0x44</size>
         <input_file_ref idref="fl-2e"/>
      </object_component>
      <object_component id="oc-cc">
         <name>.debug_abbrev</name>
         <load_address>0x23d8</load_address>
         <run_address>0x23d8</run_address>
         <size>0xb7</size>
         <input_file_ref idref="fl-2f"/>
      </object_component>
      <object_component id="oc-ce">
         <name>.debug_abbrev</name>
         <load_address>0x248f</load_address>
         <run_address>0x248f</run_address>
         <size>0x68</size>
         <input_file_ref idref="fl-30"/>
      </object_component>
      <object_component id="oc-d2">
         <name>.debug_abbrev</name>
         <load_address>0x24f7</load_address>
         <run_address>0x24f7</run_address>
         <size>0x83</size>
         <input_file_ref idref="fl-31"/>
      </object_component>
      <object_component id="oc-d6">
         <name>.debug_abbrev</name>
         <load_address>0x257a</load_address>
         <run_address>0x257a</run_address>
         <size>0x112</size>
         <input_file_ref idref="fl-32"/>
      </object_component>
      <object_component id="oc-da">
         <name>.debug_abbrev</name>
         <load_address>0x268c</load_address>
         <run_address>0x268c</run_address>
         <size>0x8f</size>
         <input_file_ref idref="fl-33"/>
      </object_component>
      <object_component id="oc-de">
         <name>.debug_abbrev</name>
         <load_address>0x271b</load_address>
         <run_address>0x271b</run_address>
         <size>0xb7</size>
         <input_file_ref idref="fl-34"/>
      </object_component>
      <object_component id="oc-e3">
         <name>.debug_abbrev</name>
         <load_address>0x27d2</load_address>
         <run_address>0x27d2</run_address>
         <size>0xc2</size>
         <input_file_ref idref="fl-35"/>
      </object_component>
      <object_component id="oc-e7">
         <name>.debug_abbrev</name>
         <load_address>0x2894</load_address>
         <run_address>0x2894</run_address>
         <size>0x103</size>
         <input_file_ref idref="fl-36"/>
      </object_component>
      <object_component id="oc-ec">
         <name>.debug_abbrev</name>
         <load_address>0x2997</load_address>
         <run_address>0x2997</run_address>
         <size>0x140</size>
         <input_file_ref idref="fl-37"/>
      </object_component>
      <object_component id="oc-f0">
         <name>.debug_abbrev</name>
         <load_address>0x2ad7</load_address>
         <run_address>0x2ad7</run_address>
         <size>0x81</size>
         <input_file_ref idref="fl-38"/>
      </object_component>
      <object_component id="oc-f4">
         <name>.debug_abbrev</name>
         <load_address>0x2b58</load_address>
         <run_address>0x2b58</run_address>
         <size>0x9a</size>
         <input_file_ref idref="fl-39"/>
      </object_component>
      <object_component id="oc-f8">
         <name>.debug_abbrev</name>
         <load_address>0x2bf2</load_address>
         <run_address>0x2bf2</run_address>
         <size>0xd1</size>
         <input_file_ref idref="fl-3a"/>
      </object_component>
      <object_component id="oc-fc">
         <name>.debug_abbrev</name>
         <load_address>0x2cc3</load_address>
         <run_address>0x2cc3</run_address>
         <size>0xd0</size>
         <input_file_ref idref="fl-3b"/>
      </object_component>
      <object_component id="oc-100">
         <name>.debug_abbrev</name>
         <load_address>0x2d93</load_address>
         <run_address>0x2d93</run_address>
         <size>0xb7</size>
         <input_file_ref idref="fl-3c"/>
      </object_component>
      <object_component id="oc-104">
         <name>.debug_abbrev</name>
         <load_address>0x2e4a</load_address>
         <run_address>0x2e4a</run_address>
         <size>0x38</size>
         <input_file_ref idref="fl-3d"/>
      </object_component>
      <object_component id="oc-108">
         <name>.debug_abbrev</name>
         <load_address>0x2e82</load_address>
         <run_address>0x2e82</run_address>
         <size>0xec</size>
         <input_file_ref idref="fl-3e"/>
      </object_component>
      <object_component id="oc-10c">
         <name>.debug_abbrev</name>
         <load_address>0x2f6e</load_address>
         <run_address>0x2f6e</run_address>
         <size>0xb7</size>
         <input_file_ref idref="fl-3f"/>
      </object_component>
      <object_component id="oc-110">
         <name>.debug_abbrev</name>
         <load_address>0x3025</load_address>
         <run_address>0x3025</run_address>
         <size>0x81</size>
         <input_file_ref idref="fl-40"/>
      </object_component>
      <object_component id="oc-114">
         <name>.debug_abbrev</name>
         <load_address>0x30a6</load_address>
         <run_address>0x30a6</run_address>
         <size>0xa6</size>
         <input_file_ref idref="fl-41"/>
      </object_component>
      <object_component id="oc-118">
         <name>.debug_abbrev</name>
         <load_address>0x314c</load_address>
         <run_address>0x314c</run_address>
         <size>0xb5</size>
         <input_file_ref idref="fl-42"/>
      </object_component>
      <object_component id="oc-11c">
         <name>.debug_abbrev</name>
         <load_address>0x3201</load_address>
         <run_address>0x3201</run_address>
         <size>0x10b</size>
         <input_file_ref idref="fl-43"/>
      </object_component>
      <object_component id="oc-120">
         <name>.debug_abbrev</name>
         <load_address>0x330c</load_address>
         <run_address>0x330c</run_address>
         <size>0xa6</size>
         <input_file_ref idref="fl-44"/>
      </object_component>
      <object_component id="oc-149">
         <name>.debug_abbrev</name>
         <load_address>0x33b2</load_address>
         <run_address>0x33b2</run_address>
         <size>0xd</size>
      </object_component>
      <object_component id="oc-16">
         <name>.debug_frame</name>
         <load_address>0x0</load_address>
         <run_address>0x0</run_address>
         <size>0x11e</size>
         <input_file_ref idref="fl-3"/>
      </object_component>
      <object_component id="oc-1e">
         <name>.debug_frame</name>
         <load_address>0x11e</load_address>
         <run_address>0x11e</run_address>
         <size>0x1de</size>
         <input_file_ref idref="fl-4"/>
      </object_component>
      <object_component id="oc-26">
         <name>.debug_frame</name>
         <load_address>0x2fc</load_address>
         <run_address>0x2fc</run_address>
         <size>0x139</size>
         <input_file_ref idref="fl-5"/>
      </object_component>
      <object_component id="oc-2d">
         <name>.debug_frame</name>
         <load_address>0x435</load_address>
         <run_address>0x435</run_address>
         <size>0x135</size>
         <input_file_ref idref="fl-6"/>
      </object_component>
      <object_component id="oc-32">
         <name>.debug_frame</name>
         <load_address>0x56a</load_address>
         <run_address>0x56a</run_address>
         <size>0x102</size>
         <input_file_ref idref="fl-7"/>
      </object_component>
      <object_component id="oc-38">
         <name>.debug_frame</name>
         <load_address>0x66c</load_address>
         <run_address>0x66c</run_address>
         <size>0x175</size>
         <input_file_ref idref="fl-8"/>
      </object_component>
      <object_component id="oc-40">
         <name>.debug_frame</name>
         <load_address>0x7e1</load_address>
         <run_address>0x7e1</run_address>
         <size>0xe2</size>
         <input_file_ref idref="fl-9"/>
      </object_component>
      <object_component id="oc-45">
         <name>.debug_frame</name>
         <load_address>0x8c3</load_address>
         <run_address>0x8c3</run_address>
         <size>0x116</size>
         <input_file_ref idref="fl-12"/>
      </object_component>
      <object_component id="oc-17">
         <name>.debug_line</name>
         <load_address>0x0</load_address>
         <run_address>0x0</run_address>
         <size>0xfb</size>
         <input_file_ref idref="fl-3"/>
      </object_component>
      <object_component id="oc-1f">
         <name>.debug_line</name>
         <load_address>0xfb</load_address>
         <run_address>0xfb</run_address>
         <size>0x170</size>
         <input_file_ref idref="fl-4"/>
      </object_component>
      <object_component id="oc-27">
         <name>.debug_line</name>
         <load_address>0x26b</load_address>
         <run_address>0x26b</run_address>
         <size>0xb8</size>
         <input_file_ref idref="fl-5"/>
      </object_component>
      <object_component id="oc-2e">
         <name>.debug_line</name>
         <load_address>0x323</load_address>
         <run_address>0x323</run_address>
         <size>0x104</size>
         <input_file_ref idref="fl-6"/>
      </object_component>
      <object_component id="oc-33">
         <name>.debug_line</name>
         <load_address>0x427</load_address>
         <run_address>0x427</run_address>
         <size>0xa3</size>
         <input_file_ref idref="fl-7"/>
      </object_component>
      <object_component id="oc-39">
         <name>.debug_line</name>
         <load_address>0x4ca</load_address>
         <run_address>0x4ca</run_address>
         <size>0x162</size>
         <input_file_ref idref="fl-8"/>
      </object_component>
      <object_component id="oc-41">
         <name>.debug_line</name>
         <load_address>0x62c</load_address>
         <run_address>0x62c</run_address>
         <size>0x95</size>
         <input_file_ref idref="fl-9"/>
      </object_component>
      <object_component id="oc-46">
         <name>.debug_line</name>
         <load_address>0x6c1</load_address>
         <run_address>0x6c1</run_address>
         <size>0x59c</size>
         <input_file_ref idref="fl-12"/>
      </object_component>
      <object_component id="oc-4a">
         <name>.debug_line</name>
         <load_address>0xc5d</load_address>
         <run_address>0xc5d</run_address>
         <size>0x5c</size>
         <input_file_ref idref="fl-13"/>
      </object_component>
      <object_component id="oc-4e">
         <name>.debug_line</name>
         <load_address>0xcb9</load_address>
         <run_address>0xcb9</run_address>
         <size>0x54</size>
         <input_file_ref idref="fl-14"/>
      </object_component>
      <object_component id="oc-52">
         <name>.debug_line</name>
         <load_address>0xd0d</load_address>
         <run_address>0xd0d</run_address>
         <size>0x44</size>
         <input_file_ref idref="fl-15"/>
      </object_component>
      <object_component id="oc-59">
         <name>.debug_line</name>
         <load_address>0xd51</load_address>
         <run_address>0xd51</run_address>
         <size>0x51</size>
         <input_file_ref idref="fl-16"/>
      </object_component>
      <object_component id="oc-5d">
         <name>.debug_line</name>
         <load_address>0xda2</load_address>
         <run_address>0xda2</run_address>
         <size>0x3d</size>
         <input_file_ref idref="fl-17"/>
      </object_component>
      <object_component id="oc-61">
         <name>.debug_line</name>
         <load_address>0xddf</load_address>
         <run_address>0xddf</run_address>
         <size>0x5b</size>
         <input_file_ref idref="fl-18"/>
      </object_component>
      <object_component id="oc-67">
         <name>.debug_line</name>
         <load_address>0xe3a</load_address>
         <run_address>0xe3a</run_address>
         <size>0xd7</size>
         <input_file_ref idref="fl-19"/>
      </object_component>
      <object_component id="oc-6b">
         <name>.debug_line</name>
         <load_address>0xf11</load_address>
         <run_address>0xf11</run_address>
         <size>0x4d</size>
         <input_file_ref idref="fl-1a"/>
      </object_component>
      <object_component id="oc-6f">
         <name>.debug_line</name>
         <load_address>0xf5e</load_address>
         <run_address>0xf5e</run_address>
         <size>0x97</size>
         <input_file_ref idref="fl-1b"/>
      </object_component>
      <object_component id="oc-73">
         <name>.debug_line</name>
         <load_address>0xff5</load_address>
         <run_address>0xff5</run_address>
         <size>0x5c</size>
         <input_file_ref idref="fl-1c"/>
      </object_component>
      <object_component id="oc-79">
         <name>.debug_line</name>
         <load_address>0x1051</load_address>
         <run_address>0x1051</run_address>
         <size>0x1b0</size>
         <input_file_ref idref="fl-1d"/>
      </object_component>
      <object_component id="oc-7d">
         <name>.debug_line</name>
         <load_address>0x1201</load_address>
         <run_address>0x1201</run_address>
         <size>0x4d</size>
         <input_file_ref idref="fl-1e"/>
      </object_component>
      <object_component id="oc-84">
         <name>.debug_line</name>
         <load_address>0x124e</load_address>
         <run_address>0x124e</run_address>
         <size>0x112</size>
         <input_file_ref idref="fl-1f"/>
      </object_component>
      <object_component id="oc-88">
         <name>.debug_line</name>
         <load_address>0x1360</load_address>
         <run_address>0x1360</run_address>
         <size>0x3c</size>
         <input_file_ref idref="fl-20"/>
      </object_component>
      <object_component id="oc-8c">
         <name>.debug_line</name>
         <load_address>0x139c</load_address>
         <run_address>0x139c</run_address>
         <size>0x69</size>
         <input_file_ref idref="fl-21"/>
      </object_component>
      <object_component id="oc-90">
         <name>.debug_line</name>
         <load_address>0x1405</load_address>
         <run_address>0x1405</run_address>
         <size>0x39</size>
         <input_file_ref idref="fl-22"/>
      </object_component>
      <object_component id="oc-94">
         <name>.debug_line</name>
         <load_address>0x143e</load_address>
         <run_address>0x143e</run_address>
         <size>0x37</size>
         <input_file_ref idref="fl-23"/>
      </object_component>
      <object_component id="oc-99">
         <name>.debug_line</name>
         <load_address>0x1475</load_address>
         <run_address>0x1475</run_address>
         <size>0x15d</size>
         <input_file_ref idref="fl-24"/>
      </object_component>
      <object_component id="oc-9f">
         <name>.debug_line</name>
         <load_address>0x15d2</load_address>
         <run_address>0x15d2</run_address>
         <size>0x6a</size>
         <input_file_ref idref="fl-25"/>
      </object_component>
      <object_component id="oc-a3">
         <name>.debug_line</name>
         <load_address>0x163c</load_address>
         <run_address>0x163c</run_address>
         <size>0x58</size>
         <input_file_ref idref="fl-26"/>
      </object_component>
      <object_component id="oc-a7">
         <name>.debug_line</name>
         <load_address>0x1694</load_address>
         <run_address>0x1694</run_address>
         <size>0x37</size>
         <input_file_ref idref="fl-27"/>
      </object_component>
      <object_component id="oc-ab">
         <name>.debug_line</name>
         <load_address>0x16cb</load_address>
         <run_address>0x16cb</run_address>
         <size>0x4c</size>
         <input_file_ref idref="fl-28"/>
      </object_component>
      <object_component id="oc-af">
         <name>.debug_line</name>
         <load_address>0x1717</load_address>
         <run_address>0x1717</run_address>
         <size>0x57</size>
         <input_file_ref idref="fl-29"/>
      </object_component>
      <object_component id="oc-b5">
         <name>.debug_line</name>
         <load_address>0x176e</load_address>
         <run_address>0x176e</run_address>
         <size>0x57</size>
         <input_file_ref idref="fl-2a"/>
      </object_component>
      <object_component id="oc-bb">
         <name>.debug_line</name>
         <load_address>0x17c5</load_address>
         <run_address>0x17c5</run_address>
         <size>0x328</size>
         <input_file_ref idref="fl-2b"/>
      </object_component>
      <object_component id="oc-bf">
         <name>.debug_line</name>
         <load_address>0x1aed</load_address>
         <run_address>0x1aed</run_address>
         <size>0x41</size>
         <input_file_ref idref="fl-2c"/>
      </object_component>
      <object_component id="oc-c3">
         <name>.debug_line</name>
         <load_address>0x1b2e</load_address>
         <run_address>0x1b2e</run_address>
         <size>0x46</size>
         <input_file_ref idref="fl-2d"/>
      </object_component>
      <object_component id="oc-c7">
         <name>.debug_line</name>
         <load_address>0x1b74</load_address>
         <run_address>0x1b74</run_address>
         <size>0x55</size>
         <input_file_ref idref="fl-2e"/>
      </object_component>
      <object_component id="oc-cb">
         <name>.debug_line</name>
         <load_address>0x1bc9</load_address>
         <run_address>0x1bc9</run_address>
         <size>0xad</size>
         <input_file_ref idref="fl-2f"/>
      </object_component>
      <object_component id="oc-d5">
         <name>.debug_line</name>
         <load_address>0x1c76</load_address>
         <run_address>0x1c76</run_address>
         <size>0x5b</size>
         <input_file_ref idref="fl-32"/>
      </object_component>
      <object_component id="oc-d9">
         <name>.debug_line</name>
         <load_address>0x1cd1</load_address>
         <run_address>0x1cd1</run_address>
         <size>0x3d</size>
         <input_file_ref idref="fl-33"/>
      </object_component>
      <object_component id="oc-dd">
         <name>.debug_line</name>
         <load_address>0x1d0e</load_address>
         <run_address>0x1d0e</run_address>
         <size>0x3d</size>
         <input_file_ref idref="fl-34"/>
      </object_component>
      <object_component id="oc-e2">
         <name>.debug_line</name>
         <load_address>0x1d4b</load_address>
         <run_address>0x1d4b</run_address>
         <size>0x44</size>
         <input_file_ref idref="fl-35"/>
      </object_component>
      <object_component id="oc-e6">
         <name>.debug_line</name>
         <load_address>0x1d8f</load_address>
         <run_address>0x1d8f</run_address>
         <size>0x56</size>
         <input_file_ref idref="fl-36"/>
      </object_component>
      <object_component id="oc-eb">
         <name>.debug_line</name>
         <load_address>0x1de5</load_address>
         <run_address>0x1de5</run_address>
         <size>0xa8</size>
         <input_file_ref idref="fl-37"/>
      </object_component>
      <object_component id="oc-ef">
         <name>.debug_line</name>
         <load_address>0x1e8d</load_address>
         <run_address>0x1e8d</run_address>
         <size>0x3a</size>
         <input_file_ref idref="fl-38"/>
[...]
         <object_component_ref idref="oc-35"/>
      </symbol>
      <symbol id="sm-131">
         <name>_Nth_order_IIR</name>
         <value>0x22b6e</value>
         <object_component_ref idref="oc-35"/>
      </symbol>
      <symbol id="sm-132">
         <name>_fourth_order_IIR</name>
         <value>0x229d0</value>
         <object_component_ref idref="oc-35"/>
      </symbol>
      <symbol id="sm-15d">
         <name>_main</name>
         <value>0x23e29</value>
         <object_component_ref idref="oc-3b"/>
      </symbol>
      <symbol id="sm-15e">
         <name>_lowpass_5kHz_8th_order</name>
         <value>0x58c0</value>
         <object_component_ref idref="oc-3c"/>
      </symbol>
      <symbol id="sm-15f">
         <name>_state</name>
         <value>0x58d2</value>
         <object_component_ref idref="oc-3c"/>
      </symbol>
      <symbol id="sm-160">
         <name>_history</name>
         <value>0x5d9a</value>
         <object_component_ref idref="oc-3c"/>
      </symbol>
      <symbol id="sm-161">
         <name>_OutputBufferL</name>
         <value>0x5b58</value>
         <object_component_ref idref="oc-3c"/>
      </symbol>
      <symbol id="sm-162">
         <name>_OutputBufferR</name>
         <value>0x5c58</value>
         <object_component_ref idref="oc-3c"/>
      </symbol>
      <symbol id="sm-163">
         <name>_InputBufferL</name>
         <value>0x5958</value>
         <object_component_ref idref="oc-3c"/>
      </symbol>
      <symbol id="sm-164">
         <name>_InputBufferR</name>
         <value>0x5a58</value>
         <object_component_ref idref="oc-3c"/>
      </symbol>
      <symbol id="sm-165">
         <name>_adaptive_coeff</name>
         <value>0x5d58</value>
         <object_component_ref idref="oc-3c"/>
      </symbol>
      <symbol id="sm-173">
         <name>_EZDSP5535_waitusec</name>
         <value>0x24f15</value>
         <object_component_ref idref="oc-43"/>
      </symbol>
      <symbol id="sm-174">
         <name>_EZDSP5535_init</name>
         <value>0x24f27</value>
         <object_component_ref idref="oc-43"/>
      </symbol>
      <symbol id="sm-175">
         <name>_EZDSP5535_wait</name>
         <value>0x24ee1</value>
         <object_component_ref idref="oc-43"/>
      </symbol>
      <symbol id="sm-17f">
         <name>__addd</name>
         <value>0x2343c</value>
         <object_component_ref idref="oc-48"/>
      </symbol>
      <symbol id="sm-18b">
         <name>__sysstack</name>
         <value>0x20c0</value>
         <object_component_ref idref="oc-121"/>
      </symbol>
      <symbol id="sm-18c">
         <name>_c_int00</name>
         <value>0x25169</value>
         <object_component_ref idref="oc-10"/>
      </symbol>
      <symbol id="sm-18d">
         <name>__stack</name>
         <value>0xc0</value>
         <object_component_ref idref="oc-4c"/>
      </symbol>
      <symbol id="sm-198">
         <name>__divul</name>
         <value>0x249e3</value>
         <object_component_ref idref="oc-50"/>
      </symbol>
      <symbol id="sm-1a8">
         <name>C$$EXIT</name>
         <value>0x25282</value>
         <object_component_ref idref="oc-58"/>
      </symbol>
      <symbol id="sm-1a9">
         <name>_exit</name>
         <value>0x250ef</value>
         <object_component_ref idref="oc-54"/>
      </symbol>
      <symbol id="sm-1aa">
         <name>_abort</name>
         <value>0x25281</value>
         <object_component_ref idref="oc-58"/>
      </symbol>
      <symbol id="sm-1ab">
         <name>__cleanup_ptr</name>
         <value>0x62bc</value>
         <object_component_ref idref="oc-55"/>
      </symbol>
      <symbol id="sm-1ac">
         <name>__dtors_ptr</name>
         <value>0x62c0</value>
         <object_component_ref idref="oc-55"/>
      </symbol>
      <symbol id="sm-1b6">
         <name>_fclose</name>
         <value>0x24b01</value>
         <object_component_ref idref="oc-5b"/>
      </symbol>
      <symbol id="sm-1c0">
         <name>__doflush</name>
         <value>0x24713</value>
         <object_component_ref idref="oc-5f"/>
      </symbol>
      <symbol id="sm-1c1">
         <name>_fflush</name>
         <value>0x2477c</value>
         <object_component_ref idref="oc-5f"/>
      </symbol>
      <symbol id="sm-1d0">
         <name>__cleanup</name>
         <value>0x23080</value>
         <object_component_ref idref="oc-63"/>
      </symbol>
      <symbol id="sm-1d1">
         <name>_fopen</name>
         <value>0x231a3</value>
         <object_component_ref idref="oc-63"/>
      </symbol>
      <symbol id="sm-1d2">
         <name>_freopen</name>
         <value>0x230da</value>
         <object_component_ref idref="oc-63"/>
      </symbol>
      <symbol id="sm-1dc">
         <name>_fread</name>
         <value>0x2424b</value>
         <object_component_ref idref="oc-69"/>
      </symbol>
      <symbol id="sm-1e8">
         <name>_fwrite</name>
         <value>0x2389d</value>
         <object_component_ref idref="oc-6d"/>
      </symbol>
      <symbol id="sm-1f0">
         <name>__remi</name>
         <value>0x2514c</value>
         <object_component_ref idref="oc-71"/>
      </symbol>
      <symbol id="sm-1f1">
         <name>__divi</name>
         <value>0x2512d</value>
         <object_component_ref idref="oc-71"/>
      </symbol>
      <symbol id="sm-1f2">
         <name>I$$MOD</name>
         <value>0x2514c</value>
         <object_component_ref idref="oc-71"/>
      </symbol>
      <symbol id="sm-1f3">
         <name>I$$DIV</name>
         <value>0x2512d</value>
         <object_component_ref idref="oc-71"/>
      </symbol>
      <symbol id="sm-205">
         <name>_add_device</name>
         <value>0x219f7</value>
         <object_component_ref idref="oc-75"/>
      </symbol>
      <symbol id="sm-206">
         <name>_rename</name>
         <value>0x21719</value>
         <object_component_ref idref="oc-75"/>
      </symbol>
      <symbol id="sm-207">
         <name>_read</name>
         <value>0x217a8</value>
         <object_component_ref idref="oc-75"/>
      </symbol>
      <symbol id="sm-208">
         <name>_unlink</name>
         <value>0x216e6</value>
         <object_component_ref idref="oc-75"/>
      </symbol>
      <symbol id="sm-209">
         <name>_remove_device</name>
         <value>0x21772</value>
         <object_component_ref idref="oc-75"/>
      </symbol>
      <symbol id="sm-20a">
         <name>_open</name>
         <value>0x21856</value>
         <object_component_ref idref="oc-75"/>
      </symbol>
      <symbol id="sm-20b">
         <name>_find_registered_device</name>
         <value>0x2197b</value>
         <object_component_ref idref="oc-75"/>
      </symbol>
      <symbol id="sm-20c">
         <name>_lseek</name>
         <value>0x21915</value>
         <object_component_ref idref="oc-75"/>
      </symbol>
      <symbol id="sm-20d">
         <name>_close</name>
         <value>0x21984</value>
         <object_component_ref idref="oc-75"/>
      </symbol>
      <symbol id="sm-20e">
         <name>_write</name>
         <value>0x215a4</value>
         <object_component_ref idref="oc-75"/>
      </symbol>
      <symbol id="sm-216">
         <name>_memcpy</name>
         <value>0x250b0</value>
         <object_component_ref idref="oc-7b"/>
      </symbol>
      <symbol id="sm-226">
         <name>__sys_memory</name>
         <value>0x30c0</value>
         <object_component_ref idref="oc-83"/>
      </symbol>
      <symbol id="sm-227">
         <name>_chkheap</name>
         <value>0x22496</value>
         <object_component_ref idref="oc-7f"/>
      </symbol>
      <symbol id="sm-228">
         <name>_realloc</name>
         <value>0x22235</value>
         <object_component_ref idref="oc-7f"/>
      </symbol>
      <symbol id="sm-229">
         <name>_free_memory</name>
         <value>0x22440</value>
         <object_component_ref idref="oc-7f"/>
      </symbol>
      <symbol id="sm-22a">
         <name>_max_free</name>
         <value>0x223e6</value>
         <object_component_ref idref="oc-7f"/>
      </symbol>
      <symbol id="sm-22b">
         <name>_free</name>
         <value>0x2200f</value>
         <object_component_ref idref="oc-7f"/>
      </symbol>
      <symbol id="sm-22c">
         <name>_calloc</name>
         <value>0x2249e</value>
         <object_component_ref idref="oc-7f"/>
      </symbol>
      <symbol id="sm-22d">
         <name>_malloc</name>
         <value>0x22140</value>
         <object_component_ref idref="oc-7f"/>
      </symbol>
      <symbol id="sm-22e">
         <name>_minit</name>
         <value>0x220db</value>
         <object_component_ref idref="oc-7f"/>
      </symbol>
      <symbol id="sm-238">
         <name>__mpyd</name>
         <value>0x240ff</value>
         <object_component_ref idref="oc-86"/>
      </symbol>
      <symbol id="sm-242">
         <name>_printf</name>
         <value>0x24f35</value>
         <object_component_ref idref="oc-8a"/>
      </symbol>
      <symbol id="sm-24c">
         <name>_remove</name>
         <value>0x25277</value>
         <object_component_ref idref="oc-8e"/>
      </symbol>
      <symbol id="sm-256">
         <name>__subd</name>
         <value>0x2522e</value>
         <object_component_ref idref="oc-92"/>
      </symbol>
      <symbol id="sm-262">
         <name>_HOSTopen</name>
         <value>0x21df2</value>
         <object_component_ref idref="oc-96"/>
      </symbol>
      <symbol id="sm-263">
         <name>_HOSTread</name>
         <value>0x21d65</value>
         <object_component_ref idref="oc-96"/>
      </symbol>
      <symbol id="sm-264">
         <name>_HOSTtime</name>
         <value>0x21c59</value>
         <object_component_ref idref="oc-96"/>
      </symbol>
      <symbol id="sm-265">
         <name>_getenv</name>
         <value>0x21ae7</value>
         <object_component_ref idref="oc-96"/>
      </symbol>
      <symbol id="sm-266">
         <name>_HOSTrename</name>
         <value>0x21cb7</value>
         <object_component_ref idref="oc-96"/>
      </symbol>
      <symbol id="sm-267">
         <name>_HOSTclock</name>
         <value>0x21fb1</value>
         <object_component_ref idref="oc-96"/>
      </symbol>
      <symbol id="sm-268">
         <name>_HOSTwrite</name>
         <value>0x21b62</value>
         <object_component_ref idref="oc-96"/>
      </symbol>
      <symbol id="sm-269">
         <name>_HOSTlseek</name>
         <value>0x21e91</value>
         <object_component_ref idref="oc-96"/>
      </symbol>
      <symbol id="sm-26a">
         <name>_HOSTunlink</name>
         <value>0x21bef</value>
         <object_component_ref idref="oc-96"/>
      </symbol>
      <symbol id="sm-26b">
         <name>_HOSTclose</name>
         <value>0x21f46</value>
         <object_component_ref idref="oc-96"/>
      </symbol>
      <symbol id="sm-27d">
         <name>C$$IO$$</name>
         <value>0x2488a</value>
         <object_component_ref idref="oc-9e"/>
      </symbol>
      <symbol id="sm-27e">
         <name>__CIOBUF_</name>
         <value>0x40000</value>
         <object_component_ref idref="oc-9d"/>
      </symbol>
      <symbol id="sm-27f">
         <name>_readmsg</name>
         <value>0x24d46</value>
         <object_component_ref idref="oc-9b"/>
      </symbol>
      <symbol id="sm-280">
         <name>_writemsg</name>
         <value>0x247d5</value>
         <object_component_ref idref="oc-9e"/>
      </symbol>
      <symbol id="sm-288">
         <name>__remu</name>
         <value>0x251dc</value>
         <object_component_ref idref="oc-a1"/>
      </symbol>
      <symbol id="sm-289">
         <name>__divu</name>
         <value>0x251c7</value>
         <object_component_ref idref="oc-a1"/>
      </symbol>
      <symbol id="sm-28a">
         <name>I$$UMOD</name>
         <value>0x251dc</value>
         <object_component_ref idref="oc-a1"/>
      </symbol>
      <symbol id="sm-28b">
         <name>I$$UDIV</name>
         <value>0x251c7</value>
         <object_component_ref idref="oc-a1"/>
      </symbol>
      <symbol id="sm-295">
         <name>_Reset</name>
         <value>0x4fe00</value>
         <object_component_ref idref="oc-11"/>
      </symbol>
      <symbol id="sm-29f">
         <name>__buff_read</name>
         <value>0x2488f</value>
         <object_component_ref idref="oc-a9"/>
      </symbol>
      <symbol id="sm-2a9">
         <name>__rd_ok</name>
         <value>0x246b6</value>
         <object_component_ref idref="oc-ad"/>
      </symbol>
      <symbol id="sm-2aa">
         <name>__wrt_ok</name>
         <value>0x24636</value>
         <object_component_ref idref="oc-ad"/>
      </symbol>
      <symbol id="sm-2b8">
         <name>__unlock</name>
         <value>0x62b8</value>
         <object_component_ref idref="oc-b2"/>
      </symbol>
      <symbol id="sm-2b9">
         <name>__lock</name>
         <value>0x62b4</value>
         <object_component_ref idref="oc-b2"/>
      </symbol>
      <symbol id="sm-2ba">
         <name>__register_lock</name>
         <value>0x2525d</value>
         <object_component_ref idref="oc-b1"/>
      </symbol>
      <symbol id="sm-2bb">
         <name>__nop</name>
         <value>0x25265</value>
         <object_component_ref idref="oc-b1"/>
      </symbol>
      <symbol id="sm-2bc">
         <name>__register_unlock</name>
         <value>0x25255</value>
         <object_component_ref idref="oc-b1"/>
      </symbol>
      <symbol id="sm-2ce">
         <name>__printfi</name>
         <value>0x21362</value>
         <object_component_ref idref="oc-b7"/>
      </symbol>
      <symbol id="sm-2d8">
         <name>__args_main</name>
         <value>0x24fd2</value>
         <object_component_ref idref="oc-bd"/>
      </symbol>
      <symbol id="sm-2d9">
         <name>__TI_args_main</name>
         <value>0x1</value>
      </symbol>
      <symbol id="sm-2e3">
         <name>_atoi</name>
         <value>0x24e85</value>
         <object_component_ref idref="oc-c1"/>
      </symbol>
      <symbol id="sm-2eb">
         <name>_auto_init</name>
         <value>0x24f85</value>
         <object_component_ref idref="oc-c5"/>
      </symbol>
      <symbol id="sm-2f5">
         <name>__eqld</name>
         <value>0x23be9</value>
         <object_component_ref idref="oc-c9"/>
      </symbol>
      <symbol id="sm-2f6">
         <name>__cmpd</name>
         <value>0x23c1d</value>
         <object_component_ref idref="oc-c9"/>
      </symbol>
      <symbol id="sm-2f7">
         <name>__neqd</name>
         <value>0x23a8b</value>
         <object_component_ref idref="oc-c9"/>
      </symbol>
      <symbol id="sm-2f8">
         <name>__gtrd</name>
         <value>0x23b54</value>
         <object_component_ref idref="oc-c9"/>
      </symbol>
      <symbol id="sm-2f9">
         <name>__geqd</name>
         <value>0x23b9f</value>
         <object_component_ref idref="oc-c9"/>
      </symbol>
      <symbol id="sm-2fa">
         <name>__leqd</name>
         <value>0x23b07</value>
         <object_component_ref idref="oc-c9"/>
      </symbol>
      <symbol id="sm-2fb">
         <name>__lssd</name>
         <value>0x23abf</value>
         <object_component_ref idref="oc-c9"/>
      </symbol>
      <symbol id="sm-303">
         <name>__ctypes_</name>
         <value>0x62c4</value>
         <object_component_ref idref="oc-122"/>
      </symbol>
      <symbol id="sm-30d">
         <name>__tmpnams</name>
         <value>0x5ecc</value>
         <object_component_ref idref="oc-cf"/>
      </symbol>
      <symbol id="sm-30e">
         <name>__ft_end</name>
         <value>0x600c</value>
         <object_component_ref idref="oc-cf"/>
      </symbol>
      <symbol id="sm-30f">
         <name>__ftable</name>
         <value>0x5ddc</value>
         <object_component_ref idref="oc-cf"/>
      </symbol>
      <symbol id="sm-31b">
         <name>__divd</name>
         <value>0x224c4</value>
         <object_component_ref idref="oc-d3"/>
      </symbol>
      <symbol id="sm-325">
         <name>__fixdi</name>
         <value>0x2519d</value>
         <object_component_ref idref="oc-d7"/>
      </symbol>
      <symbol id="sm-32f">
         <name>__fixdli</name>
         <value>0x24cd7</value>
         <object_component_ref idref="oc-db"/>
      </symbol>
      <symbol id="sm-33b">
         <name>__fltlid</name>
         <value>0x24e1e</value>
         <object_component_ref idref="oc-df"/>
      </symbol>
      <symbol id="sm-345">
         <name>_putchar</name>
         <value>0x249d4</value>
         <object_component_ref idref="oc-e4"/>
      </symbol>
      <symbol id="sm-346">
         <name>_putc</name>
         <value>0x2493d</value>
         <object_component_ref idref="oc-e4"/>
      </symbol>
      <symbol id="sm-347">
         <name>_fputc</name>
         <value>0x2493d</value>
         <object_component_ref idref="oc-e4"/>
      </symbol>
      <symbol id="sm-355">
         <name>_puts</name>
         <value>0x240d1</value>
         <object_component_ref idref="oc-e8"/>
      </symbol>
      <symbol id="sm-356">
         <name>_fputs</name>
         <value>0x23f9c</value>
         <object_component_ref idref="oc-e8"/>
      </symbol>
      <symbol id="sm-360">
         <name>__frcmpyd</name>
         <value>0x24b7c</value>
         <object_component_ref idref="oc-ed"/>
      </symbol>
      <symbol id="sm-36a">
         <name>__frcmpyd_div</name>
         <value>0x24bf2</value>
         <object_component_ref idref="oc-f1"/>
      </symbol>
      <symbol id="sm-374">
         <name>_fseek</name>
         <value>0x24db3</value>
         <object_component_ref idref="oc-f5"/>
      </symbol>
      <symbol id="sm-37e">
         <name>___isinf</name>
         <value>0x25214</value>
         <object_component_ref idref="oc-f9"/>
      </symbol>
      <symbol id="sm-388">
         <name>__divull</name>
         <value>0x23313</value>
         <object_component_ref idref="oc-fd"/>
      </symbol>
      <symbol id="sm-389">
         <name>__mpylli</name>
         <value>0x2325b</value>
         <object_component_ref idref="oc-fd"/>
      </symbol>
      <symbol id="sm-38a">
         <name>__remlli</name>
         <value>0x2322c</value>
         <object_component_ref idref="oc-fd"/>
      </symbol>
      <symbol id="sm-38b">
         <name>__divlli</name>
         <value>0x23407</value>
         <object_component_ref idref="oc-fd"/>
      </symbol>
      <symbol id="sm-38c">
         <name>__remull</name>
         <value>0x231de</value>
         <object_component_ref idref="oc-fd"/>
      </symbol>
      <symbol id="sm-394">
         <name>__mpyli</name>
         <value>0x25242</value>
         <object_component_ref idref="oc-101"/>
      </symbol>
      <symbol id="sm-395">
         <name>I$$LMPY</name>
         <value>0x25242</value>
         <object_component_ref idref="oc-101"/>
      </symbol>
      <symbol id="sm-39f">
         <name>_ltoa</name>
         <value>0x24a84</value>
         <object_component_ref idref="oc-105"/>
      </symbol>
      <symbol id="sm-3aa">
         <name>_memccpy</name>
         <value>0x251f1</value>
         <object_component_ref idref="oc-109"/>
      </symbol>
      <symbol id="sm-3b4">
         <name>__negd</name>
         <value>0x25267</value>
         <object_component_ref idref="oc-10d"/>
      </symbol>
      <symbol id="sm-3be">
         <name>__remli</name>
         <value>0x2501d</value>
         <object_component_ref idref="oc-111"/>
      </symbol>
      <symbol id="sm-3c9">
         <name>__remul</name>
         <value>0x24c65</value>
         <object_component_ref idref="oc-115"/>
      </symbol>
      <symbol id="sm-3d3">
         <name>_setvbuf</name>
         <value>0x24550</value>
         <object_component_ref idref="oc-119"/>
      </symbol>
      <symbol id="sm-3dd">
         <name>__divli</name>
         <value>0x25068</value>
         <object_component_ref idref="oc-11d"/>
      </symbol>
   </symbol_table>
</link_info>
